[2024-01-28 04:13:17] SERVER > Initializing, Please Wait...
[2024-01-28 04:13:17] SERVER > Server Initialized...
[2024-01-28 04:13:17] SERVER > Server Address : ws://0.0.0.0:10000
[2024-01-28 04:13:17] SERVER > Accepting new Client...
string(10) "VidId:N006"
[Scoreboard]:Array
(
    [0] => Array
        (
            [round_res] => B
            [is_tie] => 0
            [symbol] => B1
        )

    [1] => Array
        (
            [round_res] => B
            [is_tie] => 0
            [symbol] => B1
        )

    [2] => Array
        (
            [round_res] => P
            [is_tie] => 0
            [symbol] => P1
        )

    [3] => Array
        (
            [round_res] => P
            [is_tie] => 0
            [symbol] => P1
        )

    [4] => Array
        (
            [round_res] => B
            [is_tie] => 0
            [symbol] => B2
        )

    [5] => Array
        (
            [round_res] => P
            [is_tie] => 0
            [symbol] => P1
        )

    [6] => Array
        (
            [round_res] => B
            [is_tie] => 0
            [symbol] => B1
        )

)
string(10) "VidId:N007"
[Scoreboard]:Array
(
    [0] => Array
        (
            [round_res] => B
            [is_tie] => 0
            [symbol] => B1
        )

    [1] => Array
        (
            [round_res] => B
            [is_tie] => 0
            [symbol] => B1
        )

    [2] => Array
        (
            [round_res] => P
            [is_tie] => 0
            [symbol] => P1
        )

    [3] => Array
        (
            [round_res] => P
            [is_tie] => 1
            [symbol] => T1
        )

    [4] => Array
        (
            [round_res] => B
            [is_tie] => 0
            [symbol] => B2
        )

    [5] => Array
        (
            [round_res] => B
            [is_tie] => 0
            [symbol] => B1
        )

)
string(10) "VidId:N008"
[Scoreboard]:Array
(
    [0] => Array
        (
            [round_res] => P
            [is_tie] => 0
            [symbol] => P1
        )

    [1] => Array
        (
            [round_res] => B
            [is_tie] => 0
            [symbol] => B2
        )

    [2] => Array
        (
            [round_res] => B
            [is_tie] => 0
            [symbol] => B2
        )

    [3] => Array
        (
            [round_res] => P
            [is_tie] => 0
            [symbol] => P1
        )

    [4] => Array
        (
            [round_res] => B
            [is_tie] => 0
            [symbol] => B2
        )

    [5] => Array
        (
            [round_res] => P
            [is_tie] => 0
            [symbol] => P1
        )

)
string(10) "VidId:N009"
[Scoreboard]:Array
(
    [0] => Array
        (
            [round_res] => P
            [is_tie] => 0
            [symbol] => P1
        )

    [1] => Array
        (
            [round_res] => B
            [is_tie] => 0
            [symbol] => B1
        )

    [2] => Array
        (
            [round_res] => P
            [is_tie] => 0
            [symbol] => P1
        )

    [3] => Array
        (
            [round_res] => P
            [is_tie] => 0
            [symbol] => P1
        )

    [4] => Array
        (
            [round_res] => P
            [is_tie] => 0
            [symbol] => P2
        )

    [5] => Array
        (
            [round_res] => P
            [is_tie] => 0
            [symbol] => P1
        )

    [6] => Array
        (
            [round_res] => P
            [is_tie] => 0
            [symbol] => P1
        )

    [7] => Array
        (
            [round_res] => B
            [is_tie] => 0
            [symbol] => B2
        )

    [8] => Array
        (
            [round_res] => P
            [is_tie] => 0
            [symbol] => P1
        )

    [9] => Array
        (
            [round_res] => P
            [is_tie] => 0
            [symbol] => P2
        )

)
string(10) "VidId:T032"
[Scoreboard]:Array
(
    [0] => Array
        (
            [round_res] => B
            [is_tie] => 0
            [symbol] => B1
        )

    [1] => Array
        (
            [round_res] => B
            [is_tie] => 0
            [symbol] => B1
        )

    [2] => Array
        (
            [round_res] => B
            [is_tie] => 0
            [symbol] => B1
        )

    [3] => Array
        (
            [round_res] => B
            [is_tie] => 1
            [symbol] => T1
        )

    [4] => Array
        (
            [round_res] => B
            [is_tie] => 0
            [symbol] => B1
        )

    [5] => Array
        (
            [round_res] => B
            [is_tie] => 0
            [symbol] => B1
        )

    [6] => Array
        (
            [round_res] => P
            [is_tie] => 0
            [symbol] => P1
        )

    [7] => Array
        (
            [round_res] => P
            [is_tie] => 1
            [symbol] => T1
        )

    [8] => Array
        (
            [round_res] => B
            [is_tie] => 0
            [symbol] => B1
        )

    [9] => Array
        (
            [round_res] => P
            [is_tie] => 0
            [symbol] => P1
        )

    [10] => Array
        (
            [round_res] => B
            [is_tie] => 0
            [symbol] => B1
        )

    [11] => Array
        (
            [round_res] => B
            [is_tie] => 0
            [symbol] => B1
        )

    [12] => Array
        (
            [round_res] => B
            [is_tie] => 0
            [symbol] => B2
        )

    [13] => Array
        (
            [round_res] => B
            [is_tie] => 0
            [symbol] => B2
        )

    [14] => Array
        (
            [round_res] => P
            [is_tie] => 0
            [symbol] => P2
        )

    [15] => Array
        (
            [round_res] => B
            [is_tie] => 0
            [symbol] => B2
        )

    [16] => Array
        (
            [round_res] => B
            [is_tie] => 1
            [symbol] => T1
        )

    [17] => Array
        (
            [round_res] => B
            [is_tie] => 0
            [symbol] => B1
        )

    [18] => Array
        (
            [round_res] => P
            [is_tie] => 0
            [symbol] => P2
        )

    [19] => Array
        (
            [round_res] => B
            [is_tie] => 0
            [symbol] => B1
        )

)
string(10) "VidId:B004"
[Scoreboard]:Array
(
    [0] => Array
        (
            [round_res] => P
            [is_tie] => 0
            [symbol] => P1
        )

    [1] => Array
        (
            [round_res] => P
            [is_tie] => 0
            [symbol] => P1
        )

    [2] => Array
        (
            [round_res] => B
            [is_tie] => 0
            [symbol] => B1
        )

    [3] => Array
        (
            [round_res] => B
            [is_tie] => 1
            [symbol] => T1
        )

    [4] => Array
        (
            [round_res] => B
            [is_tie] => 0
            [symbol] => B1
        )

    [5] => Array
        (
            [round_res] => B
            [is_tie] => 0
            [symbol] => B1
        )

    [6] => Array
        (
            [round_res] => P
            [is_tie] => 0
            [symbol] => P1
        )

    [7] => Array
        (
            [round_res] => P
            [is_tie] => 0
            [symbol] => P1
        )

)
string(10) "VidId:B005"
string(10) "VidId:B002"
[Scoreboard]:Array
(
)
string(10) "VidId:B003"
[Scoreboard]:Array
(
    [0] => Array
        (
            [round_res] => P
            [is_tie] => 0
            [symbol] => P1
        )

    [1] => Array
        (
            [round_res] => B
            [is_tie] => 0
            [symbol] => B1
        )

    [2] => Array
        (
            [round_res] => B
            [is_tie] => 0
            [symbol] => B1
        )

    [3] => Array
        (
            [round_res] => P
            [is_tie] => 0
            [symbol] => P1
        )

    [4] => Array
        (
            [round_res] => B
            [is_tie] => 0
            [symbol] => B1
        )

    [5] => Array
        (
            [round_res] => B
            [is_tie] => 1
            [symbol] => T1
        )

)
string(10) "VidId:B001"
[Scoreboard]:Array
(
    [0] => Array
        (
            [round_res] => P
            [is_tie] => 0
            [symbol] => P1
        )

    [1] => Array
        (
            [round_res] => B
            [is_tie] => 0
            [symbol] => B1
        )

    [2] => Array
        (
            [round_res] => P
            [is_tie] => 0
            [symbol] => P1
        )

    [3] => Array
        (
            [round_res] => P
            [is_tie] => 0
            [symbol] => P1
        )

    [4] => Array
        (
            [round_res] => P
            [is_tie] => 0
            [symbol] => P1
        )

    [5] => Array
        (
            [round_res] => B
            [is_tie] => 0
            [symbol] => B1
        )

    [6] => Array
        (
            [round_res] => B
            [is_tie] => 0
            [symbol] => B1
        )

    [7] => Array
        (
            [round_res] => B
            [is_tie] => 0
            [symbol] => B1
        )

    [8] => Array
        (
            [round_res] => B
            [is_tie] => 0
            [symbol] => B1
        )

    [9] => Array
        (
            [round_res] => P
            [is_tie] => 0
            [symbol] => P1
        )

    [10] => Array
        (
            [round_res] => B
            [is_tie] => 0
            [symbol] => B1
        )

    [11] => Array
        (
            [round_res] => B
            [is_tie] => 0
            [symbol] => B1
        )

    [12] => Array
        (
            [round_res] => B
            [is_tie] => 1
            [symbol] => T3
        )

    [13] => Array
        (
            [round_res] => P
            [is_tie] => 0
            [symbol] => P2
        )

    [14] => Array
        (
            [round_res] => P
            [is_tie] => 0
            [symbol] => P1
        )

    [15] => Array
        (
            [round_res] => B
            [is_tie] => 0
            [symbol] => B1
        )

    [16] => Array
        (
            [round_res] => P
            [is_tie] => 0
            [symbol] => P1
        )

    [17] => Array
        (
            [round_res] => B
            [is_tie] => 0
            [symbol] => B1
        )

    [18] => Array
        (
            [round_res] => B
            [is_tie] => 0
            [symbol] => B1
        )

    [19] => Array
        (
            [round_res] => B
            [is_tie] => 0
            [symbol] => B1
        )

    [20] => Array
        (
            [round_res] => P
            [is_tie] => 0
            [symbol] => P1
        )

    [21] => Array
        (
            [round_res] => P
            [is_tie] => 0
            [symbol] => P1
        )

    [22] => Array
        (
            [round_res] => P
            [is_tie] => 0
            [symbol] => P1
        )

    [23] => Array
        (
            [round_res] => P
            [is_tie] => 0
            [symbol] => P1
        )

    [24] => Array
        (
            [round_res] => P
            [is_tie] => 0
            [symbol] => P1
        )

    [25] => Array
        (
            [round_res] => B
            [is_tie] => 0
            [symbol] => B2
        )

    [26] => Array
        (
            [round_res] => B
            [is_tie] => 0
            [symbol] => B2
        )

    [27] => Array
        (
            [round_res] => B
            [is_tie] => 1
            [symbol] => T3
        )

    [28] => Array
        (
            [round_res] => B
            [is_tie] => 1
            [symbol] => T1
        )

    [29] => Array
        (
            [round_res] => B
            [is_tie] => 0
            [symbol] => B1
        )

    [30] => Array
        (
            [round_res] => P
            [is_tie] => 0
            [symbol] => P1
        )

    [31] => Array
        (
            [round_res] => P
            [is_tie] => 0
            [symbol] => P1
        )

    [32] => Array
        (
            [round_res] => P
            [is_tie] => 1
            [symbol] => T3
        )

    [33] => Array
        (
            [round_res] => P
            [is_tie] => 0
            [symbol] => P1
        )

    [34] => Array
        (
            [round_res] => P
            [is_tie] => 0
            [symbol] => P1
        )

    [35] => Array
        (
            [round_res] => B
            [is_tie] => 0
            [symbol] => B2
        )

    [36] => Array
        (
            [round_res] => B
            [is_tie] => 1
            [symbol] => T1
        )

    [37] => Array
        (
            [round_res] => P
            [is_tie] => 0
            [symbol] => P1
        )

    [38] => Array
        (
            [round_res] => P
            [is_tie] => 0
            [symbol] => P1
        )

    [39] => Array
        (
            [round_res] => B
            [is_tie] => 0
            [symbol] => B1
        )

    [40] => Array
        (
            [round_res] => B
            [is_tie] => 0
            [symbol] => B1
        )

    [41] => Array
        (
            [round_res] => B
            [is_tie] => 0
            [symbol] => B1
        )

    [42] => Array
        (
            [round_res] => P
            [is_tie] => 0
            [symbol] => P4
        )

    [43] => Array
        (
            [round_res] => P
            [is_tie] => 0
            [symbol] => P1
        )

    [44] => Array
        (
            [round_res] => B
            [is_tie] => 0
            [symbol] => B1
        )

    [45] => Array
        (
            [round_res] => B
            [is_tie] => 0
            [symbol] => B1
        )

    [46] => Array
        (
            [round_res] => P
            [is_tie] => 0
            [symbol] => P1
        )

    [47] => Array
        (
            [round_res] => P
            [is_tie] => 0
            [symbol] => P1
        )

    [48] => Array
        (
            [round_res] => P
            [is_tie] => 1
            [symbol] => T1
        )

    [49] => Array
        (
            [round_res] => B
            [is_tie] => 0
            [symbol] => B2
        )

    [50] => Array
        (
            [round_res] => P
            [is_tie] => 0
            [symbol] => P1
        )

    [51] => Array
        (
            [round_res] => P
            [is_tie] => 0
            [symbol] => P1
        )

    [52] => Array
        (
            [round_res] => P
            [is_tie] => 0
            [symbol] => P2
        )

    [53] => Array
        (
            [round_res] => B
            [is_tie] => 0
            [symbol] => B1
        )

    [54] => Array
        (
            [round_res] => P
            [is_tie] => 0
            [symbol] => P1
        )

    [55] => Array
        (
            [round_res] => P
            [is_tie] => 0
            [symbol] => P2
        )

    [56] => Array
        (
            [round_res] => B
            [is_tie] => 0
            [symbol] => B1
        )

    [57] => Array
        (
            [round_res] => B
            [is_tie] => 1
            [symbol] => T1
        )

    [58] => Array
        (
            [round_res] => B
            [is_tie] => 1
            [symbol] => T1
        )

    [59] => Array
        (
            [round_res] => B
            [is_tie] => 0
            [symbol] => B2
        )

    [60] => Array
        (
            [round_res] => P
            [is_tie] => 0
            [symbol] => P1
        )

    [61] => Array
        (
            [round_res] => B
            [is_tie] => 0
            [symbol] => B1
        )

    [62] => Array
        (
            [round_res] => B
            [is_tie] => 0
            [symbol] => B1
        )

    [63] => Array
        (
            [round_res] => B
            [is_tie] => 0
            [symbol] => B2
        )

    [64] => Array
        (
            [round_res] => B
            [is_tie] => 0
            [symbol] => B1
        )

    [65] => Array
        (
            [round_res] => P
            [is_tie] => 0
            [symbol] => P1
        )

    [66] => Array
        (
            [round_res] => B
            [is_tie] => 0
            [symbol] => B1
        )

    [67] => Array
        (
            [round_res] => B
            [is_tie] => 1
            [symbol] => T1
        )

    [68] => Array
        (
            [round_res] => B
            [is_tie] => 0
            [symbol] => B1
        )

)
string(10) "VidId:M055"
[Scoreboard]:Array
(
    [0] => Array
        (
            [round_res] => P
            [is_tie] => 0
            [symbol] => P1
        )

    [1] => Array
        (
            [round_res] => P
            [is_tie] => 0
            [symbol] => P1
        )

    [2] => Array
        (
            [round_res] => B
            [is_tie] => 0
            [symbol] => B2
        )

    [3] => Array
        (
            [round_res] => P
            [is_tie] => 0
            [symbol] => P1
        )

    [4] => Array
        (
            [round_res] => P
            [is_tie] => 0
            [symbol] => P1
        )

    [5] => Array
        (
            [round_res] => B
            [is_tie] => 0
            [symbol] => B1
        )

    [6] => Array
        (
            [round_res] => B
            [is_tie] => 0
            [symbol] => B2
        )

    [7] => Array
        (
            [round_res] => B
            [is_tie] => 0
            [symbol] => B1
        )

    [8] => Array
        (
            [round_res] => B
            [is_tie] => 0
            [symbol] => B1
        )

    [9] => Array
        (
            [round_res] => B
            [is_tie] => 0
            [symbol] => B2
        )

    [10] => Array
        (
            [round_res] => B
            [is_tie] => 0
            [symbol] => B1
        )

    [11] => Array
        (
            [round_res] => B
            [is_tie] => 1
            [symbol] => T1
        )

    [12] => Array
        (
            [round_res] => B
            [is_tie] => 0
            [symbol] => B1
        )

    [13] => Array
        (
            [round_res] => B
            [is_tie] => 0
            [symbol] => B1
        )

    [14] => Array
        (
            [round_res] => B
            [is_tie] => 1
            [symbol] => T1
        )

    [15] => Array
        (
            [round_res] => B
            [is_tie] => 0
            [symbol] => B1
        )

    [16] => Array
        (
            [round_res] => B
            [is_tie] => 0
            [symbol] => B1
        )

    [17] => Array
        (
            [round_res] => P
            [is_tie] => 0
            [symbol] => P1
        )

    [18] => Array
        (
            [round_res] => P
            [is_tie] => 0
            [symbol] => P1
        )

    [19] => Array
        (
            [round_res] => B
            [is_tie] => 0
            [symbol] => B1
        )

    [20] => Array
        (
            [round_res] => P
            [is_tie] => 0
            [symbol] => P4
        )

    [21] => Array
        (
            [round_res] => B
            [is_tie] => 0
            [symbol] => B1
        )

    [22] => Array
        (
            [round_res] => B
            [is_tie] => 0
            [symbol] => B1
        )

    [23] => Array
        (
            [round_res] => B
            [is_tie] => 0
            [symbol] => B1
        )

    [24] => Array
        (
            [round_res] => B
            [is_tie] => 0
            [symbol] => B1
        )

    [25] => Array
        (
            [round_res] => B
            [is_tie] => 1
            [symbol] => T1
        )

    [26] => Array
        (
            [round_res] => P
            [is_tie] => 0
            [symbol] => P1
        )

    [27] => Array
        (
            [round_res] => B
            [is_tie] => 0
            [symbol] => B1
        )

    [28] => Array
        (
            [round_res] => B
            [is_tie] => 0
            [symbol] => B1
        )

    [29] => Array
        (
            [round_res] => P
            [is_tie] => 0
            [symbol] => P2
        )

    [30] => Array
        (
            [round_res] => P
            [is_tie] => 1
            [symbol] => T1
        )

    [31] => Array
        (
            [round_res] => B
            [is_tie] => 0
            [symbol] => B1
        )

    [32] => Array
        (
            [round_res] => P
            [is_tie] => 0
            [symbol] => P1
        )

    [33] => Array
        (
            [round_res] => P
            [is_tie] => 0
            [symbol] => P1
        )

    [34] => Array
        (
            [round_res] => B
            [is_tie] => 0
            [symbol] => B1
        )

    [35] => Array
        (
            [round_res] => P
            [is_tie] => 0
            [symbol] => P1
        )

    [36] => Array
        (
            [round_res] => P
            [is_tie] => 0
            [symbol] => P1
        )

    [37] => Array
        (
            [round_res] => P
            [is_tie] => 0
            [symbol] => P1
        )

    [38] => Array
        (
            [round_res] => B
            [is_tie] => 0
            [symbol] => B2
        )

    [39] => Array
        (
            [round_res] => P
            [is_tie] => 0
            [symbol] => P1
        )

    [40] => Array
        (
            [round_res] => B
            [is_tie] => 0
            [symbol] => B1
        )

    [41] => Array
        (
            [round_res] => P
            [is_tie] => 0
            [symbol] => P1
        )

    [42] => Array
        (
            [round_res] => P
            [is_tie] => 0
            [symbol] => P1
        )

    [43] => Array
        (
            [round_res] => P
            [is_tie] => 0
            [symbol] => P1
        )

    [44] => Array
        (
            [round_res] => B
            [is_tie] => 0
            [symbol] => B1
        )

    [45] => Array
        (
            [round_res] => B
            [is_tie] => 0
            [symbol] => B1
        )

    [46] => Array
        (
            [round_res] => P
            [is_tie] => 0
            [symbol] => P1
        )

    [47] => Array
        (
            [round_res] => P
            [is_tie] => 0
            [symbol] => P1
        )

    [48] => Array
        (
            [round_res] => P
            [is_tie] => 0
            [symbol] => P2
        )

    [49] => Array
        (
            [round_res] => P
            [is_tie] => 0
            [symbol] => P2
        )

    [50] => Array
        (
            [round_res] => P
            [is_tie] => 0
            [symbol] => P1
        )

)
string(10) "VidId:M054"
[Scoreboard]:Array
(
    [0] => Array
        (
            [round_res] => P
            [is_tie] => 0
            [symbol] => P1
        )

    [1] => Array
        (
            [round_res] => P
            [is_tie] => 1
            [symbol] => T1
        )

    [2] => Array
        (
            [round_res] => B
            [is_tie] => 0
            [symbol] => B1
        )

    [3] => Array
        (
            [round_res] => B
            [is_tie] => 0
            [symbol] => B1
        )

    [4] => Array
        (
            [round_res] => P
            [is_tie] => 0
            [symbol] => P1
        )

    [5] => Array
        (
            [round_res] => P
            [is_tie] => 0
            [symbol] => P1
        )

    [6] => Array
        (
            [round_res] => B
            [is_tie] => 0
            [symbol] => B1
        )

    [7] => Array
        (
            [round_res] => P
            [is_tie] => 0
            [symbol] => P1
        )

    [8] => Array
        (
            [round_res] => B
            [is_tie] => 0
            [symbol] => B1
        )

    [9] => Array
        (
            [round_res] => B
            [is_tie] => 0
            [symbol] => B1
        )

    [10] => Array
        (
            [round_res] => P
            [is_tie] => 0
            [symbol] => P1
        )

    [11] => Array
        (
            [round_res] => B
            [is_tie] => 0
            [symbol] => B1
        )

    [12] => Array
        (
            [round_res] => B
            [is_tie] => 0
            [symbol] => B1
        )

    [13] => Array
        (
            [round_res] => B
            [is_tie] => 0
            [symbol] => B1
        )

    [14] => Array
        (
            [round_res] => B
            [is_tie] => 0
            [symbol] => B1
        )

    [15] => Array
        (
            [round_res] => P
            [is_tie] => 0
            [symbol] => P1
        )

    [16] => Array
        (
            [round_res] => P
            [is_tie] => 0
            [symbol] => P1
        )

    [17] => Array
        (
            [round_res] => P
            [is_tie] => 1
            [symbol] => T1
        )

    [18] => Array
        (
            [round_res] => P
            [is_tie] => 0
            [symbol] => P1
        )

    [19] => Array
        (
            [round_res] => P
            [is_tie] => 0
            [symbol] => P1
        )

    [20] => Array
        (
            [round_res] => P
            [is_tie] => 0
            [symbol] => P1
        )

    [21] => Array
        (
            [round_res] => P
            [is_tie] => 0
            [symbol] => P1
        )

    [22] => Array
        (
            [round_res] => B
            [is_tie] => 0
            [symbol] => B1
        )

    [23] => Array
        (
            [round_res] => P
            [is_tie] => 0
            [symbol] => P2
        )

    [24] => Array
        (
            [round_res] => P
            [is_tie] => 0
            [symbol] => P1
        )

    [25] => Array
        (
            [round_res] => P
            [is_tie] => 1
            [symbol] => T3
        )

    [26] => Array
        (
            [round_res] => P
            [is_tie] => 0
            [symbol] => P1
        )

    [27] => Array
        (
            [round_res] => P
            [is_tie] => 0
            [symbol] => P1
        )

    [28] => Array
        (
            [round_res] => P
            [is_tie] => 0
            [symbol] => P1
        )

    [29] => Array
        (
            [round_res] => P
            [is_tie] => 0
            [symbol] => P1
        )

    [30] => Array
        (
            [round_res] => P
            [is_tie] => 0
            [symbol] => P1
        )

    [31] => Array
        (
            [round_res] => P
            [is_tie] => 0
            [symbol] => P2
        )

    [32] => Array
        (
            [round_res] => B
            [is_tie] => 0
            [symbol] => B1
        )

    [33] => Array
        (
            [round_res] => B
            [is_tie] => 0
            [symbol] => B1
        )

    [34] => Array
        (
            [round_res] => P
            [is_tie] => 0
            [symbol] => P1
        )

    [35] => Array
        (
            [round_res] => P
            [is_tie] => 1
            [symbol] => T1
        )

    [36] => Array
        (
            [round_res] => P
            [is_tie] => 0
            [symbol] => P1
        )

    [37] => Array
        (
            [round_res] => B
            [is_tie] => 0
            [symbol] => B1
        )

    [38] => Array
        (
            [round_res] => P
            [is_tie] => 0
            [symbol] => P2
        )

    [39] => Array
        (
            [round_res] => P
            [is_tie] => 0
            [symbol] => P2
        )

    [40] => Array
        (
            [round_res] => B
            [is_tie] => 0
            [symbol] => B1
        )

    [41] => Array
        (
            [round_res] => B
            [is_tie] => 0
            [symbol] => B1
        )

    [42] => Array
        (
            [round_res] => B
            [is_tie] => 1
            [symbol] => T1
        )

    [43] => Array
        (
            [round_res] => P
            [is_tie] => 0
            [symbol] => P4
        )

    [44] => Array
        (
            [round_res] => B
            [is_tie] => 0
            [symbol] => B1
        )

    [45] => Array
        (
            [round_res] => B
            [is_tie] => 0
            [symbol] => B1
        )

    [46] => Array
        (
            [round_res] => B
            [is_tie] => 0
            [symbol] => B2
        )

)
string(10) "VidId:M053"
[Scoreboard]:Array
(
    [0] => Array
        (
            [round_res] => P
            [is_tie] => 0
            [symbol] => P4
        )

    [1] => Array
        (
            [round_res] => P
            [is_tie] => 0
            [symbol] => P1
        )

    [2] => Array
        (
            [round_res] => P
            [is_tie] => 0
            [symbol] => P1
        )

    [3] => Array
        (
            [round_res] => P
            [is_tie] => 0
            [symbol] => P1
        )

    [4] => Array
        (
            [round_res] => B
            [is_tie] => 0
            [symbol] => B1
        )

    [5] => Array
        (
            [round_res] => B
            [is_tie] => 0
            [symbol] => B1
        )

    [6] => Array
        (
            [round_res] => P
            [is_tie] => 0
            [symbol] => P1
        )

    [7] => Array
        (
            [round_res] => B
            [is_tie] => 0
            [symbol] => B1
        )

    [8] => Array
        (
            [round_res] => B
            [is_tie] => 0
            [symbol] => B1
        )

    [9] => Array
        (
            [round_res] => B
            [is_tie] => 0
            [symbol] => B1
        )

)
string(10) "VidId:M052"
[Scoreboard]:Array
(
    [0] => Array
        (
            [round_res] => P
            [is_tie] => 0
            [symbol] => P1
        )

    [1] => Array
        (
            [round_res] => B
            [is_tie] => 0
            [symbol] => B4
        )

    [2] => Array
        (
            [round_res] => P
            [is_tie] => 0
            [symbol] => P1
        )

    [3] => Array
        (
            [round_res] => P
            [is_tie] => 0
            [symbol] => P1
        )

    [4] => Array
        (
            [round_res] => B
            [is_tie] => 0
            [symbol] => B1
        )

    [5] => Array
        (
            [round_res] => P
            [is_tie] => 0
            [symbol] => P1
        )

    [6] => Array
        (
            [round_res] => P
            [is_tie] => 0
            [symbol] => P1
        )

    [7] => Array
        (
            [round_res] => P
            [is_tie] => 0
            [symbol] => P1
        )

    [8] => Array
        (
            [round_res] => P
            [is_tie] => 0
            [symbol] => P1
        )

    [9] => Array
        (
            [round_res] => P
            [is_tie] => 0
            [symbol] => P2
        )

    [10] => Array
        (
            [round_res] => P
            [is_tie] => 1
            [symbol] => T1
        )

    [11] => Array
        (
            [round_res] => B
            [is_tie] => 0
            [symbol] => B2
        )

    [12] => Array
        (
            [round_res] => B
            [is_tie] => 1
            [symbol] => T1
        )

    [13] => Array
        (
            [round_res] => P
            [is_tie] => 0
            [symbol] => P1
        )

    [14] => Array
        (
            [round_res] => P
            [is_tie] => 0
            [symbol] => P1
        )

    [15] => Array
        (
            [round_res] => B
            [is_tie] => 0
            [symbol] => B2
        )

    [16] => Array
        (
            [round_res] => B
            [is_tie] => 0
            [symbol] => B1
        )

    [17] => Array
        (
            [round_res] => B
            [is_tie] => 0
            [symbol] => B1
        )

    [18] => Array
        (
            [round_res] => B
            [is_tie] => 0
            [symbol] => B1
        )

    [19] => Array
        (
            [round_res] => P
            [is_tie] => 0
            [symbol] => P2
        )

    [20] => Array
        (
            [round_res] => P
            [is_tie] => 0
            [symbol] => P2
        )

    [21] => Array
        (
            [round_res] => P
            [is_tie] => 0
            [symbol] => P1
        )

    [22] => Array
        (
            [round_res] => P
            [is_tie] => 0
            [symbol] => P1
        )

    [23] => Array
        (
            [round_res] => P
            [is_tie] => 0
            [symbol] => P1
        )

    [24] => Array
        (
            [round_res] => P
            [is_tie] => 0
            [symbol] => P1
        )

    [25] => Array
        (
            [round_res] => B
            [is_tie] => 0
            [symbol] => B1
        )

    [26] => Array
        (
            [round_res] => B
            [is_tie] => 0
            [symbol] => B1
        )

    [27] => Array
        (
            [round_res] => B
            [is_tie] => 0
            [symbol] => B1
        )

    [28] => Array
        (
            [round_res] => B
            [is_tie] => 0
            [symbol] => B1
        )

)
string(10) "VidId:M056"
[Scoreboard]:Array
(
    [0] => Array
        (
            [round_res] => P
            [is_tie] => 0
            [symbol] => P2
        )

    [1] => Array
        (
            [round_res] => B
            [is_tie] => 0
            [symbol] => B1
        )

    [2] => Array
        (
            [round_res] => P
            [is_tie] => 0
            [symbol] => P1
        )

    [3] => Array
        (
            [round_res] => B
            [is_tie] => 0
            [symbol] => B1
        )

    [4] => Array
        (
            [round_res] => B
            [is_tie] => 0
            [symbol] => B1
        )

    [5] => Array
        (
            [round_res] => P
            [is_tie] => 0
            [symbol] => P1
        )

    [6] => Array
        (
            [round_res] => B
            [is_tie] => 0
            [symbol] => B1
        )

    [7] => Array
        (
            [round_res] => B
            [is_tie] => 1
            [symbol] => T1
        )

    [8] => Array
        (
            [round_res] => B
            [is_tie] => 0
            [symbol] => B1
        )

    [9] => Array
        (
            [round_res] => B
            [is_tie] => 1
            [symbol] => T1
        )

    [10] => Array
        (
            [round_res] => P
            [is_tie] => 0
            [symbol] => P1
        )

    [11] => Array
        (
            [round_res] => P
            [is_tie] => 0
            [symbol] => P1
        )

    [12] => Array
        (
            [round_res] => P
            [is_tie] => 1
            [symbol] => T1
        )

    [13] => Array
        (
            [round_res] => P
            [is_tie] => 1
            [symbol] => T1
        )

    [14] => Array
        (
            [round_res] => B
            [is_tie] => 0
            [symbol] => B1
        )

    [15] => Array
        (
            [round_res] => P
            [is_tie] => 0
            [symbol] => P2
        )

)
string(10) "VidId:N016"
[Scoreboard]:Array
(
    [0] => Array
        (
            [round_res] => P
            [is_tie] => 0
            [symbol] => P1
        )

    [1] => Array
        (
            [round_res] => P
            [is_tie] => 0
            [symbol] => P1
        )

    [2] => Array
        (
            [round_res] => P
            [is_tie] => 0
            [symbol] => P1
        )

    [3] => Array
        (
            [round_res] => P
            [is_tie] => 0
            [symbol] => P1
        )

    [4] => Array
        (
            [round_res] => P
            [is_tie] => 0
            [symbol] => P1
        )

    [5] => Array
        (
            [round_res] => B
            [is_tie] => 0
            [symbol] => B1
        )

    [6] => Array
        (
            [round_res] => P
            [is_tie] => 0
            [symbol] => P1
        )

    [7] => Array
        (
            [round_res] => P
            [is_tie] => 0
            [symbol] => P1
        )

    [8] => Array
        (
            [round_res] => B
            [is_tie] => 0
            [symbol] => B2
        )

    [9] => Array
        (
            [round_res] => B
            [is_tie] => 0
            [symbol] => B1
        )

    [10] => Array
        (
            [round_res] => B
            [is_tie] => 0
            [symbol] => B1
        )

    [11] => Array
        (
            [round_res] => B
            [is_tie] => 0
            [symbol] => B1
        )

    [12] => Array
        (
            [round_res] => B
            [is_tie] => 0
            [symbol] => B1
        )

    [13] => Array
        (
            [round_res] => P
            [is_tie] => 0
            [symbol] => P1
        )

    [14] => Array
        (
            [round_res] => B
            [is_tie] => 0
            [symbol] => B1
        )

    [15] => Array
        (
            [round_res] => P
            [is_tie] => 0
            [symbol] => P1
        )

    [16] => Array
        (
            [round_res] => P
            [is_tie] => 0
            [symbol] => P1
        )

    [17] => Array
        (
            [round_res] => P
            [is_tie] => 0
            [symbol] => P1
        )

    [18] => Array
        (
            [round_res] => B
            [is_tie] => 0
            [symbol] => B1
        )

    [19] => Array
        (
            [round_res] => P
            [is_tie] => 0
            [symbol] => P1
        )

    [20] => Array
        (
            [round_res] => P
            [is_tie] => 0
            [symbol] => P1
        )

    [21] => Array
        (
            [round_res] => P
            [is_tie] => 1
            [symbol] => T1
        )

    [22] => Array
        (
            [round_res] => B
            [is_tie] => 0
            [symbol] => B2
        )

    [23] => Array
        (
            [round_res] => P
            [is_tie] => 0
            [symbol] => P1
        )

    [24] => Array
        (
            [round_res] => P
            [is_tie] => 0
            [symbol] => P1
        )

    [25] => Array
        (
            [round_res] => P
            [is_tie] => 0
            [symbol] => P1
        )

    [26] => Array
        (
            [round_res] => P
            [is_tie] => 0
            [symbol] => P2
        )

    [27] => Array
        (
            [round_res] => B
            [is_tie] => 0
            [symbol] => B4
        )

    [28] => Array
        (
            [round_res] => B
            [is_tie] => 0
            [symbol] => B1
        )

    [29] => Array
        (
            [round_res] => B
            [is_tie] => 0
            [symbol] => B1
        )

    [30] => Array
        (
            [round_res] => B
            [is_tie] => 0
            [symbol] => B1
        )

    [31] => Array
        (
            [round_res] => B
            [is_tie] => 0
            [symbol] => B2
        )

    [32] => Array
        (
            [round_res] => B
            [is_tie] => 0
            [symbol] => B2
        )

    [33] => Array
        (
            [round_res] => P
            [is_tie] => 0
            [symbol] => P1
        )

    [34] => Array
        (
            [round_res] => B
            [is_tie] => 0
            [symbol] => B2
        )

    [35] => Array
        (
            [round_res] => B
            [is_tie] => 0
            [symbol] => B2
        )

    [36] => Array
        (
            [round_res] => B
            [is_tie] => 0
            [symbol] => B1
        )

    [37] => Array
        (
            [round_res] => B
            [is_tie] => 1
            [symbol] => T1
        )

    [38] => Array
        (
            [round_res] => B
            [is_tie] => 0
            [symbol] => B1
        )

    [39] => Array
        (
            [round_res] => P
            [is_tie] => 0
            [symbol] => P1
        )

    [40] => Array
        (
            [round_res] => B
            [is_tie] => 0
            [symbol] => B2
        )

    [41] => Array
        (
            [round_res] => P
            [is_tie] => 0
            [symbol] => P1
        )

    [42] => Array
        (
            [round_res] => P
            [is_tie] => 0
            [symbol] => P1
        )

    [43] => Array
        (
            [round_res] => B
            [is_tie] => 0
            [symbol] => B1
        )

    [44] => Array
        (
            [round_res] => P
            [is_tie] => 0
            [symbol] => P1
        )

    [45] => Array
        (
            [round_res] => P
            [is_tie] => 0
            [symbol] => P1
        )

    [46] => Array
        (
            [round_res] => P
            [is_tie] => 0
            [symbol] => P1
        )

    [47] => Array
        (
            [round_res] => P
            [is_tie] => 0
            [symbol] => P2
        )

    [48] => Array
        (
            [round_res] => B
            [is_tie] => 0
            [symbol] => B1
        )

    [49] => Array
        (
            [round_res] => P
            [is_tie] => 0
            [symbol] => P2
        )

    [50] => Array
        (
            [round_res] => P
            [is_tie] => 0
            [symbol] => P1
        )

    [51] => Array
        (
            [round_res] => B
            [is_tie] => 0
            [symbol] => B1
        )

    [52] => Array
        (
            [round_res] => B
            [is_tie] => 0
            [symbol] => B1
        )

    [53] => Array
        (
            [round_res] => B
            [is_tie] => 0
            [symbol] => B2
        )

    [54] => Array
        (
            [round_res] => P
            [is_tie] => 0
            [symbol] => P1
        )

    [55] => Array
        (
            [round_res] => P
            [is_tie] => 0
            [symbol] => P1
        )

    [56] => Array
        (
            [round_res] => P
            [is_tie] => 0
            [symbol] => P1
        )

    [57] => Array
        (
            [round_res] => B
            [is_tie] => 0
            [symbol] => B2
        )

    [58] => Array
        (
            [round_res] => B
            [is_tie] => 0
            [symbol] => B2
        )

    [59] => Array
        (
            [round_res] => P
            [is_tie] => 0
            [symbol] => P1
        )

    [60] => Array
        (
            [round_res] => P
            [is_tie] => 0
            [symbol] => P1
        )

    [61] => Array
        (
            [round_res] => P
            [is_tie] => 0
            [symbol] => P1
        )

    [62] => Array
        (
            [round_res] => P
            [is_tie] => 0
            [symbol] => P2
        )

    [63] => Array
        (
            [round_res] => B
            [is_tie] => 0
            [symbol] => B1
        )

    [64] => Array
        (
            [round_res] => B
            [is_tie] => 1
            [symbol] => T1
        )

    [65] => Array
        (
            [round_res] => B
            [is_tie] => 0
            [symbol] => B1
        )

    [66] => Array
        (
            [round_res] => B
            [is_tie] => 0
            [symbol] => B1
        )

    [67] => Array
        (
            [round_res] => P
            [is_tie] => 0
            [symbol] => P1
        )

    [68] => Array
        (
            [round_res] => P
            [is_tie] => 0
            [symbol] => P1
        )

    [69] => Array
        (
            [round_res] => B
            [is_tie] => 0
            [symbol] => B1
        )

    [70] => Array
        (
            [round_res] => B
            [is_tie] => 0
            [symbol] => B1
        )

    [71] => Array
        (
            [round_res] => B
            [is_tie] => 0
            [symbol] => B1
        )

    [72] => Array
        (
            [round_res] => P
            [is_tie] => 0
            [symbol] => P1
        )

    [73] => Array
        (
            [round_res] => B
            [is_tie] => 0
            [symbol] => B1
        )

    [74] => Array
        (
            [round_res] => B
            [is_tie] => 0
            [symbol] => B1
        )

    [75] => Array
        (
            [round_res] => B
            [is_tie] => 0
            [symbol] => B1
        )

)
string(10) "VidId:N010"
[Scoreboard]:Array
(
    [0] => Array
        (
            [round_res] => P
            [is_tie] => 0
            [symbol] => P1
        )

    [1] => Array
        (
            [round_res] => P
            [is_tie] => 0
            [symbol] => P1
        )

    [2] => Array
        (
            [round_res] => P
            [is_tie] => 0
            [symbol] => P1
        )

    [3] => Array
        (
            [round_res] => P
            [is_tie] => 0
            [symbol] => P1
        )

    [4] => Array
        (
            [round_res] => B
            [is_tie] => 0
            [symbol] => B2
        )

    [5] => Array
        (
            [round_res] => P
            [is_tie] => 0
            [symbol] => P1
        )

    [6] => Array
        (
            [round_res] => B
            [is_tie] => 0
            [symbol] => B1
        )

    [7] => Array
        (
            [round_res] => P
            [is_tie] => 0
            [symbol] => P1
        )

    [8] => Array
        (
            [round_res] => B
            [is_tie] => 0
            [symbol] => B1
        )

    [9] => Array
        (
            [round_res] => P
            [is_tie] => 0
            [symbol] => P1
        )

    [10] => Array
        (
            [round_res] => P
            [is_tie] => 0
            [symbol] => P1
        )

    [11] => Array
        (
            [round_res] => B
            [is_tie] => 0
            [symbol] => B1
        )

    [12] => Array
        (
            [round_res] => B
            [is_tie] => 1
            [symbol] => T1
        )

    [13] => Array
        (
            [round_res] => P
            [is_tie] => 0
            [symbol] => P1
        )

    [14] => Array
        (
            [round_res] => P
            [is_tie] => 1
            [symbol] => T1
        )

    [15] => Array
        (
            [round_res] => B
            [is_tie] => 0
            [symbol] => B1
        )

    [16] => Array
        (
            [round_res] => P
            [is_tie] => 0
            [symbol] => P1
        )

    [17] => Array
        (
            [round_res] => P
            [is_tie] => 0
            [symbol] => P1
        )

    [18] => Array
        (
            [round_res] => P
            [is_tie] => 0
            [symbol] => P1
        )

    [19] => Array
        (
            [round_res] => B
            [is_tie] => 0
            [symbol] => B1
        )

)
string(10) "VidId:N011"
[Scoreboard]:Array
(
    [0] => Array
        (
            [round_res] => P
            [is_tie] => 0
            [symbol] => P1
        )

    [1] => Array
        (
            [round_res] => P
            [is_tie] => 0
            [symbol] => P1
        )

    [2] => Array
        (
            [round_res] => B
            [is_tie] => 0
            [symbol] => B1
        )

    [3] => Array
        (
            [round_res] => B
            [is_tie] => 0
            [symbol] => B1
        )

    [4] => Array
        (
            [round_res] => B
            [is_tie] => 1
            [symbol] => T1
        )

    [5] => Array
        (
            [round_res] => P
            [is_tie] => 0
            [symbol] => P1
        )

    [6] => Array
        (
            [round_res] => P
            [is_tie] => 0
            [symbol] => P1
        )

    [7] => Array
        (
            [round_res] => B
            [is_tie] => 0
            [symbol] => B2
        )

    [8] => Array
        (
            [round_res] => B
            [is_tie] => 0
            [symbol] => B1
        )

    [9] => Array
        (
            [round_res] => B
            [is_tie] => 0
            [symbol] => B2
        )

    [10] => Array
        (
            [round_res] => P
            [is_tie] => 0
            [symbol] => P1
        )

    [11] => Array
        (
            [round_res] => B
            [is_tie] => 0
            [symbol] => B1
        )

    [12] => Array
        (
            [round_res] => B
            [is_tie] => 0
            [symbol] => B2
        )

    [13] => Array
        (
            [round_res] => B
            [is_tie] => 0
            [symbol] => B1
        )

    [14] => Array
        (
            [round_res] => B
            [is_tie] => 0
            [symbol] => B1
        )

    [15] => Array
        (
            [round_res] => P
            [is_tie] => 0
            [symbol] => P1
        )

    [16] => Array
        (
            [round_res] => P
            [is_tie] => 0
            [symbol] => P1
        )

    [17] => Array
        (
            [round_res] => B
            [is_tie] => 0
            [symbol] => B1
        )

    [18] => Array
        (
            [round_res] => B
            [is_tie] => 0
            [symbol] => B1
        )

    [19] => Array
        (
            [round_res] => P
            [is_tie] => 0
            [symbol] => P1
        )

    [20] => Array
        (
            [round_res] => B
            [is_tie] => 0
            [symbol] => B1
        )

    [21] => Array
        (
            [round_res] => P
            [is_tie] => 0
            [symbol] => P1
        )

)
string(10) "VidId:N012"
[Scoreboard]:Array
(
    [0] => Array
        (
            [round_res] => P
            [is_tie] => 0
            [symbol] => P4
        )

    [1] => Array
        (
            [round_res] => P
            [is_tie] => 0
            [symbol] => P1
        )

    [2] => Array
        (
            [round_res] => B
            [is_tie] => 0
            [symbol] => B1
        )

    [3] => Array
        (
            [round_res] => B
            [is_tie] => 0
            [symbol] => B1
        )

    [4] => Array
        (
            [round_res] => B
            [is_tie] => 0
            [symbol] => B1
        )

    [5] => Array
        (
            [round_res] => P
            [is_tie] => 0
            [symbol] => P1
        )

    [6] => Array
        (
            [round_res] => P
            [is_tie] => 0
            [symbol] => P1
        )

    [7] => Array
        (
            [round_res] => B
            [is_tie] => 0
            [symbol] => B1
        )

    [8] => Array
        (
            [round_res] => B
            [is_tie] => 0
            [symbol] => B2
        )

    [9] => Array
        (
            [round_res] => B
            [is_tie] => 0
            [symbol] => B1
        )

    [10] => Array
        (
            [round_res] => B
            [is_tie] => 1
            [symbol] => T3
        )

    [11] => Array
        (
            [round_res] => P
            [is_tie] => 0
            [symbol] => P1
        )

    [12] => Array
        (
            [round_res] => P
            [is_tie] => 0
            [symbol] => P1
        )

    [13] => Array
        (
            [round_res] => P
            [is_tie] => 0
            [symbol] => P1
        )

    [14] => Array
        (
            [round_res] => B
            [is_tie] => 0
            [symbol] => B1
        )

    [15] => Array
        (
            [round_res] => B
            [is_tie] => 0
            [symbol] => B1
        )

    [16] => Array
        (
            [round_res] => P
            [is_tie] => 0
            [symbol] => P1
        )

    [17] => Array
        (
            [round_res] => P
            [is_tie] => 0
            [symbol] => P1
        )

    [18] => Array
        (
            [round_res] => P
            [is_tie] => 0
            [symbol] => P1
        )

    [19] => Array
        (
            [round_res] => B
            [is_tie] => 0
            [symbol] => B2
        )

    [20] => Array
        (
            [round_res] => B
            [is_tie] => 0
            [symbol] => B1
        )

    [21] => Array
        (
            [round_res] => B
            [is_tie] => 0
            [symbol] => B1
        )

)
string(10) "VidId:N017"
[Scoreboard]:Array
(
    [0] => Array
        (
            [round_res] => P
            [is_tie] => 0
            [symbol] => P1
        )

    [1] => Array
        (
            [round_res] => P
            [is_tie] => 0
            [symbol] => P1
        )

    [2] => Array
        (
            [round_res] => B
            [is_tie] => 0
            [symbol] => B1
        )

    [3] => Array
        (
            [round_res] => B
            [is_tie] => 0
            [symbol] => B1
        )

    [4] => Array
        (
            [round_res] => B
            [is_tie] => 0
            [symbol] => B1
        )

    [5] => Array
        (
            [round_res] => P
            [is_tie] => 0
            [symbol] => P1
        )

    [6] => Array
        (
            [round_res] => P
            [is_tie] => 1
            [symbol] => T1
        )

)
string(10) "VidId:N018"
[Scoreboard]:Array
(
    [0] => Array
        (
            [round_res] => P
            [is_tie] => 0
            [symbol] => P1
        )

    [1] => Array
        (
            [round_res] => P
            [is_tie] => 0
            [symbol] => P2
        )

    [2] => Array
        (
            [round_res] => B
            [is_tie] => 0
            [symbol] => B1
        )

)
string(10) "VidId:N019"
[Scoreboard]:Array
(
    [0] => Array
        (
            [round_res] => B
            [is_tie] => 0
            [symbol] => B1
        )

    [1] => Array
        (
            [round_res] => B
            [is_tie] => 0
            [symbol] => B1
        )

    [2] => Array
        (
            [round_res] => B
            [is_tie] => 0
            [symbol] => B1
        )

    [3] => Array
        (
            [round_res] => P
            [is_tie] => 0
            [symbol] => P1
        )

    [4] => Array
        (
            [round_res] => B
            [is_tie] => 0
            [symbol] => B1
        )

    [5] => Array
        (
            [round_res] => B
            [is_tie] => 1
            [symbol] => T1
        )

)
string(10) "VidId:M051"
[Scoreboard]:Array
(
    [0] => Array
        (
            [round_res] => B
            [is_tie] => 0
            [symbol] => B1
        )

    [1] => Array
        (
            [round_res] => P
            [is_tie] => 0
            [symbol] => P1
        )

    [2] => Array
        (
            [round_res] => B
            [is_tie] => 0
            [symbol] => B1
        )

    [3] => Array
        (
            [round_res] => B
            [is_tie] => 0
            [symbol] => B1
        )

    [4] => Array
        (
            [round_res] => B
            [is_tie] => 1
            [symbol] => T1
        )

    [5] => Array
        (
            [round_res] => B
            [is_tie] => 0
            [symbol] => B1
        )

    [6] => Array
        (
            [round_res] => P
            [is_tie] => 0
            [symbol] => P1
        )

    [7] => Array
        (
            [round_res] => P
            [is_tie] => 0
            [symbol] => P1
        )

    [8] => Array
        (
            [round_res] => B
            [is_tie] => 0
            [symbol] => B1
        )

    [9] => Array
        (
            [round_res] => B
            [is_tie] => 1
            [symbol] => T1
        )

    [10] => Array
        (
            [round_res] => B
            [is_tie] => 1
            [symbol] => T1
        )

    [11] => Array
        (
            [round_res] => B
            [is_tie] => 1
            [symbol] => T1
        )

    [12] => Array
        (
            [round_res] => B
            [is_tie] => 0
            [symbol] => B1
        )

    [13] => Array
        (
            [round_res] => B
            [is_tie] => 1
            [symbol] => T1
        )

)
[2024-01-28 04:13:17] SERVER > Accepting new Client...
string(10) "VidId:N006"
[Scoreboard]:Array
(
    [0] => Array
        (
            [round_res] => B
            [is_tie] => 0
            [symbol] => B1
        )

    [1] => Array
        (
            [round_res] => B
            [is_tie] => 0
            [symbol] => B1
        )

    [2] => Array
        (
            [round_res] => P
            [is_tie] => 0
            [symbol] => P1
        )

    [3] => Array
        (
            [round_res] => P
            [is_tie] => 0
            [symbol] => P1
        )

    [4] => Array
        (
            [round_res] => B
            [is_tie] => 0
            [symbol] => B2
        )

    [5] => Array
        (
            [round_res] => P
            [is_tie] => 0
            [symbol] => P1
        )

    [6] => Array
        (
            [round_res] => B
            [is_tie] => 0
            [symbol] => B1
        )

)
string(10) "VidId:N007"
[Scoreboard]:Array
(
    [0] => Array
        (
            [round_res] => B
            [is_tie] => 0
            [symbol] => B1
        )

    [1] => Array
        (
            [round_res] => B
            [is_tie] => 0
            [symbol] => B1
        )

    [2] => Array
        (
            [round_res] => P
            [is_tie] => 0
            [symbol] => P1
        )

    [3] => Array
        (
            [round_res] => P
            [is_tie] => 1
            [symbol] => T1
        )

    [4] => Array
        (
            [round_res] => B
            [is_tie] => 0
            [symbol] => B2
        )

    [5] => Array
        (
            [round_res] => B
            [is_tie] => 0
            [symbol] => B1
        )

)
string(10) "VidId:N008"
[Scoreboard]:Array
(
    [0] => Array
        (
            [round_res] => P
            [is_tie] => 0
            [symbol] => P1
        )

    [1] => Array
        (
            [round_res] => B
            [is_tie] => 0
            [symbol] => B2
        )

    [2] => Array
        (
            [round_res] => B
            [is_tie] => 0
            [symbol] => B2
        )

    [3] => Array
        (
            [round_res] => P
            [is_tie] => 0
            [symbol] => P1
        )

    [4] => Array
        (
            [round_res] => B
            [is_tie] => 0
            [symbol] => B2
        )

    [5] => Array
        (
            [round_res] => P
            [is_tie] => 0
            [symbol] => P1
        )

)
string(10) "VidId:N009"
[Scoreboard]:Array
(
    [0] => Array
        (
            [round_res] => P
            [is_tie] => 0
            [symbol] => P1
        )

    [1] => Array
        (
            [round_res] => B
            [is_tie] => 0
            [symbol] => B1
        )

    [2] => Array
        (
            [round_res] => P
            [is_tie] => 0
            [symbol] => P1
        )

    [3] => Array
        (
            [round_res] => P
            [is_tie] => 0
            [symbol] => P1
        )

    [4] => Array
        (
            [round_res] => P
            [is_tie] => 0
            [symbol] => P2
        )

    [5] => Array
        (
            [round_res] => P
            [is_tie] => 0
            [symbol] => P1
        )

    [6] => Array
        (
            [round_res] => P
            [is_tie] => 0
            [symbol] => P1
        )

    [7] => Array
        (
            [round_res] => B
            [is_tie] => 0
            [symbol] => B2
        )

    [8] => Array
        (
            [round_res] => P
            [is_tie] => 0
            [symbol] => P1
        )

    [9] => Array
        (
            [round_res] => P
            [is_tie] => 0
            [symbol] => P2
        )

)
string(10) "VidId:T032"
[Scoreboard]:Array
(
    [0] => Array
        (
            [round_res] => B
            [is_tie] => 0
            [symbol] => B1
        )

    [1] => Array
        (
            [round_res] => B
            [is_tie] => 0
            [symbol] => B1
        )

    [2] => Array
        (
            [round_res] => B
            [is_tie] => 0
            [symbol] => B1
        )

    [3] => Array
        (
            [round_res] => B
            [is_tie] => 1
            [symbol] => T1
        )

    [4] => Array
        (
            [round_res] => B
            [is_tie] => 0
            [symbol] => B1
        )

    [5] => Array
        (
            [round_res] => B
            [is_tie] => 0
            [symbol] => B1
        )

    [6] => Array
        (
            [round_res] => P
            [is_tie] => 0
            [symbol] => P1
        )

    [7] => Array
        (
            [round_res] => P
            [is_tie] => 1
            [symbol] => T1
        )

    [8] => Array
        (
            [round_res] => B
            [is_tie] => 0
            [symbol] => B1
        )

    [9] => Array
        (
            [round_res] => P
            [is_tie] => 0
            [symbol] => P1
        )

    [10] => Array
        (
            [round_res] => B
            [is_tie] => 0
            [symbol] => B1
        )

    [11] => Array
        (
            [round_res] => B
            [is_tie] => 0
            [symbol] => B1
        )

    [12] => Array
        (
            [round_res] => B
            [is_tie] => 0
            [symbol] => B2
        )

    [13] => Array
        (
            [round_res] => B
            [is_tie] => 0
            [symbol] => B2
        )

    [14] => Array
        (
            [round_res] => P
            [is_tie] => 0
            [symbol] => P2
        )

    [15] => Array
        (
            [round_res] => B
            [is_tie] => 0
            [symbol] => B2
        )

    [16] => Array
        (
            [round_res] => B
            [is_tie] => 1
            [symbol] => T1
        )

    [17] => Array
        (
            [round_res] => B
            [is_tie] => 0
            [symbol] => B1
        )

    [18] => Array
        (
            [round_res] => P
            [is_tie] => 0
            [symbol] => P2
        )

    [19] => Array
        (
            [round_res] => B
            [is_tie] => 0
            [symbol] => B1
        )

)
string(10) "VidId:B004"
[Scoreboard]:Array
(
    [0] => Array
        (
            [round_res] => P
            [is_tie] => 0
            [symbol] => P1
        )

    [1] => Array
        (
            [round_res] => P
            [is_tie] => 0
            [symbol] => P1
        )

    [2] => Array
        (
            [round_res] => B
            [is_tie] => 0
            [symbol] => B1
        )

    [3] => Array
        (
            [round_res] => B
            [is_tie] => 1
            [symbol] => T1
        )

    [4] => Array
        (
            [round_res] => B
            [is_tie] => 0
            [symbol] => B1
        )

    [5] => Array
        (
            [round_res] => B
            [is_tie] => 0
            [symbol] => B1
        )

    [6] => Array
        (
            [round_res] => P
            [is_tie] => 0
            [symbol] => P1
        )

    [7] => Array
        (
            [round_res] => P
            [is_tie] => 0
            [symbol] => P1
        )

)
string(10) "VidId:B005"
string(10) "VidId:B002"
[Scoreboard]:Array
(
)
string(10) "VidId:B003"
[Scoreboard]:Array
(
    [0] => Array
        (
            [round_res] => P
            [is_tie] => 0
            [symbol] => P1
        )

    [1] => Array
        (
            [round_res] => B
            [is_tie] => 0
            [symbol] => B1
        )

    [2] => Array
        (
            [round_res] => B
            [is_tie] => 0
            [symbol] => B1
        )

    [3] => Array
        (
            [round_res] => P
            [is_tie] => 0
            [symbol] => P1
        )

    [4] => Array
        (
            [round_res] => B
            [is_tie] => 0
            [symbol] => B1
        )

    [5] => Array
        (
            [round_res] => B
            [is_tie] => 1
            [symbol] => T1
        )

)
string(10) "VidId:B001"
[Scoreboard]:Array
(
    [0] => Array
        (
            [round_res] => P
            [is_tie] => 0
            [symbol] => P1
        )

    [1] => Array
        (
            [round_res] => B
            [is_tie] => 0
            [symbol] => B1
        )

    [2] => Array
        (
            [round_res] => P
            [is_tie] => 0
            [symbol] => P1
        )

    [3] => Array
        (
            [round_res] => P
            [is_tie] => 0
            [symbol] => P1
        )

    [4] => Array
        (
            [round_res] => P
            [is_tie] => 0
            [symbol] => P1
        )

    [5] => Array
        (
            [round_res] => B
            [is_tie] => 0
            [symbol] => B1
        )

    [6] => Array
        (
            [round_res] => B
            [is_tie] => 0
            [symbol] => B1
        )

    [7] => Array
        (
            [round_res] => B
            [is_tie] => 0
            [symbol] => B1
        )

    [8] => Array
        (
            [round_res] => B
            [is_tie] => 0
            [symbol] => B1
        )

    [9] => Array
        (
            [round_res] => P
            [is_tie] => 0
            [symbol] => P1
        )

    [10] => Array
        (
            [round_res] => B
            [is_tie] => 0
            [symbol] => B1
        )

    [11] => Array
        (
            [round_res] => B
            [is_tie] => 0
            [symbol] => B1
        )

    [12] => Array
        (
            [round_res] => B
            [is_tie] => 1
            [symbol] => T3
        )

    [13] => Array
        (
            [round_res] => P
            [is_tie] => 0
            [symbol] => P2
        )

    [14] => Array
        (
            [round_res] => P
            [is_tie] => 0
            [symbol] => P1
        )

    [15] => Array
        (
            [round_res] => B
            [is_tie] => 0
            [symbol] => B1
        )

    [16] => Array
        (
            [round_res] => P
            [is_tie] => 0
            [symbol] => P1
        )

    [17] => Array
        (
            [round_res] => B
            [is_tie] => 0
            [symbol] => B1
        )

    [18] => Array
        (
            [round_res] => B
            [is_tie] => 0
            [symbol] => B1
        )

    [19] => Array
        (
            [round_res] => B
            [is_tie] => 0
            [symbol] => B1
        )

    [20] => Array
        (
            [round_res] => P
            [is_tie] => 0
            [symbol] => P1
        )

    [21] => Array
        (
            [round_res] => P
            [is_tie] => 0
            [symbol] => P1
        )

    [22] => Array
        (
            [round_res] => P
            [is_tie] => 0
            [symbol] => P1
        )

    [23] => Array
        (
            [round_res] => P
            [is_tie] => 0
            [symbol] => P1
        )

    [24] => Array
        (
            [round_res] => P
            [is_tie] => 0
            [symbol] => P1
        )

    [25] => Array
        (
            [round_res] => B
            [is_tie] => 0
            [symbol] => B2
        )

    [26] => Array
        (
            [round_res] => B
            [is_tie] => 0
            [symbol] => B2
        )

    [27] => Array
        (
            [round_res] => B
            [is_tie] => 1
            [symbol] => T3
        )

    [28] => Array
        (
            [round_res] => B
            [is_tie] => 1
            [symbol] => T1
        )

    [29] => Array
        (
            [round_res] => B
            [is_tie] => 0
            [symbol] => B1
        )

    [30] => Array
        (
            [round_res] => P
            [is_tie] => 0
            [symbol] => P1
        )

    [31] => Array
        (
            [round_res] => P
            [is_tie] => 0
            [symbol] => P1
        )

    [32] => Array
        (
            [round_res] => P
            [is_tie] => 1
            [symbol] => T3
        )

    [33] => Array
        (
            [round_res] => P
            [is_tie] => 0
            [symbol] => P1
        )

    [34] => Array
        (
            [round_res] => P
            [is_tie] => 0
            [symbol] => P1
        )

    [35] => Array
        (
            [round_res] => B
            [is_tie] => 0
            [symbol] => B2
        )

    [36] => Array
        (
            [round_res] => B
            [is_tie] => 1
            [symbol] => T1
        )

    [37] => Array
        (
            [round_res] => P
            [is_tie] => 0
            [symbol] => P1
        )

    [38] => Array
        (
            [round_res] => P
            [is_tie] => 0
            [symbol] => P1
        )

    [39] => Array
        (
            [round_res] => B
            [is_tie] => 0
            [symbol] => B1
        )

    [40] => Array
        (
            [round_res] => B
            [is_tie] => 0
            [symbol] => B1
        )

    [41] => Array
        (
            [round_res] => B
            [is_tie] => 0
            [symbol] => B1
        )

    [42] => Array
        (
            [round_res] => P
            [is_tie] => 0
            [symbol] => P4
        )

    [43] => Array
        (
            [round_res] => P
            [is_tie] => 0
            [symbol] => P1
        )

    [44] => Array
        (
            [round_res] => B
            [is_tie] => 0
            [symbol] => B1
        )

    [45] => Array
        (
            [round_res] => B
            [is_tie] => 0
            [symbol] => B1
        )

    [46] => Array
        (
            [round_res] => P
            [is_tie] => 0
            [symbol] => P1
        )

    [47] => Array
        (
            [round_res] => P
            [is_tie] => 0
            [symbol] => P1
        )

    [48] => Array
        (
            [round_res] => P
            [is_tie] => 1
            [symbol] => T1
        )

    [49] => Array
        (
            [round_res] => B
            [is_tie] => 0
            [symbol] => B2
        )

    [50] => Array
        (
            [round_res] => P
            [is_tie] => 0
            [symbol] => P1
        )

    [51] => Array
        (
            [round_res] => P
            [is_tie] => 0
            [symbol] => P1
        )

    [52] => Array
        (
            [round_res] => P
            [is_tie] => 0
            [symbol] => P2
        )

    [53] => Array
        (
            [round_res] => B
            [is_tie] => 0
            [symbol] => B1
        )

    [54] => Array
        (
            [round_res] => P
            [is_tie] => 0
            [symbol] => P1
        )

    [55] => Array
        (
            [round_res] => P
            [is_tie] => 0
            [symbol] => P2
        )

    [56] => Array
        (
            [round_res] => B
            [is_tie] => 0
            [symbol] => B1
        )

    [57] => Array
        (
            [round_res] => B
            [is_tie] => 1
            [symbol] => T1
        )

    [58] => Array
        (
            [round_res] => B
            [is_tie] => 1
            [symbol] => T1
        )

    [59] => Array
        (
            [round_res] => B
            [is_tie] => 0
            [symbol] => B2
        )

    [60] => Array
        (
            [round_res] => P
            [is_tie] => 0
            [symbol] => P1
        )

    [61] => Array
        (
            [round_res] => B
            [is_tie] => 0
            [symbol] => B1
        )

    [62] => Array
        (
            [round_res] => B
            [is_tie] => 0
            [symbol] => B1
        )

    [63] => Array
        (
            [round_res] => B
            [is_tie] => 0
            [symbol] => B2
        )

    [64] => Array
        (
            [round_res] => B
            [is_tie] => 0
            [symbol] => B1
        )

    [65] => Array
        (
            [round_res] => P
            [is_tie] => 0
            [symbol] => P1
        )

    [66] => Array
        (
            [round_res] => B
            [is_tie] => 0
            [symbol] => B1
        )

    [67] => Array
        (
            [round_res] => B
            [is_tie] => 1
            [symbol] => T1
        )

    [68] => Array
        (
            [round_res] => B
            [is_tie] => 0
            [symbol] => B1
        )

)
string(10) "VidId:M055"
[Scoreboard]:Array
(
    [0] => Array
        (
            [round_res] => P
            [is_tie] => 0
            [symbol] => P1
        )

    [1] => Array
        (
            [round_res] => P
            [is_tie] => 0
            [symbol] => P1
        )

    [2] => Array
        (
            [round_res] => B
            [is_tie] => 0
            [symbol] => B2
        )

    [3] => Array
        (
            [round_res] => P
            [is_tie] => 0
            [symbol] => P1
        )

    [4] => Array
        (
            [round_res] => P
            [is_tie] => 0
            [symbol] => P1
        )

    [5] => Array
        (
            [round_res] => B
            [is_tie] => 0
            [symbol] => B1
        )

    [6] => Array
        (
            [round_res] => B
            [is_tie] => 0
            [symbol] => B2
        )

    [7] => Array
        (
            [round_res] => B
            [is_tie] => 0
            [symbol] => B1
        )

    [8] => Array
        (
            [round_res] => B
            [is_tie] => 0
            [symbol] => B1
        )

    [9] => Array
        (
            [round_res] => B
            [is_tie] => 0
            [symbol] => B2
        )

    [10] => Array
        (
            [round_res] => B
            [is_tie] => 0
            [symbol] => B1
        )

    [11] => Array
        (
            [round_res] => B
            [is_tie] => 1
            [symbol] => T1
        )

    [12] => Array
        (
            [round_res] => B
            [is_tie] => 0
            [symbol] => B1
        )

    [13] => Array
        (
            [round_res] => B
            [is_tie] => 0
            [symbol] => B1
        )

    [14] => Array
        (
            [round_res] => B
            [is_tie] => 1
            [symbol] => T1
        )

    [15] => Array
        (
            [round_res] => B
            [is_tie] => 0
            [symbol] => B1
        )

    [16] => Array
        (
            [round_res] => B
            [is_tie] => 0
            [symbol] => B1
        )

    [17] => Array
        (
            [round_res] => P
            [is_tie] => 0
            [symbol] => P1
        )

    [18] => Array
        (
            [round_res] => P
            [is_tie] => 0
            [symbol] => P1
        )

    [19] => Array
        (
            [round_res] => B
            [is_tie] => 0
            [symbol] => B1
        )

    [20] => Array
        (
            [round_res] => P
            [is_tie] => 0
            [symbol] => P4
        )

    [21] => Array
        (
            [round_res] => B
            [is_tie] => 0
            [symbol] => B1
        )

    [22] => Array
        (
            [round_res] => B
            [is_tie] => 0
            [symbol] => B1
        )

    [23] => Array
        (
            [round_res] => B
            [is_tie] => 0
            [symbol] => B1
        )

    [24] => Array
        (
            [round_res] => B
            [is_tie] => 0
            [symbol] => B1
        )

    [25] => Array
        (
            [round_res] => B
            [is_tie] => 1
            [symbol] => T1
        )

    [26] => Array
        (
            [round_res] => P
            [is_tie] => 0
            [symbol] => P1
        )

    [27] => Array
        (
            [round_res] => B
            [is_tie] => 0
            [symbol] => B1
        )

    [28] => Array
        (
            [round_res] => B
            [is_tie] => 0
            [symbol] => B1
        )

    [29] => Array
        (
            [round_res] => P
            [is_tie] => 0
            [symbol] => P2
        )

    [30] => Array
        (
            [round_res] => P
            [is_tie] => 1
            [symbol] => T1
        )

    [31] => Array
        (
            [round_res] => B
            [is_tie] => 0
            [symbol] => B1
        )

    [32] => Array
        (
            [round_res] => P
            [is_tie] => 0
            [symbol] => P1
        )

    [33] => Array
        (
            [round_res] => P
            [is_tie] => 0
            [symbol] => P1
        )

    [34] => Array
        (
            [round_res] => B
            [is_tie] => 0
            [symbol] => B1
        )

    [35] => Array
        (
            [round_res] => P
            [is_tie] => 0
            [symbol] => P1
        )

    [36] => Array
        (
            [round_res] => P
            [is_tie] => 0
            [symbol] => P1
        )

    [37] => Array
        (
            [round_res] => P
            [is_tie] => 0
            [symbol] => P1
        )

    [38] => Array
        (
            [round_res] => B
            [is_tie] => 0
            [symbol] => B2
        )

    [39] => Array
        (
            [round_res] => P
            [is_tie] => 0
            [symbol] => P1
        )

    [40] => Array
        (
            [round_res] => B
            [is_tie] => 0
            [symbol] => B1
        )

    [41] => Array
        (
            [round_res] => P
            [is_tie] => 0
            [symbol] => P1
        )

    [42] => Array
        (
            [round_res] => P
            [is_tie] => 0
            [symbol] => P1
        )

    [43] => Array
        (
            [round_res] => P
            [is_tie] => 0
            [symbol] => P1
        )

    [44] => Array
        (
            [round_res] => B
            [is_tie] => 0
            [symbol] => B1
        )

    [45] => Array
        (
            [round_res] => B
            [is_tie] => 0
            [symbol] => B1
        )

    [46] => Array
        (
            [round_res] => P
            [is_tie] => 0
            [symbol] => P1
        )

    [47] => Array
        (
            [round_res] => P
            [is_tie] => 0
            [symbol] => P1
        )

    [48] => Array
        (
            [round_res] => P
            [is_tie] => 0
            [symbol] => P2
        )

    [49] => Array
        (
            [round_res] => P
            [is_tie] => 0
            [symbol] => P2
        )

    [50] => Array
        (
            [round_res] => P
            [is_tie] => 0
            [symbol] => P1
        )

)
string(10) "VidId:M054"
[Scoreboard]:Array
(
    [0] => Array
        (
            [round_res] => P
            [is_tie] => 0
            [symbol] => P1
        )

    [1] => Array
        (
            [round_res] => P
            [is_tie] => 1
            [symbol] => T1
        )

    [2] => Array
        (
            [round_res] => B
            [is_tie] => 0
            [symbol] => B1
        )

    [3] => Array
        (
            [round_res] => B
            [is_tie] => 0
            [symbol] => B1
        )

    [4] => Array
        (
            [round_res] => P
            [is_tie] => 0
            [symbol] => P1
        )

    [5] => Array
        (
            [round_res] => P
            [is_tie] => 0
            [symbol] => P1
        )

    [6] => Array
        (
            [round_res] => B
            [is_tie] => 0
            [symbol] => B1
        )

    [7] => Array
        (
            [round_res] => P
            [is_tie] => 0
            [symbol] => P1
        )

    [8] => Array
        (
            [round_res] => B
            [is_tie] => 0
            [symbol] => B1
        )

    [9] => Array
        (
            [round_res] => B
            [is_tie] => 0
            [symbol] => B1
        )

    [10] => Array
        (
            [round_res] => P
            [is_tie] => 0
            [symbol] => P1
        )

    [11] => Array
        (
            [round_res] => B
            [is_tie] => 0
            [symbol] => B1
        )

    [12] => Array
        (
            [round_res] => B
            [is_tie] => 0
            [symbol] => B1
        )

    [13] => Array
        (
            [round_res] => B
            [is_tie] => 0
            [symbol] => B1
        )

    [14] => Array
        (
            [round_res] => B
            [is_tie] => 0
            [symbol] => B1
        )

    [15] => Array
        (
            [round_res] => P
            [is_tie] => 0
            [symbol] => P1
        )

    [16] => Array
        (
            [round_res] => P
            [is_tie] => 0
            [symbol] => P1
        )

    [17] => Array
        (
            [round_res] => P
            [is_tie] => 1
            [symbol] => T1
        )

    [18] => Array
        (
            [round_res] => P
            [is_tie] => 0
            [symbol] => P1
        )

    [19] => Array
        (
            [round_res] => P
            [is_tie] => 0
            [symbol] => P1
        )

    [20] => Array
        (
            [round_res] => P
            [is_tie] => 0
            [symbol] => P1
        )

    [21] => Array
        (
            [round_res] => P
            [is_tie] => 0
            [symbol] => P1
        )

    [22] => Array
        (
            [round_res] => B
            [is_tie] => 0
            [symbol] => B1
        )

    [23] => Array
        (
            [round_res] => P
            [is_tie] => 0
            [symbol] => P2
        )

    [24] => Array
        (
            [round_res] => P
            [is_tie] => 0
            [symbol] => P1
        )

    [25] => Array
        (
            [round_res] => P
            [is_tie] => 1
            [symbol] => T3
        )

    [26] => Array
        (
            [round_res] => P
            [is_tie] => 0
            [symbol] => P1
        )

    [27] => Array
        (
            [round_res] => P
            [is_tie] => 0
            [symbol] => P1
        )

    [28] => Array
        (
            [round_res] => P
            [is_tie] => 0
            [symbol] => P1
        )

    [29] => Array
        (
            [round_res] => P
            [is_tie] => 0
            [symbol] => P1
        )

    [30] => Array
        (
            [round_res] => P
            [is_tie] => 0
            [symbol] => P1
        )

    [31] => Array
        (
            [round_res] => P
            [is_tie] => 0
            [symbol] => P2
        )

    [32] => Array
        (
            [round_res] => B
            [is_tie] => 0
            [symbol] => B1
        )

    [33] => Array
        (
            [round_res] => B
            [is_tie] => 0
            [symbol] => B1
        )

    [34] => Array
        (
            [round_res] => P
            [is_tie] => 0
            [symbol] => P1
        )

    [35] => Array
        (
            [round_res] => P
            [is_tie] => 1
            [symbol] => T1
        )

    [36] => Array
        (
            [round_res] => P
            [is_tie] => 0
            [symbol] => P1
        )

    [37] => Array
        (
            [round_res] => B
            [is_tie] => 0
            [symbol] => B1
        )

    [38] => Array
        (
            [round_res] => P
            [is_tie] => 0
            [symbol] => P2
        )

    [39] => Array
        (
            [round_res] => P
            [is_tie] => 0
            [symbol] => P2
        )

    [40] => Array
        (
            [round_res] => B
            [is_tie] => 0
            [symbol] => B1
        )

    [41] => Array
        (
            [round_res] => B
            [is_tie] => 0
            [symbol] => B1
        )

    [42] => Array
        (
            [round_res] => B
            [is_tie] => 1
            [symbol] => T1
        )

    [43] => Array
        (
            [round_res] => P
            [is_tie] => 0
            [symbol] => P4
        )

    [44] => Array
        (
            [round_res] => B
            [is_tie] => 0
            [symbol] => B1
        )

    [45] => Array
        (
            [round_res] => B
            [is_tie] => 0
            [symbol] => B1
        )

    [46] => Array
        (
            [round_res] => B
            [is_tie] => 0
            [symbol] => B2
        )

)
string(10) "VidId:M053"
[Scoreboard]:Array
(
    [0] => Array
        (
            [round_res] => P
            [is_tie] => 0
            [symbol] => P4
        )

    [1] => Array
        (
            [round_res] => P
            [is_tie] => 0
            [symbol] => P1
        )

    [2] => Array
        (
            [round_res] => P
            [is_tie] => 0
            [symbol] => P1
        )

    [3] => Array
        (
            [round_res] => P
            [is_tie] => 0
            [symbol] => P1
        )

    [4] => Array
        (
            [round_res] => B
            [is_tie] => 0
            [symbol] => B1
        )

    [5] => Array
        (
            [round_res] => B
            [is_tie] => 0
            [symbol] => B1
        )

    [6] => Array
        (
            [round_res] => P
            [is_tie] => 0
            [symbol] => P1
        )

    [7] => Array
        (
            [round_res] => B
            [is_tie] => 0
            [symbol] => B1
        )

    [8] => Array
        (
            [round_res] => B
            [is_tie] => 0
            [symbol] => B1
        )

    [9] => Array
        (
            [round_res] => B
            [is_tie] => 0
            [symbol] => B1
        )

)
string(10) "VidId:M052"
[Scoreboard]:Array
(
    [0] => Array
        (
            [round_res] => P
            [is_tie] => 0
            [symbol] => P1
        )

    [1] => Array
        (
            [round_res] => B
            [is_tie] => 0
            [symbol] => B4
        )

    [2] => Array
        (
            [round_res] => P
            [is_tie] => 0
            [symbol] => P1
        )

    [3] => Array
        (
            [round_res] => P
            [is_tie] => 0
            [symbol] => P1
        )

    [4] => Array
        (
            [round_res] => B
            [is_tie] => 0
            [symbol] => B1
        )

    [5] => Array
        (
            [round_res] => P
            [is_tie] => 0
            [symbol] => P1
        )

    [6] => Array
        (
            [round_res] => P
            [is_tie] => 0
            [symbol] => P1
        )

    [7] => Array
        (
            [round_res] => P
            [is_tie] => 0
            [symbol] => P1
        )

    [8] => Array
        (
            [round_res] => P
            [is_tie] => 0
            [symbol] => P1
        )

    [9] => Array
        (
            [round_res] => P
            [is_tie] => 0
            [symbol] => P2
        )

    [10] => Array
        (
            [round_res] => P
            [is_tie] => 1
            [symbol] => T1
        )

    [11] => Array
        (
            [round_res] => B
            [is_tie] => 0
            [symbol] => B2
        )

    [12] => Array
        (
            [round_res] => B
            [is_tie] => 1
            [symbol] => T1
        )

    [13] => Array
        (
            [round_res] => P
            [is_tie] => 0
            [symbol] => P1
        )

    [14] => Array
        (
            [round_res] => P
            [is_tie] => 0
            [symbol] => P1
        )

    [15] => Array
        (
            [round_res] => B
            [is_tie] => 0
            [symbol] => B2
        )

    [16] => Array
        (
            [round_res] => B
            [is_tie] => 0
            [symbol] => B1
        )

    [17] => Array
        (
            [round_res] => B
            [is_tie] => 0
            [symbol] => B1
        )

    [18] => Array
        (
            [round_res] => B
            [is_tie] => 0
            [symbol] => B1
        )

    [19] => Array
        (
            [round_res] => P
            [is_tie] => 0
            [symbol] => P2
        )

    [20] => Array
        (
            [round_res] => P
            [is_tie] => 0
            [symbol] => P2
        )

    [21] => Array
        (
            [round_res] => P
            [is_tie] => 0
            [symbol] => P1
        )

    [22] => Array
        (
            [round_res] => P
            [is_tie] => 0
            [symbol] => P1
        )

    [23] => Array
        (
            [round_res] => P
            [is_tie] => 0
            [symbol] => P1
        )

    [24] => Array
        (
            [round_res] => P
            [is_tie] => 0
            [symbol] => P1
        )

    [25] => Array
        (
            [round_res] => B
            [is_tie] => 0
            [symbol] => B1
        )

    [26] => Array
        (
            [round_res] => B
            [is_tie] => 0
            [symbol] => B1
        )

    [27] => Array
        (
            [round_res] => B
            [is_tie] => 0
            [symbol] => B1
        )

    [28] => Array
        (
            [round_res] => B
            [is_tie] => 0
            [symbol] => B1
        )

)
string(10) "VidId:M056"
[Scoreboard]:Array
(
    [0] => Array
        (
            [round_res] => P
            [is_tie] => 0
            [symbol] => P2
        )

    [1] => Array
        (
            [round_res] => B
            [is_tie] => 0
            [symbol] => B1
        )

    [2] => Array
        (
            [round_res] => P
            [is_tie] => 0
            [symbol] => P1
        )

    [3] => Array
        (
            [round_res] => B
            [is_tie] => 0
            [symbol] => B1
        )

    [4] => Array
        (
            [round_res] => B
            [is_tie] => 0
            [symbol] => B1
        )

    [5] => Array
        (
            [round_res] => P
            [is_tie] => 0
            [symbol] => P1
        )

    [6] => Array
        (
            [round_res] => B
            [is_tie] => 0
            [symbol] => B1
        )

    [7] => Array
        (
            [round_res] => B
            [is_tie] => 1
            [symbol] => T1
        )

    [8] => Array
        (
            [round_res] => B
            [is_tie] => 0
            [symbol] => B1
        )

    [9] => Array
        (
            [round_res] => B
            [is_tie] => 1
            [symbol] => T1
        )

    [10] => Array
        (
            [round_res] => P
            [is_tie] => 0
            [symbol] => P1
        )

    [11] => Array
        (
            [round_res] => P
            [is_tie] => 0
            [symbol] => P1
        )

    [12] => Array
        (
            [round_res] => P
            [is_tie] => 1
            [symbol] => T1
        )

    [13] => Array
        (
            [round_res] => P
            [is_tie] => 1
            [symbol] => T1
        )

    [14] => Array
        (
            [round_res] => B
            [is_tie] => 0
            [symbol] => B1
        )

    [15] => Array
        (
            [round_res] => P
            [is_tie] => 0
            [symbol] => P2
        )

)
string(10) "VidId:N016"
[Scoreboard]:Array
(
    [0] => Array
        (
            [round_res] => P
            [is_tie] => 0
            [symbol] => P1
        )

    [1] => Array
        (
            [round_res] => P
            [is_tie] => 0
            [symbol] => P1
        )

    [2] => Array
        (
            [round_res] => P
            [is_tie] => 0
            [symbol] => P1
        )

    [3] => Array
        (
            [round_res] => P
            [is_tie] => 0
            [symbol] => P1
        )

    [4] => Array
        (
            [round_res] => P
            [is_tie] => 0
            [symbol] => P1
        )

    [5] => Array
        (
            [round_res] => B
            [is_tie] => 0
            [symbol] => B1
        )

    [6] => Array
        (
            [round_res] => P
            [is_tie] => 0
            [symbol] => P1
        )

    [7] => Array
        (
            [round_res] => P
            [is_tie] => 0
            [symbol] => P1
        )

    [8] => Array
        (
            [round_res] => B
            [is_tie] => 0
            [symbol] => B2
        )

    [9] => Array
        (
            [round_res] => B
            [is_tie] => 0
            [symbol] => B1
        )

    [10] => Array
        (
            [round_res] => B
            [is_tie] => 0
            [symbol] => B1
        )

    [11] => Array
        (
            [round_res] => B
            [is_tie] => 0
            [symbol] => B1
        )

    [12] => Array
        (
            [round_res] => B
            [is_tie] => 0
            [symbol] => B1
        )

    [13] => Array
        (
            [round_res] => P
            [is_tie] => 0
            [symbol] => P1
        )

    [14] => Array
        (
            [round_res] => B
            [is_tie] => 0
            [symbol] => B1
        )

    [15] => Array
        (
            [round_res] => P
            [is_tie] => 0
            [symbol] => P1
        )

    [16] => Array
        (
            [round_res] => P
            [is_tie] => 0
            [symbol] => P1
        )

    [17] => Array
        (
            [round_res] => P
            [is_tie] => 0
            [symbol] => P1
        )

    [18] => Array
        (
            [round_res] => B
            [is_tie] => 0
            [symbol] => B1
        )

    [19] => Array
        (
            [round_res] => P
            [is_tie] => 0
            [symbol] => P1
        )

    [20] => Array
        (
            [round_res] => P
            [is_tie] => 0
            [symbol] => P1
        )

    [21] => Array
        (
            [round_res] => P
            [is_tie] => 1
            [symbol] => T1
        )

    [22] => Array
        (
            [round_res] => B
            [is_tie] => 0
            [symbol] => B2
        )

    [23] => Array
        (
            [round_res] => P
            [is_tie] => 0
            [symbol] => P1
        )

    [24] => Array
        (
            [round_res] => P
            [is_tie] => 0
            [symbol] => P1
        )

    [25] => Array
        (
            [round_res] => P
            [is_tie] => 0
            [symbol] => P1
        )

    [26] => Array
        (
            [round_res] => P
            [is_tie] => 0
            [symbol] => P2
        )

    [27] => Array
        (
            [round_res] => B
            [is_tie] => 0
            [symbol] => B4
        )

    [28] => Array
        (
            [round_res] => B
            [is_tie] => 0
            [symbol] => B1
        )

    [29] => Array
        (
            [round_res] => B
            [is_tie] => 0
            [symbol] => B1
        )

    [30] => Array
        (
            [round_res] => B
            [is_tie] => 0
            [symbol] => B1
        )

    [31] => Array
        (
            [round_res] => B
            [is_tie] => 0
            [symbol] => B2
        )

    [32] => Array
        (
            [round_res] => B
            [is_tie] => 0
            [symbol] => B2
        )

    [33] => Array
        (
            [round_res] => P
            [is_tie] => 0
            [symbol] => P1
        )

    [34] => Array
        (
            [round_res] => B
            [is_tie] => 0
            [symbol] => B2
        )

    [35] => Array
        (
            [round_res] => B
            [is_tie] => 0
            [symbol] => B2
        )

    [36] => Array
        (
            [round_res] => B
            [is_tie] => 0
            [symbol] => B1
        )

    [37] => Array
        (
            [round_res] => B
            [is_tie] => 1
            [symbol] => T1
        )

    [38] => Array
        (
            [round_res] => B
            [is_tie] => 0
            [symbol] => B1
        )

    [39] => Array
        (
            [round_res] => P
            [is_tie] => 0
            [symbol] => P1
        )

    [40] => Array
        (
            [round_res] => B
            [is_tie] => 0
            [symbol] => B2
        )

    [41] => Array
        (
            [round_res] => P
            [is_tie] => 0
            [symbol] => P1
        )

    [42] => Array
        (
            [round_res] => P
            [is_tie] => 0
            [symbol] => P1
        )

    [43] => Array
        (
            [round_res] => B
            [is_tie] => 0
            [symbol] => B1
        )

    [44] => Array
        (
            [round_res] => P
            [is_tie] => 0
            [symbol] => P1
        )

    [45] => Array
        (
            [round_res] => P
            [is_tie] => 0
            [symbol] => P1
        )

    [46] => Array
        (
            [round_res] => P
            [is_tie] => 0
            [symbol] => P1
        )

    [47] => Array
        (
            [round_res] => P
            [is_tie] => 0
            [symbol] => P2
        )

    [48] => Array
        (
            [round_res] => B
            [is_tie] => 0
            [symbol] => B1
        )

    [49] => Array
        (
            [round_res] => P
            [is_tie] => 0
            [symbol] => P2
        )

    [50] => Array
        (
            [round_res] => P
            [is_tie] => 0
            [symbol] => P1
        )

    [51] => Array
        (
            [round_res] => B
            [is_tie] => 0
            [symbol] => B1
        )

    [52] => Array
        (
            [round_res] => B
            [is_tie] => 0
            [symbol] => B1
        )

    [53] => Array
        (
            [round_res] => B
            [is_tie] => 0
            [symbol] => B2
        )

    [54] => Array
        (
            [round_res] => P
            [is_tie] => 0
            [symbol] => P1
        )

    [55] => Array
        (
            [round_res] => P
            [is_tie] => 0
            [symbol] => P1
        )

    [56] => Array
        (
            [round_res] => P
            [is_tie] => 0
            [symbol] => P1
        )

    [57] => Array
        (
            [round_res] => B
            [is_tie] => 0
            [symbol] => B2
        )

    [58] => Array
        (
            [round_res] => B
            [is_tie] => 0
            [symbol] => B2
        )

    [59] => Array
        (
            [round_res] => P
            [is_tie] => 0
            [symbol] => P1
        )

    [60] => Array
        (
            [round_res] => P
            [is_tie] => 0
            [symbol] => P1
        )

    [61] => Array
        (
            [round_res] => P
            [is_tie] => 0
            [symbol] => P1
        )

    [62] => Array
        (
            [round_res] => P
            [is_tie] => 0
            [symbol] => P2
        )

    [63] => Array
        (
            [round_res] => B
            [is_tie] => 0
            [symbol] => B1
        )

    [64] => Array
        (
            [round_res] => B
            [is_tie] => 1
            [symbol] => T1
        )

    [65] => Array
        (
            [round_res] => B
            [is_tie] => 0
            [symbol] => B1
        )

    [66] => Array
        (
            [round_res] => B
            [is_tie] => 0
            [symbol] => B1
        )

    [67] => Array
        (
            [round_res] => P
            [is_tie] => 0
            [symbol] => P1
        )

    [68] => Array
        (
            [round_res] => P
            [is_tie] => 0
            [symbol] => P1
        )

    [69] => Array
        (
            [round_res] => B
            [is_tie] => 0
            [symbol] => B1
        )

    [70] => Array
        (
            [round_res] => B
            [is_tie] => 0
            [symbol] => B1
        )

    [71] => Array
        (
            [round_res] => B
            [is_tie] => 0
            [symbol] => B1
        )

    [72] => Array
        (
            [round_res] => P
            [is_tie] => 0
            [symbol] => P1
        )

    [73] => Array
        (
            [round_res] => B
            [is_tie] => 0
            [symbol] => B1
        )

    [74] => Array
        (
            [round_res] => B
            [is_tie] => 0
            [symbol] => B1
        )

    [75] => Array
        (
            [round_res] => B
            [is_tie] => 0
            [symbol] => B1
        )

)
string(10) "VidId:N010"
[Scoreboard]:Array
(
    [0] => Array
        (
            [round_res] => P
            [is_tie] => 0
            [symbol] => P1
        )

    [1] => Array
        (
            [round_res] => P
            [is_tie] => 0
            [symbol] => P1
        )

    [2] => Array
        (
            [round_res] => P
            [is_tie] => 0
            [symbol] => P1
        )

    [3] => Array
        (
            [round_res] => P
            [is_tie] => 0
            [symbol] => P1
        )

    [4] => Array
        (
            [round_res] => B
            [is_tie] => 0
            [symbol] => B2
        )

    [5] => Array
        (
            [round_res] => P
            [is_tie] => 0
            [symbol] => P1
        )

    [6] => Array
        (
            [round_res] => B
            [is_tie] => 0
            [symbol] => B1
        )

    [7] => Array
        (
            [round_res] => P
            [is_tie] => 0
            [symbol] => P1
        )

    [8] => Array
        (
            [round_res] => B
            [is_tie] => 0
            [symbol] => B1
        )

    [9] => Array
        (
            [round_res] => P
            [is_tie] => 0
            [symbol] => P1
        )

    [10] => Array
        (
            [round_res] => P
            [is_tie] => 0
            [symbol] => P1
        )

    [11] => Array
        (
            [round_res] => B
            [is_tie] => 0
            [symbol] => B1
        )

    [12] => Array
        (
            [round_res] => B
            [is_tie] => 1
            [symbol] => T1
        )

    [13] => Array
        (
            [round_res] => P
            [is_tie] => 0
            [symbol] => P1
        )

    [14] => Array
        (
            [round_res] => P
            [is_tie] => 1
            [symbol] => T1
        )

    [15] => Array
        (
            [round_res] => B
            [is_tie] => 0
            [symbol] => B1
        )

    [16] => Array
        (
            [round_res] => P
            [is_tie] => 0
            [symbol] => P1
        )

    [17] => Array
        (
            [round_res] => P
            [is_tie] => 0
            [symbol] => P1
        )

    [18] => Array
        (
            [round_res] => P
            [is_tie] => 0
            [symbol] => P1
        )

    [19] => Array
        (
            [round_res] => B
            [is_tie] => 0
            [symbol] => B1
        )

)
string(10) "VidId:N011"
[Scoreboard]:Array
(
    [0] => Array
        (
            [round_res] => P
            [is_tie] => 0
            [symbol] => P1
        )

    [1] => Array
        (
            [round_res] => P
            [is_tie] => 0
            [symbol] => P1
        )

    [2] => Array
        (
            [round_res] => B
            [is_tie] => 0
            [symbol] => B1
        )

    [3] => Array
        (
            [round_res] => B
            [is_tie] => 0
            [symbol] => B1
        )

    [4] => Array
        (
            [round_res] => B
            [is_tie] => 1
            [symbol] => T1
        )

    [5] => Array
        (
            [round_res] => P
            [is_tie] => 0
            [symbol] => P1
        )

    [6] => Array
        (
            [round_res] => P
            [is_tie] => 0
            [symbol] => P1
        )

    [7] => Array
        (
            [round_res] => B
            [is_tie] => 0
            [symbol] => B2
        )

    [8] => Array
        (
            [round_res] => B
            [is_tie] => 0
            [symbol] => B1
        )

    [9] => Array
        (
            [round_res] => B
            [is_tie] => 0
            [symbol] => B2
        )

    [10] => Array
        (
            [round_res] => P
            [is_tie] => 0
            [symbol] => P1
        )

    [11] => Array
        (
            [round_res] => B
            [is_tie] => 0
            [symbol] => B1
        )

    [12] => Array
        (
            [round_res] => B
            [is_tie] => 0
            [symbol] => B2
        )

    [13] => Array
        (
            [round_res] => B
            [is_tie] => 0
            [symbol] => B1
        )

    [14] => Array
        (
            [round_res] => B
            [is_tie] => 0
            [symbol] => B1
        )

    [15] => Array
        (
            [round_res] => P
            [is_tie] => 0
            [symbol] => P1
        )

    [16] => Array
        (
            [round_res] => P
            [is_tie] => 0
            [symbol] => P1
        )

    [17] => Array
        (
            [round_res] => B
            [is_tie] => 0
            [symbol] => B1
        )

    [18] => Array
        (
            [round_res] => B
            [is_tie] => 0
            [symbol] => B1
        )

    [19] => Array
        (
            [round_res] => P
            [is_tie] => 0
            [symbol] => P1
        )

    [20] => Array
        (
            [round_res] => B
            [is_tie] => 0
            [symbol] => B1
        )

    [21] => Array
        (
            [round_res] => P
            [is_tie] => 0
            [symbol] => P1
        )

)
string(10) "VidId:N012"
[Scoreboard]:Array
(
    [0] => Array
        (
            [round_res] => P
            [is_tie] => 0
            [symbol] => P4
        )

    [1] => Array
        (
            [round_res] => P
            [is_tie] => 0
            [symbol] => P1
        )

    [2] => Array
        (
            [round_res] => B
            [is_tie] => 0
            [symbol] => B1
        )

    [3] => Array
        (
            [round_res] => B
            [is_tie] => 0
            [symbol] => B1
        )

    [4] => Array
        (
            [round_res] => B
            [is_tie] => 0
            [symbol] => B1
        )

    [5] => Array
        (
            [round_res] => P
            [is_tie] => 0
            [symbol] => P1
        )

    [6] => Array
        (
            [round_res] => P
            [is_tie] => 0
            [symbol] => P1
        )

    [7] => Array
        (
            [round_res] => B
            [is_tie] => 0
            [symbol] => B1
        )

    [8] => Array
        (
            [round_res] => B
            [is_tie] => 0
            [symbol] => B2
        )

    [9] => Array
        (
            [round_res] => B
            [is_tie] => 0
            [symbol] => B1
        )

    [10] => Array
        (
            [round_res] => B
            [is_tie] => 1
            [symbol] => T3
        )

    [11] => Array
        (
            [round_res] => P
            [is_tie] => 0
            [symbol] => P1
        )

    [12] => Array
        (
            [round_res] => P
            [is_tie] => 0
            [symbol] => P1
        )

    [13] => Array
        (
            [round_res] => P
            [is_tie] => 0
            [symbol] => P1
        )

    [14] => Array
        (
            [round_res] => B
            [is_tie] => 0
            [symbol] => B1
        )

    [15] => Array
        (
            [round_res] => B
            [is_tie] => 0
            [symbol] => B1
        )

    [16] => Array
        (
            [round_res] => P
            [is_tie] => 0
            [symbol] => P1
        )

    [17] => Array
        (
            [round_res] => P
            [is_tie] => 0
            [symbol] => P1
        )

    [18] => Array
        (
            [round_res] => P
            [is_tie] => 0
            [symbol] => P1
        )

    [19] => Array
        (
            [round_res] => B
            [is_tie] => 0
            [symbol] => B2
        )

    [20] => Array
        (
            [round_res] => B
            [is_tie] => 0
            [symbol] => B1
        )

    [21] => Array
        (
            [round_res] => B
            [is_tie] => 0
            [symbol] => B1
        )

)
string(10) "VidId:N017"
[Scoreboard]:Array
(
    [0] => Array
        (
            [round_res] => P
            [is_tie] => 0
            [symbol] => P1
        )

    [1] => Array
        (
            [round_res] => P
            [is_tie] => 0
            [symbol] => P1
        )

    [2] => Array
        (
            [round_res] => B
            [is_tie] => 0
            [symbol] => B1
        )

    [3] => Array
        (
            [round_res] => B
            [is_tie] => 0
            [symbol] => B1
        )

    [4] => Array
        (
            [round_res] => B
            [is_tie] => 0
            [symbol] => B1
        )

    [5] => Array
        (
            [round_res] => P
            [is_tie] => 0
            [symbol] => P1
        )

    [6] => Array
        (
            [round_res] => P
            [is_tie] => 1
            [symbol] => T1
        )

)
string(10) "VidId:N018"
[Scoreboard]:Array
(
    [0] => Array
        (
            [round_res] => P
            [is_tie] => 0
            [symbol] => P1
        )

    [1] => Array
        (
            [round_res] => P
            [is_tie] => 0
            [symbol] => P2
        )

    [2] => Array
        (
            [round_res] => B
            [is_tie] => 0
            [symbol] => B1
        )

)
string(10) "VidId:N019"
[Scoreboard]:Array
(
    [0] => Array
        (
            [round_res] => B
            [is_tie] => 0
            [symbol] => B1
        )

    [1] => Array
        (
            [round_res] => B
            [is_tie] => 0
            [symbol] => B1
        )

    [2] => Array
        (
            [round_res] => B
            [is_tie] => 0
            [symbol] => B1
        )

    [3] => Array
        (
            [round_res] => P
            [is_tie] => 0
            [symbol] => P1
        )

    [4] => Array
        (
            [round_res] => B
            [is_tie] => 0
            [symbol] => B1
        )

    [5] => Array
        (
            [round_res] => B
            [is_tie] => 1
            [symbol] => T1
        )

)
string(10) "VidId:M051"
[Scoreboard]:Array
(
    [0] => Array
        (
            [round_res] => B
            [is_tie] => 0
            [symbol] => B1
        )

    [1] => Array
        (
            [round_res] => P
            [is_tie] => 0
            [symbol] => P1
        )

    [2] => Array
        (
            [round_res] => B
            [is_tie] => 0
            [symbol] => B1
        )

    [3] => Array
        (
            [round_res] => B
            [is_tie] => 0
            [symbol] => B1
        )

    [4] => Array
        (
            [round_res] => B
            [is_tie] => 1
            [symbol] => T1
        )

    [5] => Array
        (
            [round_res] => B
            [is_tie] => 0
            [symbol] => B1
        )

    [6] => Array
        (
            [round_res] => P
            [is_tie] => 0
            [symbol] => P1
        )

    [7] => Array
        (
            [round_res] => P
            [is_tie] => 0
            [symbol] => P1
        )

    [8] => Array
        (
            [round_res] => B
            [is_tie] => 0
            [symbol] => B1
        )

    [9] => Array
        (
            [round_res] => B
            [is_tie] => 1
            [symbol] => T1
        )

    [10] => Array
        (
            [round_res] => B
            [is_tie] => 1
            [symbol] => T1
        )

    [11] => Array
        (
            [round_res] => B
            [is_tie] => 1
            [symbol] => T1
        )

    [12] => Array
        (
            [round_res] => B
            [is_tie] => 0
            [symbol] => B1
        )

    [13] => Array
        (
            [round_res] => B
            [is_tie] => 1
            [symbol] => T1
        )

)
[2024-01-28 04:13:17] SERVER > Accepting new Client...
string(10) "VidId:N006"
[Scoreboard]:Array
(
    [0] => Array
        (
            [round_res] => B
            [is_tie] => 0
            [symbol] => B1
        )

    [1] => Array
        (
            [round_res] => B
            [is_tie] => 0
            [symbol] => B1
        )

    [2] => Array
        (
            [round_res] => P
            [is_tie] => 0
            [symbol] => P1
        )

    [3] => Array
        (
            [round_res] => P
            [is_tie] => 0
            [symbol] => P1
        )

    [4] => Array
        (
            [round_res] => B
            [is_tie] => 0
            [symbol] => B2
        )

    [5] => Array
        (
            [round_res] => P
            [is_tie] => 0
            [symbol] => P1
        )

    [6] => Array
        (
            [round_res] => B
            [is_tie] => 0
            [symbol] => B1
        )

)
string(10) "VidId:N007"
[Scoreboard]:Array
(
    [0] => Array
        (
            [round_res] => B
            [is_tie] => 0
            [symbol] => B1
        )

    [1] => Array
        (
            [round_res] => B
            [is_tie] => 0
            [symbol] => B1
        )

    [2] => Array
        (
            [round_res] => P
            [is_tie] => 0
            [symbol] => P1
        )

    [3] => Array
        (
            [round_res] => P
            [is_tie] => 1
            [symbol] => T1
        )

    [4] => Array
        (
            [round_res] => B
            [is_tie] => 0
            [symbol] => B2
        )

    [5] => Array
        (
            [round_res] => B
            [is_tie] => 0
            [symbol] => B1
        )

)
string(10) "VidId:N008"
[Scoreboard]:Array
(
    [0] => Array
        (
            [round_res] => P
            [is_tie] => 0
            [symbol] => P1
        )

    [1] => Array
        (
            [round_res] => B
            [is_tie] => 0
            [symbol] => B2
        )

    [2] => Array
        (
            [round_res] => B
            [is_tie] => 0
            [symbol] => B2
        )

    [3] => Array
        (
            [round_res] => P
            [is_tie] => 0
            [symbol] => P1
        )

    [4] => Array
        (
            [round_res] => B
            [is_tie] => 0
            [symbol] => B2
        )

    [5] => Array
        (
            [round_res] => P
            [is_tie] => 0
            [symbol] => P1
        )

)
string(10) "VidId:N009"
[Scoreboard]:Array
(
    [0] => Array
        (
            [round_res] => P
            [is_tie] => 0
            [symbol] => P1
        )

    [1] => Array
        (
            [round_res] => B
            [is_tie] => 0
            [symbol] => B1
        )

    [2] => Array
        (
            [round_res] => P
            [is_tie] => 0
            [symbol] => P1
        )

    [3] => Array
        (
            [round_res] => P
            [is_tie] => 0
            [symbol] => P1
        )

    [4] => Array
        (
            [round_res] => P
            [is_tie] => 0
            [symbol] => P2
        )

    [5] => Array
        (
            [round_res] => P
            [is_tie] => 0
            [symbol] => P1
        )

    [6] => Array
        (
            [round_res] => P
            [is_tie] => 0
            [symbol] => P1
        )

    [7] => Array
        (
            [round_res] => B
            [is_tie] => 0
            [symbol] => B2
        )

    [8] => Array
        (
            [round_res] => P
            [is_tie] => 0
            [symbol] => P1
        )

    [9] => Array
        (
            [round_res] => P
            [is_tie] => 0
            [symbol] => P2
        )

)
string(10) "VidId:T032"
[Scoreboard]:Array
(
    [0] => Array
        (
            [round_res] => B
            [is_tie] => 0
            [symbol] => B1
        )

    [1] => Array
        (
            [round_res] => B
            [is_tie] => 0
            [symbol] => B1
        )

    [2] => Array
        (
            [round_res] => B
            [is_tie] => 0
            [symbol] => B1
        )

    [3] => Array
        (
            [round_res] => B
            [is_tie] => 1
            [symbol] => T1
        )

    [4] => Array
        (
            [round_res] => B
            [is_tie] => 0
            [symbol] => B1
        )

    [5] => Array
        (
            [round_res] => B
            [is_tie] => 0
            [symbol] => B1
        )

    [6] => Array
        (
            [round_res] => P
            [is_tie] => 0
            [symbol] => P1
        )

    [7] => Array
        (
            [round_res] => P
            [is_tie] => 1
            [symbol] => T1
        )

    [8] => Array
        (
            [round_res] => B
            [is_tie] => 0
            [symbol] => B1
        )

    [9] => Array
        (
            [round_res] => P
            [is_tie] => 0
            [symbol] => P1
        )

    [10] => Array
        (
            [round_res] => B
            [is_tie] => 0
            [symbol] => B1
        )

    [11] => Array
        (
            [round_res] => B
            [is_tie] => 0
            [symbol] => B1
        )

    [12] => Array
        (
            [round_res] => B
            [is_tie] => 0
            [symbol] => B2
        )

    [13] => Array
        (
            [round_res] => B
            [is_tie] => 0
            [symbol] => B2
        )

    [14] => Array
        (
            [round_res] => P
            [is_tie] => 0
            [symbol] => P2
        )

    [15] => Array
        (
            [round_res] => B
            [is_tie] => 0
            [symbol] => B2
        )

    [16] => Array
        (
            [round_res] => B
            [is_tie] => 1
            [symbol] => T1
        )

    [17] => Array
        (
            [round_res] => B
            [is_tie] => 0
            [symbol] => B1
        )

    [18] => Array
        (
            [round_res] => P
            [is_tie] => 0
            [symbol] => P2
        )

    [19] => Array
        (
            [round_res] => B
            [is_tie] => 0
            [symbol] => B1
        )

)
string(10) "VidId:B004"
[Scoreboard]:Array
(
    [0] => Array
        (
            [round_res] => P
            [is_tie] => 0
            [symbol] => P1
        )

    [1] => Array
        (
            [round_res] => P
            [is_tie] => 0
            [symbol] => P1
        )

    [2] => Array
        (
            [round_res] => B
            [is_tie] => 0
            [symbol] => B1
        )

    [3] => Array
        (
            [round_res] => B
            [is_tie] => 1
            [symbol] => T1
        )

    [4] => Array
        (
            [round_res] => B
            [is_tie] => 0
            [symbol] => B1
        )

    [5] => Array
        (
            [round_res] => B
            [is_tie] => 0
            [symbol] => B1
        )

    [6] => Array
        (
            [round_res] => P
            [is_tie] => 0
            [symbol] => P1
        )

    [7] => Array
        (
            [round_res] => P
            [is_tie] => 0
            [symbol] => P1
        )

    [8] => Array
        (
            [round_res] => P
            [is_tie] => 0
            [symbol] => P1
        )

)
string(10) "VidId:B005"
string(10) "VidId:B002"
[Scoreboard]:Array
(
)
string(10) "VidId:B003"
[Scoreboard]:Array
(
    [0] => Array
        (
            [round_res] => P
            [is_tie] => 0
            [symbol] => P1
        )

    [1] => Array
        (
            [round_res] => B
            [is_tie] => 0
            [symbol] => B1
        )

    [2] => Array
        (
            [round_res] => B
            [is_tie] => 0
            [symbol] => B1
        )

    [3] => Array
        (
            [round_res] => P
            [is_tie] => 0
            [symbol] => P1
        )

    [4] => Array
        (
            [round_res] => B
            [is_tie] => 0
            [symbol] => B1
        )

    [5] => Array
        (
            [round_res] => B
            [is_tie] => 1
            [symbol] => T1
        )

)
string(10) "VidId:B001"
[Scoreboard]:Array
(
    [0] => Array
        (
            [round_res] => P
            [is_tie] => 0
            [symbol] => P1
        )

    [1] => Array
        (
            [round_res] => B
            [is_tie] => 0
            [symbol] => B1
        )

    [2] => Array
        (
            [round_res] => P
            [is_tie] => 0
            [symbol] => P1
        )

    [3] => Array
        (
            [round_res] => P
            [is_tie] => 0
            [symbol] => P1
        )

    [4] => Array
        (
            [round_res] => P
            [is_tie] => 0
            [symbol] => P1
        )

    [5] => Array
        (
            [round_res] => B
            [is_tie] => 0
            [symbol] => B1
        )

    [6] => Array
        (
            [round_res] => B
            [is_tie] => 0
            [symbol] => B1
        )

    [7] => Array
        (
            [round_res] => B
            [is_tie] => 0
            [symbol] => B1
        )

    [8] => Array
        (
            [round_res] => B
            [is_tie] => 0
            [symbol] => B1
        )

    [9] => Array
        (
            [round_res] => P
            [is_tie] => 0
            [symbol] => P1
        )

    [10] => Array
        (
            [round_res] => B
            [is_tie] => 0
            [symbol] => B1
        )

    [11] => Array
        (
            [round_res] => B
            [is_tie] => 0
            [symbol] => B1
        )

    [12] => Array
        (
            [round_res] => B
            [is_tie] => 1
            [symbol] => T3
        )

    [13] => Array
        (
            [round_res] => P
            [is_tie] => 0
            [symbol] => P2
        )

    [14] => Array
        (
            [round_res] => P
            [is_tie] => 0
            [symbol] => P1
        )

    [15] => Array
        (
            [round_res] => B
            [is_tie] => 0
            [symbol] => B1
        )

    [16] => Array
        (
            [round_res] => P
            [is_tie] => 0
            [symbol] => P1
        )

    [17] => Array
        (
            [round_res] => B
            [is_tie] => 0
            [symbol] => B1
        )

    [18] => Array
        (
            [round_res] => B
            [is_tie] => 0
            [symbol] => B1
        )

    [19] => Array
        (
            [round_res] => B
            [is_tie] => 0
            [symbol] => B1
        )

    [20] => Array
        (
            [round_res] => P
            [is_tie] => 0
            [symbol] => P1
        )

    [21] => Array
        (
            [round_res] => P
            [is_tie] => 0
            [symbol] => P1
        )

    [22] => Array
        (
            [round_res] => P
            [is_tie] => 0
            [symbol] => P1
        )

    [23] => Array
        (
            [round_res] => P
            [is_tie] => 0
            [symbol] => P1
        )

    [24] => Array
        (
            [round_res] => P
            [is_tie] => 0
            [symbol] => P1
        )

    [25] => Array
        (
            [round_res] => B
            [is_tie] => 0
            [symbol] => B2
        )

    [26] => Array
        (
            [round_res] => B
            [is_tie] => 0
            [symbol] => B2
        )

    [27] => Array
        (
            [round_res] => B
            [is_tie] => 1
            [symbol] => T3
        )

    [28] => Array
        (
            [round_res] => B
            [is_tie] => 1
            [symbol] => T1
        )

    [29] => Array
        (
            [round_res] => B
            [is_tie] => 0
            [symbol] => B1
        )

    [30] => Array
        (
            [round_res] => P
            [is_tie] => 0
            [symbol] => P1
        )

    [31] => Array
        (
            [round_res] => P
            [is_tie] => 0
            [symbol] => P1
        )

    [32] => Array
        (
            [round_res] => P
            [is_tie] => 1
            [symbol] => T3
        )

    [33] => Array
        (
            [round_res] => P
            [is_tie] => 0
            [symbol] => P1
        )

    [34] => Array
        (
            [round_res] => P
            [is_tie] => 0
            [symbol] => P1
        )

    [35] => Array
        (
            [round_res] => B
            [is_tie] => 0
            [symbol] => B2
        )

    [36] => Array
        (
            [round_res] => B
            [is_tie] => 1
            [symbol] => T1
        )

    [37] => Array
        (
            [round_res] => P
            [is_tie] => 0
            [symbol] => P1
        )

    [38] => Array
        (
            [round_res] => P
            [is_tie] => 0
            [symbol] => P1
        )

    [39] => Array
        (
            [round_res] => B
            [is_tie] => 0
            [symbol] => B1
        )

    [40] => Array
        (
            [round_res] => B
            [is_tie] => 0
            [symbol] => B1
        )

    [41] => Array
        (
            [round_res] => B
            [is_tie] => 0
            [symbol] => B1
        )

    [42] => Array
        (
            [round_res] => P
            [is_tie] => 0
            [symbol] => P4
        )

    [43] => Array
        (
            [round_res] => P
            [is_tie] => 0
            [symbol] => P1
        )

    [44] => Array
        (
            [round_res] => B
            [is_tie] => 0
            [symbol] => B1
        )

    [45] => Array
        (
            [round_res] => B
            [is_tie] => 0
            [symbol] => B1
        )

    [46] => Array
        (
            [round_res] => P
            [is_tie] => 0
            [symbol] => P1
        )

    [47] => Array
        (
            [round_res] => P
            [is_tie] => 0
            [symbol] => P1
        )

    [48] => Array
        (
            [round_res] => P
            [is_tie] => 1
            [symbol] => T1
        )

    [49] => Array
        (
            [round_res] => B
            [is_tie] => 0
            [symbol] => B2
        )

    [50] => Array
        (
            [round_res] => P
            [is_tie] => 0
            [symbol] => P1
        )

    [51] => Array
        (
            [round_res] => P
            [is_tie] => 0
            [symbol] => P1
        )

    [52] => Array
        (
            [round_res] => P
            [is_tie] => 0
            [symbol] => P2
        )

    [53] => Array
        (
            [round_res] => B
            [is_tie] => 0
            [symbol] => B1
        )

    [54] => Array
        (
            [round_res] => P
            [is_tie] => 0
            [symbol] => P1
        )

    [55] => Array
        (
            [round_res] => P
            [is_tie] => 0
            [symbol] => P2
        )

    [56] => Array
        (
            [round_res] => B
            [is_tie] => 0
            [symbol] => B1
        )

    [57] => Array
        (
            [round_res] => B
            [is_tie] => 1
            [symbol] => T1
        )

    [58] => Array
        (
            [round_res] => B
            [is_tie] => 1
            [symbol] => T1
        )

    [59] => Array
        (
            [round_res] => B
            [is_tie] => 0
            [symbol] => B2
        )

    [60] => Array
        (
            [round_res] => P
            [is_tie] => 0
            [symbol] => P1
        )

    [61] => Array
        (
            [round_res] => B
            [is_tie] => 0
            [symbol] => B1
        )

    [62] => Array
        (
            [round_res] => B
            [is_tie] => 0
            [symbol] => B1
        )

    [63] => Array
        (
            [round_res] => B
            [is_tie] => 0
            [symbol] => B2
        )

    [64] => Array
        (
            [round_res] => B
            [is_tie] => 0
            [symbol] => B1
        )

    [65] => Array
        (
            [round_res] => P
            [is_tie] => 0
            [symbol] => P1
        )

    [66] => Array
        (
            [round_res] => B
            [is_tie] => 0
            [symbol] => B1
        )

    [67] => Array
        (
            [round_res] => B
            [is_tie] => 1
            [symbol] => T1
        )

    [68] => Array
        (
            [round_res] => B
            [is_tie] => 0
            [symbol] => B1
        )

)
string(10) "VidId:M055"
[Scoreboard]:Array
(
    [0] => Array
        (
            [round_res] => P
            [is_tie] => 0
            [symbol] => P1
        )

    [1] => Array
        (
            [round_res] => P
            [is_tie] => 0
            [symbol] => P1
        )

    [2] => Array
        (
            [round_res] => B
            [is_tie] => 0
            [symbol] => B2
        )

    [3] => Array
        (
            [round_res] => P
            [is_tie] => 0
            [symbol] => P1
        )

    [4] => Array
        (
            [round_res] => P
            [is_tie] => 0
            [symbol] => P1
        )

    [5] => Array
        (
            [round_res] => B
            [is_tie] => 0
            [symbol] => B1
        )

    [6] => Array
        (
            [round_res] => B
            [is_tie] => 0
            [symbol] => B2
        )

    [7] => Array
        (
            [round_res] => B
            [is_tie] => 0
            [symbol] => B1
        )

    [8] => Array
        (
            [round_res] => B
            [is_tie] => 0
            [symbol] => B1
        )

    [9] => Array
        (
            [round_res] => B
            [is_tie] => 0
            [symbol] => B2
        )

    [10] => Array
        (
            [round_res] => B
            [is_tie] => 0
            [symbol] => B1
        )

    [11] => Array
        (
            [round_res] => B
            [is_tie] => 1
            [symbol] => T1
        )

    [12] => Array
        (
            [round_res] => B
            [is_tie] => 0
            [symbol] => B1
        )

    [13] => Array
        (
            [round_res] => B
            [is_tie] => 0
            [symbol] => B1
        )

    [14] => Array
        (
            [round_res] => B
            [is_tie] => 1
            [symbol] => T1
        )

    [15] => Array
        (
            [round_res] => B
            [is_tie] => 0
            [symbol] => B1
        )

    [16] => Array
        (
            [round_res] => B
            [is_tie] => 0
            [symbol] => B1
        )

    [17] => Array
        (
            [round_res] => P
            [is_tie] => 0
            [symbol] => P1
        )

    [18] => Array
        (
            [round_res] => P
            [is_tie] => 0
            [symbol] => P1
        )

    [19] => Array
        (
            [round_res] => B
            [is_tie] => 0
            [symbol] => B1
        )

    [20] => Array
        (
            [round_res] => P
            [is_tie] => 0
            [symbol] => P4
        )

    [21] => Array
        (
            [round_res] => B
            [is_tie] => 0
            [symbol] => B1
        )

    [22] => Array
        (
            [round_res] => B
            [is_tie] => 0
            [symbol] => B1
        )

    [23] => Array
        (
            [round_res] => B
            [is_tie] => 0
            [symbol] => B1
        )

    [24] => Array
        (
            [round_res] => B
            [is_tie] => 0
            [symbol] => B1
        )

    [25] => Array
        (
            [round_res] => B
            [is_tie] => 1
            [symbol] => T1
        )

    [26] => Array
        (
            [round_res] => P
            [is_tie] => 0
            [symbol] => P1
        )

    [27] => Array
        (
            [round_res] => B
            [is_tie] => 0
            [symbol] => B1
        )

    [28] => Array
        (
            [round_res] => B
            [is_tie] => 0
            [symbol] => B1
        )

    [29] => Array
        (
            [round_res] => P
            [is_tie] => 0
            [symbol] => P2
        )

    [30] => Array
        (
            [round_res] => P
            [is_tie] => 1
            [symbol] => T1
        )

    [31] => Array
        (
            [round_res] => B
            [is_tie] => 0
            [symbol] => B1
        )

    [32] => Array
        (
            [round_res] => P
            [is_tie] => 0
            [symbol] => P1
        )

    [33] => Array
        (
            [round_res] => P
            [is_tie] => 0
            [symbol] => P1
        )

    [34] => Array
        (
            [round_res] => B
            [is_tie] => 0
            [symbol] => B1
        )

    [35] => Array
        (
            [round_res] => P
            [is_tie] => 0
            [symbol] => P1
        )

    [36] => Array
        (
            [round_res] => P
            [is_tie] => 0
            [symbol] => P1
        )

    [37] => Array
        (
            [round_res] => P
            [is_tie] => 0
            [symbol] => P1
        )

    [38] => Array
        (
            [round_res] => B
            [is_tie] => 0
            [symbol] => B2
        )

    [39] => Array
        (
            [round_res] => P
            [is_tie] => 0
            [symbol] => P1
        )

    [40] => Array
        (
            [round_res] => B
            [is_tie] => 0
            [symbol] => B1
        )

    [41] => Array
        (
            [round_res] => P
            [is_tie] => 0
            [symbol] => P1
        )

    [42] => Array
        (
            [round_res] => P
            [is_tie] => 0
            [symbol] => P1
        )

    [43] => Array
        (
            [round_res] => P
            [is_tie] => 0
            [symbol] => P1
        )

    [44] => Array
        (
            [round_res] => B
            [is_tie] => 0
            [symbol] => B1
        )

    [45] => Array
        (
            [round_res] => B
            [is_tie] => 0
            [symbol] => B1
        )

    [46] => Array
        (
            [round_res] => P
            [is_tie] => 0
            [symbol] => P1
        )

    [47] => Array
        (
            [round_res] => P
            [is_tie] => 0
            [symbol] => P1
        )

    [48] => Array
        (
            [round_res] => P
            [is_tie] => 0
            [symbol] => P2
        )

    [49] => Array
        (
            [round_res] => P
            [is_tie] => 0
            [symbol] => P2
        )

    [50] => Array
        (
            [round_res] => P
            [is_tie] => 0
            [symbol] => P1
        )

    [51] => Array
        (
            [round_res] => B
            [is_tie] => 0
            [symbol] => B1
        )

)
string(10) "VidId:M054"
[Scoreboard]:Array
(
    [0] => Array
        (
            [round_res] => P
            [is_tie] => 0
            [symbol] => P1
        )

    [1] => Array
        (
            [round_res] => P
            [is_tie] => 1
            [symbol] => T1
        )

    [2] => Array
        (
            [round_res] => B
            [is_tie] => 0
            [symbol] => B1
        )

    [3] => Array
        (
            [round_res] => B
            [is_tie] => 0
            [symbol] => B1
        )

    [4] => Array
        (
            [round_res] => P
            [is_tie] => 0
            [symbol] => P1
        )

    [5] => Array
        (
            [round_res] => P
            [is_tie] => 0
            [symbol] => P1
        )

    [6] => Array
        (
            [round_res] => B
            [is_tie] => 0
            [symbol] => B1
        )

    [7] => Array
        (
            [round_res] => P
            [is_tie] => 0
            [symbol] => P1
        )

    [8] => Array
        (
            [round_res] => B
            [is_tie] => 0
            [symbol] => B1
        )

    [9] => Array
        (
            [round_res] => B
            [is_tie] => 0
            [symbol] => B1
        )

    [10] => Array
        (
            [round_res] => P
            [is_tie] => 0
            [symbol] => P1
        )

    [11] => Array
        (
            [round_res] => B
            [is_tie] => 0
            [symbol] => B1
        )

    [12] => Array
        (
            [round_res] => B
            [is_tie] => 0
            [symbol] => B1
        )

    [13] => Array
        (
            [round_res] => B
            [is_tie] => 0
            [symbol] => B1
        )

    [14] => Array
        (
            [round_res] => B
            [is_tie] => 0
            [symbol] => B1
        )

    [15] => Array
        (
            [round_res] => P
            [is_tie] => 0
            [symbol] => P1
        )

    [16] => Array
        (
            [round_res] => P
            [is_tie] => 0
            [symbol] => P1
        )

    [17] => Array
        (
            [round_res] => P
            [is_tie] => 1
            [symbol] => T1
        )

    [18] => Array
        (
            [round_res] => P
            [is_tie] => 0
            [symbol] => P1
        )

    [19] => Array
        (
            [round_res] => P
            [is_tie] => 0
            [symbol] => P1
        )

    [20] => Array
        (
            [round_res] => P
            [is_tie] => 0
            [symbol] => P1
        )

    [21] => Array
        (
            [round_res] => P
            [is_tie] => 0
            [symbol] => P1
        )

    [22] => Array
        (
            [round_res] => B
            [is_tie] => 0
            [symbol] => B1
        )

    [23] => Array
        (
            [round_res] => P
            [is_tie] => 0
            [symbol] => P2
        )

    [24] => Array
        (
            [round_res] => P
            [is_tie] => 0
            [symbol] => P1
        )

    [25] => Array
        (
            [round_res] => P
            [is_tie] => 1
            [symbol] => T3
        )

    [26] => Array
        (
            [round_res] => P
            [is_tie] => 0
            [symbol] => P1
        )

    [27] => Array
        (
            [round_res] => P
            [is_tie] => 0
            [symbol] => P1
        )

    [28] => Array
        (
            [round_res] => P
            [is_tie] => 0
            [symbol] => P1
        )

    [29] => Array
        (
            [round_res] => P
            [is_tie] => 0
            [symbol] => P1
        )

    [30] => Array
        (
            [round_res] => P
            [is_tie] => 0
            [symbol] => P1
        )

    [31] => Array
        (
            [round_res] => P
            [is_tie] => 0
            [symbol] => P2
        )

    [32] => Array
        (
            [round_res] => B
            [is_tie] => 0
            [symbol] => B1
        )

    [33] => Array
        (
            [round_res] => B
            [is_tie] => 0
            [symbol] => B1
        )

    [34] => Array
        (
            [round_res] => P
            [is_tie] => 0
            [symbol] => P1
        )

    [35] => Array
        (
            [round_res] => P
            [is_tie] => 1
            [symbol] => T1
        )

    [36] => Array
        (
            [round_res] => P
            [is_tie] => 0
            [symbol] => P1
        )

    [37] => Array
        (
            [round_res] => B
            [is_tie] => 0
            [symbol] => B1
        )

    [38] => Array
        (
            [round_res] => P
            [is_tie] => 0
            [symbol] => P2
        )

    [39] => Array
        (
            [round_res] => P
            [is_tie] => 0
            [symbol] => P2
        )

    [40] => Array
        (
            [round_res] => B
            [is_tie] => 0
            [symbol] => B1
        )

    [41] => Array
        (
            [round_res] => B
            [is_tie] => 0
            [symbol] => B1
        )

    [42] => Array
        (
            [round_res] => B
            [is_tie] => 1
            [symbol] => T1
        )

    [43] => Array
        (
            [round_res] => P
            [is_tie] => 0
            [symbol] => P4
        )

    [44] => Array
        (
            [round_res] => B
            [is_tie] => 0
            [symbol] => B1
        )

    [45] => Array
        (
            [round_res] => B
            [is_tie] => 0
            [symbol] => B1
        )

    [46] => Array
        (
            [round_res] => B
            [is_tie] => 0
            [symbol] => B2
        )

)
string(10) "VidId:M053"
[Scoreboard]:Array
(
    [0] => Array
        (
            [round_res] => P
            [is_tie] => 0
            [symbol] => P4
        )

    [1] => Array
        (
            [round_res] => P
            [is_tie] => 0
            [symbol] => P1
        )

    [2] => Array
        (
            [round_res] => P
            [is_tie] => 0
            [symbol] => P1
        )

    [3] => Array
        (
            [round_res] => P
            [is_tie] => 0
            [symbol] => P1
        )

    [4] => Array
        (
            [round_res] => B
            [is_tie] => 0
            [symbol] => B1
        )

    [5] => Array
        (
            [round_res] => B
            [is_tie] => 0
            [symbol] => B1
        )

    [6] => Array
        (
            [round_res] => P
            [is_tie] => 0
            [symbol] => P1
        )

    [7] => Array
        (
            [round_res] => B
            [is_tie] => 0
            [symbol] => B1
        )

    [8] => Array
        (
            [round_res] => B
            [is_tie] => 0
            [symbol] => B1
        )

    [9] => Array
        (
            [round_res] => B
            [is_tie] => 0
            [symbol] => B1
        )

)
string(10) "VidId:M052"
[Scoreboard]:Array
(
    [0] => Array
        (
            [round_res] => P
            [is_tie] => 0
            [symbol] => P1
        )

    [1] => Array
        (
            [round_res] => B
            [is_tie] => 0
            [symbol] => B4
        )

    [2] => Array
        (
            [round_res] => P
            [is_tie] => 0
            [symbol] => P1
        )

    [3] => Array
        (
            [round_res] => P
            [is_tie] => 0
            [symbol] => P1
        )

    [4] => Array
        (
            [round_res] => B
            [is_tie] => 0
            [symbol] => B1
        )

    [5] => Array
        (
            [round_res] => P
            [is_tie] => 0
            [symbol] => P1
        )

    [6] => Array
        (
            [round_res] => P
            [is_tie] => 0
            [symbol] => P1
        )

    [7] => Array
        (
            [round_res] => P
            [is_tie] => 0
            [symbol] => P1
        )

    [8] => Array
        (
            [round_res] => P
            [is_tie] => 0
            [symbol] => P1
        )

    [9] => Array
        (
            [round_res] => P
            [is_tie] => 0
            [symbol] => P2
        )

    [10] => Array
        (
            [round_res] => P
            [is_tie] => 1
            [symbol] => T1
        )

    [11] => Array
        (
            [round_res] => B
            [is_tie] => 0
            [symbol] => B2
        )

    [12] => Array
        (
            [round_res] => B
            [is_tie] => 1
            [symbol] => T1
        )

    [13] => Array
        (
            [round_res] => P
            [is_tie] => 0
            [symbol] => P1
        )

    [14] => Array
        (
            [round_res] => P
            [is_tie] => 0
            [symbol] => P1
        )

    [15] => Array
        (
            [round_res] => B
            [is_tie] => 0
            [symbol] => B2
        )

    [16] => Array
        (
            [round_res] => B
            [is_tie] => 0
            [symbol] => B1
        )

    [17] => Array
        (
            [round_res] => B
            [is_tie] => 0
            [symbol] => B1
        )

    [18] => Array
        (
            [round_res] => B
            [is_tie] => 0
            [symbol] => B1
        )

    [19] => Array
        (
            [round_res] => P
            [is_tie] => 0
            [symbol] => P2
        )

    [20] => Array
        (
            [round_res] => P
            [is_tie] => 0
            [symbol] => P2
        )

    [21] => Array
        (
            [round_res] => P
            [is_tie] => 0
            [symbol] => P1
        )

    [22] => Array
        (
            [round_res] => P
            [is_tie] => 0
            [symbol] => P1
        )

    [23] => Array
        (
            [round_res] => P
            [is_tie] => 0
            [symbol] => P1
        )

    [24] => Array
        (
            [round_res] => P
            [is_tie] => 0
            [symbol] => P1
        )

    [25] => Array
        (
            [round_res] => B
            [is_tie] => 0
            [symbol] => B1
        )

    [26] => Array
        (
            [round_res] => B
            [is_tie] => 0
            [symbol] => B1
        )

    [27] => Array
        (
            [round_res] => B
            [is_tie] => 0
            [symbol] => B1
        )

    [28] => Array
        (
            [round_res] => B
            [is_tie] => 0
            [symbol] => B1
        )

)
string(10) "VidId:M056"
[Scoreboard]:Array
(
    [0] => Array
        (
            [round_res] => P
            [is_tie] => 0
            [symbol] => P2
        )

    [1] => Array
        (
            [round_res] => B
            [is_tie] => 0
            [symbol] => B1
        )

    [2] => Array
        (
            [round_res] => P
            [is_tie] => 0
            [symbol] => P1
        )

    [3] => Array
        (
            [round_res] => B
            [is_tie] => 0
            [symbol] => B1
        )

    [4] => Array
        (
            [round_res] => B
            [is_tie] => 0
            [symbol] => B1
        )

    [5] => Array
        (
            [round_res] => P
            [is_tie] => 0
            [symbol] => P1
        )

    [6] => Array
        (
            [round_res] => B
            [is_tie] => 0
            [symbol] => B1
        )

    [7] => Array
        (
            [round_res] => B
            [is_tie] => 1
            [symbol] => T1
        )

    [8] => Array
        (
            [round_res] => B
            [is_tie] => 0
            [symbol] => B1
        )

    [9] => Array
        (
            [round_res] => B
            [is_tie] => 1
            [symbol] => T1
        )

    [10] => Array
        (
            [round_res] => P
            [is_tie] => 0
            [symbol] => P1
        )

    [11] => Array
        (
            [round_res] => P
            [is_tie] => 0
            [symbol] => P1
        )

    [12] => Array
        (
            [round_res] => P
            [is_tie] => 1
            [symbol] => T1
        )

    [13] => Array
        (
            [round_res] => P
            [is_tie] => 1
            [symbol] => T1
        )

    [14] => Array
        (
            [round_res] => B
            [is_tie] => 0
            [symbol] => B1
        )

    [15] => Array
        (
            [round_res] => P
            [is_tie] => 0
            [symbol] => P2
        )

)
string(10) "VidId:N016"
[Scoreboard]:Array
(
    [0] => Array
        (
            [round_res] => P
            [is_tie] => 0
            [symbol] => P1
        )

    [1] => Array
        (
            [round_res] => P
            [is_tie] => 0
            [symbol] => P1
        )

    [2] => Array
        (
            [round_res] => P
            [is_tie] => 0
            [symbol] => P1
        )

    [3] => Array
        (
            [round_res] => P
            [is_tie] => 0
            [symbol] => P1
        )

    [4] => Array
        (
            [round_res] => P
            [is_tie] => 0
            [symbol] => P1
        )

    [5] => Array
        (
            [round_res] => B
            [is_tie] => 0
            [symbol] => B1
        )

    [6] => Array
        (
            [round_res] => P
            [is_tie] => 0
            [symbol] => P1
        )

    [7] => Array
        (
            [round_res] => P
            [is_tie] => 0
            [symbol] => P1
        )

    [8] => Array
        (
            [round_res] => B
            [is_tie] => 0
            [symbol] => B2
        )

    [9] => Array
        (
            [round_res] => B
            [is_tie] => 0
            [symbol] => B1
        )

    [10] => Array
        (
            [round_res] => B
            [is_tie] => 0
            [symbol] => B1
        )

    [11] => Array
        (
            [round_res] => B
            [is_tie] => 0
            [symbol] => B1
        )

    [12] => Array
        (
            [round_res] => B
            [is_tie] => 0
            [symbol] => B1
        )

    [13] => Array
        (
            [round_res] => P
            [is_tie] => 0
            [symbol] => P1
        )

    [14] => Array
        (
            [round_res] => B
            [is_tie] => 0
            [symbol] => B1
        )

    [15] => Array
        (
            [round_res] => P
            [is_tie] => 0
            [symbol] => P1
        )

    [16] => Array
        (
            [round_res] => P
            [is_tie] => 0
            [symbol] => P1
        )

    [17] => Array
        (
            [round_res] => P
            [is_tie] => 0
            [symbol] => P1
        )

    [18] => Array
        (
            [round_res] => B
            [is_tie] => 0
            [symbol] => B1
        )

    [19] => Array
        (
            [round_res] => P
            [is_tie] => 0
            [symbol] => P1
        )

    [20] => Array
        (
            [round_res] => P
            [is_tie] => 0
            [symbol] => P1
        )

    [21] => Array
        (
            [round_res] => P
            [is_tie] => 1
            [symbol] => T1
        )

    [22] => Array
        (
            [round_res] => B
            [is_tie] => 0
            [symbol] => B2
        )

    [23] => Array
        (
            [round_res] => P
            [is_tie] => 0
            [symbol] => P1
        )

    [24] => Array
        (
            [round_res] => P
            [is_tie] => 0
            [symbol] => P1
        )

    [25] => Array
        (
            [round_res] => P
            [is_tie] => 0
            [symbol] => P1
        )

    [26] => Array
        (
            [round_res] => P
            [is_tie] => 0
            [symbol] => P2
        )

    [27] => Array
        (
            [round_res] => B
            [is_tie] => 0
            [symbol] => B4
        )

    [28] => Array
        (
            [round_res] => B
            [is_tie] => 0
            [symbol] => B1
        )

    [29] => Array
        (
            [round_res] => B
            [is_tie] => 0
            [symbol] => B1
        )

    [30] => Array
        (
            [round_res] => B
            [is_tie] => 0
            [symbol] => B1
        )

    [31] => Array
        (
            [round_res] => B
            [is_tie] => 0
            [symbol] => B2
        )

    [32] => Array
        (
            [round_res] => B
            [is_tie] => 0
            [symbol] => B2
        )

    [33] => Array
        (
            [round_res] => P
            [is_tie] => 0
            [symbol] => P1
        )

    [34] => Array
        (
            [round_res] => B
            [is_tie] => 0
            [symbol] => B2
        )

    [35] => Array
        (
            [round_res] => B
            [is_tie] => 0
            [symbol] => B2
        )

    [36] => Array
        (
            [round_res] => B
            [is_tie] => 0
            [symbol] => B1
        )

    [37] => Array
        (
            [round_res] => B
            [is_tie] => 1
            [symbol] => T1
        )

    [38] => Array
        (
            [round_res] => B
            [is_tie] => 0
            [symbol] => B1
        )

    [39] => Array
        (
            [round_res] => P
            [is_tie] => 0
            [symbol] => P1
        )

    [40] => Array
        (
            [round_res] => B
            [is_tie] => 0
            [symbol] => B2
        )

    [41] => Array
        (
            [round_res] => P
            [is_tie] => 0
            [symbol] => P1
        )

    [42] => Array
        (
            [round_res] => P
            [is_tie] => 0
            [symbol] => P1
        )

    [43] => Array
        (
            [round_res] => B
            [is_tie] => 0
            [symbol] => B1
        )

    [44] => Array
        (
            [round_res] => P
            [is_tie] => 0
            [symbol] => P1
        )

    [45] => Array
        (
            [round_res] => P
            [is_tie] => 0
            [symbol] => P1
        )

    [46] => Array
        (
            [round_res] => P
            [is_tie] => 0
            [symbol] => P1
        )

    [47] => Array
        (
            [round_res] => P
            [is_tie] => 0
            [symbol] => P2
        )

    [48] => Array
        (
            [round_res] => B
            [is_tie] => 0
            [symbol] => B1
        )

    [49] => Array
        (
            [round_res] => P
            [is_tie] => 0
            [symbol] => P2
        )

    [50] => Array
        (
            [round_res] => P
            [is_tie] => 0
            [symbol] => P1
        )

    [51] => Array
        (
            [round_res] => B
            [is_tie] => 0
            [symbol] => B1
        )

    [52] => Array
        (
            [round_res] => B
            [is_tie] => 0
            [symbol] => B1
        )

    [53] => Array
        (
            [round_res] => B
            [is_tie] => 0
            [symbol] => B2
        )

    [54] => Array
        (
            [round_res] => P
            [is_tie] => 0
            [symbol] => P1
        )

    [55] => Array
        (
            [round_res] => P
            [is_tie] => 0
            [symbol] => P1
        )

    [56] => Array
        (
            [round_res] => P
            [is_tie] => 0
            [symbol] => P1
        )

    [57] => Array
        (
            [round_res] => B
            [is_tie] => 0
            [symbol] => B2
        )

    [58] => Array
        (
            [round_res] => B
            [is_tie] => 0
            [symbol] => B2
        )

    [59] => Array
        (
            [round_res] => P
            [is_tie] => 0
            [symbol] => P1
        )

    [60] => Array
        (
            [round_res] => P
            [is_tie] => 0
            [symbol] => P1
        )

    [61] => Array
        (
            [round_res] => P
            [is_tie] => 0
            [symbol] => P1
        )

    [62] => Array
        (
            [round_res] => P
            [is_tie] => 0
            [symbol] => P2
        )

    [63] => Array
        (
            [round_res] => B
            [is_tie] => 0
            [symbol] => B1
        )

    [64] => Array
        (
            [round_res] => B
            [is_tie] => 1
            [symbol] => T1
        )

    [65] => Array
        (
            [round_res] => B
            [is_tie] => 0
            [symbol] => B1
        )

    [66] => Array
        (
            [round_res] => B
            [is_tie] => 0
            [symbol] => B1
        )

    [67] => Array
        (
            [round_res] => P
            [is_tie] => 0
            [symbol] => P1
        )

    [68] => Array
        (
            [round_res] => P
            [is_tie] => 0
            [symbol] => P1
        )

    [69] => Array
        (
            [round_res] => B
            [is_tie] => 0
            [symbol] => B1
        )

    [70] => Array
        (
            [round_res] => B
            [is_tie] => 0
            [symbol] => B1
        )

    [71] => Array
        (
            [round_res] => B
            [is_tie] => 0
            [symbol] => B1
        )

    [72] => Array
        (
            [round_res] => P
            [is_tie] => 0
            [symbol] => P1
        )

    [73] => Array
        (
            [round_res] => B
            [is_tie] => 0
            [symbol] => B1
        )

    [74] => Array
        (
            [round_res] => B
            [is_tie] => 0
            [symbol] => B1
        )

    [75] => Array
        (
            [round_res] => B
            [is_tie] => 0
            [symbol] => B1
        )

)
string(10) "VidId:N010"
[Scoreboard]:Array
(
    [0] => Array
        (
            [round_res] => P
            [is_tie] => 0
            [symbol] => P1
        )

    [1] => Array
        (
            [round_res] => P
            [is_tie] => 0
            [symbol] => P1
        )

    [2] => Array
        (
            [round_res] => P
            [is_tie] => 0
            [symbol] => P1
        )

    [3] => Array
        (
            [round_res] => P
            [is_tie] => 0
            [symbol] => P1
        )

    [4] => Array
        (
            [round_res] => B
            [is_tie] => 0
            [symbol] => B2
        )

    [5] => Array
        (
            [round_res] => P
            [is_tie] => 0
            [symbol] => P1
        )

    [6] => Array
        (
            [round_res] => B
            [is_tie] => 0
            [symbol] => B1
        )

    [7] => Array
        (
            [round_res] => P
            [is_tie] => 0
            [symbol] => P1
        )

    [8] => Array
        (
            [round_res] => B
            [is_tie] => 0
            [symbol] => B1
        )

    [9] => Array
        (
            [round_res] => P
            [is_tie] => 0
            [symbol] => P1
        )

    [10] => Array
        (
            [round_res] => P
            [is_tie] => 0
            [symbol] => P1
        )

    [11] => Array
        (
            [round_res] => B
            [is_tie] => 0
            [symbol] => B1
        )

    [12] => Array
        (
            [round_res] => B
            [is_tie] => 1
            [symbol] => T1
        )

    [13] => Array
        (
            [round_res] => P
            [is_tie] => 0
            [symbol] => P1
        )

    [14] => Array
        (
            [round_res] => P
            [is_tie] => 1
            [symbol] => T1
        )

    [15] => Array
        (
            [round_res] => B
            [is_tie] => 0
            [symbol] => B1
        )

    [16] => Array
        (
            [round_res] => P
            [is_tie] => 0
            [symbol] => P1
        )

    [17] => Array
        (
            [round_res] => P
            [is_tie] => 0
            [symbol] => P1
        )

    [18] => Array
        (
            [round_res] => P
            [is_tie] => 0
            [symbol] => P1
        )

    [19] => Array
        (
            [round_res] => B
            [is_tie] => 0
            [symbol] => B1
        )

)
string(10) "VidId:N011"
[Scoreboard]:Array
(
    [0] => Array
        (
            [round_res] => P
            [is_tie] => 0
            [symbol] => P1
        )

    [1] => Array
        (
            [round_res] => P
            [is_tie] => 0
            [symbol] => P1
        )

    [2] => Array
        (
            [round_res] => B
            [is_tie] => 0
            [symbol] => B1
        )

    [3] => Array
        (
            [round_res] => B
            [is_tie] => 0
            [symbol] => B1
        )

    [4] => Array
        (
            [round_res] => B
            [is_tie] => 1
            [symbol] => T1
        )

    [5] => Array
        (
            [round_res] => P
            [is_tie] => 0
            [symbol] => P1
        )

    [6] => Array
        (
            [round_res] => P
            [is_tie] => 0
            [symbol] => P1
        )

    [7] => Array
        (
            [round_res] => B
            [is_tie] => 0
            [symbol] => B2
        )

    [8] => Array
        (
            [round_res] => B
            [is_tie] => 0
            [symbol] => B1
        )

    [9] => Array
        (
            [round_res] => B
            [is_tie] => 0
            [symbol] => B2
        )

    [10] => Array
        (
            [round_res] => P
            [is_tie] => 0
            [symbol] => P1
        )

    [11] => Array
        (
            [round_res] => B
            [is_tie] => 0
            [symbol] => B1
        )

    [12] => Array
        (
            [round_res] => B
            [is_tie] => 0
            [symbol] => B2
        )

    [13] => Array
        (
            [round_res] => B
            [is_tie] => 0
            [symbol] => B1
        )

    [14] => Array
        (
            [round_res] => B
            [is_tie] => 0
            [symbol] => B1
        )

    [15] => Array
        (
            [round_res] => P
            [is_tie] => 0
            [symbol] => P1
        )

    [16] => Array
        (
            [round_res] => P
            [is_tie] => 0
            [symbol] => P1
        )

    [17] => Array
        (
            [round_res] => B
            [is_tie] => 0
            [symbol] => B1
        )

    [18] => Array
        (
            [round_res] => B
            [is_tie] => 0
            [symbol] => B1
        )

    [19] => Array
        (
            [round_res] => P
            [is_tie] => 0
            [symbol] => P1
        )

    [20] => Array
        (
            [round_res] => B
            [is_tie] => 0
            [symbol] => B1
        )

    [21] => Array
        (
            [round_res] => P
            [is_tie] => 0
            [symbol] => P1
        )

)
string(10) "VidId:N012"
[Scoreboard]:Array
(
    [0] => Array
        (
            [round_res] => P
            [is_tie] => 0
            [symbol] => P4
        )

    [1] => Array
        (
            [round_res] => P
            [is_tie] => 0
            [symbol] => P1
        )

    [2] => Array
        (
            [round_res] => B
            [is_tie] => 0
            [symbol] => B1
        )

    [3] => Array
        (
            [round_res] => B
            [is_tie] => 0
            [symbol] => B1
        )

    [4] => Array
        (
            [round_res] => B
            [is_tie] => 0
            [symbol] => B1
        )

    [5] => Array
        (
            [round_res] => P
            [is_tie] => 0
            [symbol] => P1
        )

    [6] => Array
        (
            [round_res] => P
            [is_tie] => 0
            [symbol] => P1
        )

    [7] => Array
        (
            [round_res] => B
            [is_tie] => 0
            [symbol] => B1
        )

    [8] => Array
        (
            [round_res] => B
            [is_tie] => 0
            [symbol] => B2
        )

    [9] => Array
        (
            [round_res] => B
            [is_tie] => 0
            [symbol] => B1
        )

    [10] => Array
        (
            [round_res] => B
            [is_tie] => 1
            [symbol] => T3
        )

    [11] => Array
        (
            [round_res] => P
            [is_tie] => 0
            [symbol] => P1
        )

    [12] => Array
        (
            [round_res] => P
            [is_tie] => 0
            [symbol] => P1
        )

    [13] => Array
        (
            [round_res] => P
            [is_tie] => 0
            [symbol] => P1
        )

    [14] => Array
        (
            [round_res] => B
            [is_tie] => 0
            [symbol] => B1
        )

    [15] => Array
        (
            [round_res] => B
            [is_tie] => 0
            [symbol] => B1
        )

    [16] => Array
        (
            [round_res] => P
            [is_tie] => 0
            [symbol] => P1
        )

    [17] => Array
        (
            [round_res] => P
            [is_tie] => 0
            [symbol] => P1
        )

    [18] => Array
        (
            [round_res] => P
            [is_tie] => 0
            [symbol] => P1
        )

    [19] => Array
        (
            [round_res] => B
            [is_tie] => 0
            [symbol] => B2
        )

    [20] => Array
        (
            [round_res] => B
            [is_tie] => 0
            [symbol] => B1
        )

    [21] => Array
        (
            [round_res] => B
            [is_tie] => 0
            [symbol] => B1
        )

)
string(10) "VidId:N017"
[Scoreboard]:Array
(
    [0] => Array
        (
            [round_res] => P
            [is_tie] => 0
            [symbol] => P1
        )

    [1] => Array
        (
            [round_res] => P
            [is_tie] => 0
            [symbol] => P1
        )

    [2] => Array
        (
            [round_res] => B
            [is_tie] => 0
            [symbol] => B1
        )

    [3] => Array
        (
            [round_res] => B
            [is_tie] => 0
            [symbol] => B1
        )

    [4] => Array
        (
            [round_res] => B
            [is_tie] => 0
            [symbol] => B1
        )

    [5] => Array
        (
            [round_res] => P
            [is_tie] => 0
            [symbol] => P1
        )

    [6] => Array
        (
            [round_res] => P
            [is_tie] => 1
            [symbol] => T1
        )

)
string(10) "VidId:N018"
[Scoreboard]:Array
(
    [0] => Array
        (
            [round_res] => P
            [is_tie] => 0
            [symbol] => P1
        )

    [1] => Array
        (
            [round_res] => P
            [is_tie] => 0
            [symbol] => P2
        )

    [2] => Array
        (
            [round_res] => B
            [is_tie] => 0
            [symbol] => B1
        )

)
string(10) "VidId:N019"
[Scoreboard]:Array
(
    [0] => Array
        (
            [round_res] => B
            [is_tie] => 0
            [symbol] => B1
        )

    [1] => Array
        (
            [round_res] => B
            [is_tie] => 0
            [symbol] => B1
        )

    [2] => Array
        (
            [round_res] => B
            [is_tie] => 0
            [symbol] => B1
        )

    [3] => Array
        (
            [round_res] => P
            [is_tie] => 0
            [symbol] => P1
        )

    [4] => Array
        (
            [round_res] => B
            [is_tie] => 0
            [symbol] => B1
        )

    [5] => Array
        (
            [round_res] => B
            [is_tie] => 1
            [symbol] => T1
        )

)
string(10) "VidId:M051"
[Scoreboard]:Array
(
    [0] => Array
        (
            [round_res] => B
            [is_tie] => 0
            [symbol] => B1
        )

    [1] => Array
        (
            [round_res] => P
            [is_tie] => 0
            [symbol] => P1
        )

    [2] => Array
        (
            [round_res] => B
            [is_tie] => 0
            [symbol] => B1
        )

    [3] => Array
        (
            [round_res] => B
            [is_tie] => 0
            [symbol] => B1
        )

    [4] => Array
        (
            [round_res] => B
            [is_tie] => 1
            [symbol] => T1
        )

    [5] => Array
        (
            [round_res] => B
            [is_tie] => 0
            [symbol] => B1
        )

    [6] => Array
        (
            [round_res] => P
            [is_tie] => 0
            [symbol] => P1
        )

    [7] => Array
        (
            [round_res] => P
            [is_tie] => 0
            [symbol] => P1
        )

    [8] => Array
        (
            [round_res] => B
            [is_tie] => 0
            [symbol] => B1
        )

    [9] => Array
        (
            [round_res] => B
            [is_tie] => 1
            [symbol] => T1
        )

    [10] => Array
        (
            [round_res] => B
            [is_tie] => 1
            [symbol] => T1
        )

    [11] => Array
        (
            [round_res] => B
            [is_tie] => 1
            [symbol] => T1
        )

    [12] => Array
        (
            [round_res] => B
            [is_tie] => 0
            [symbol] => B1
        )

    [13] => Array
        (
            [round_res] => B
            [is_tie] => 1
            [symbol] => T1
        )

)
[2024-01-28 04:13:17] SERVER > Accepting new Client...
string(10) "VidId:N006"
[Scoreboard]:Array
(
    [0] => Array
        (
            [round_res] => B
            [is_tie] => 0
            [symbol] => B1
        )

    [1] => Array
        (
            [round_res] => B
            [is_tie] => 0
            [symbol] => B1
        )

    [2] => Array
        (
            [round_res] => P
            [is_tie] => 0
            [symbol] => P1
        )

    [3] => Array
        (
            [round_res] => P
            [is_tie] => 0
            [symbol] => P1
        )

    [4] => Array
        (
            [round_res] => B
            [is_tie] => 0
            [symbol] => B2
        )

    [5] => Array
        (
            [round_res] => P
            [is_tie] => 0
            [symbol] => P1
        )

    [6] => Array
        (
            [round_res] => B
            [is_tie] => 0
            [symbol] => B1
        )

)
string(10) "VidId:N007"
[Scoreboard]:Array
(
    [0] => Array
        (
            [round_res] => B
            [is_tie] => 0
            [symbol] => B1
        )

    [1] => Array
        (
            [round_res] => B
            [is_tie] => 0
            [symbol] => B1
        )

    [2] => Array
        (
            [round_res] => P
            [is_tie] => 0
            [symbol] => P1
        )

    [3] => Array
        (
            [round_res] => P
            [is_tie] => 1
            [symbol] => T1
        )

    [4] => Array
        (
            [round_res] => B
            [is_tie] => 0
            [symbol] => B2
        )

    [5] => Array
        (
            [round_res] => B
            [is_tie] => 0
            [symbol] => B1
        )

)
string(10) "VidId:N008"
[Scoreboard]:Array
(
    [0] => Array
        (
            [round_res] => P
            [is_tie] => 0
            [symbol] => P1
        )

    [1] => Array
        (
            [round_res] => B
            [is_tie] => 0
            [symbol] => B2
        )

    [2] => Array
        (
            [round_res] => B
            [is_tie] => 0
            [symbol] => B2
        )

    [3] => Array
        (
            [round_res] => P
            [is_tie] => 0
            [symbol] => P1
        )

    [4] => Array
        (
            [round_res] => B
            [is_tie] => 0
            [symbol] => B2
        )

    [5] => Array
        (
            [round_res] => P
            [is_tie] => 0
            [symbol] => P1
        )

)
string(10) "VidId:N009"
[Scoreboard]:Array
(
    [0] => Array
        (
            [round_res] => P
            [is_tie] => 0
            [symbol] => P1
        )

    [1] => Array
        (
            [round_res] => B
            [is_tie] => 0
            [symbol] => B1
        )

    [2] => Array
        (
            [round_res] => P
            [is_tie] => 0
            [symbol] => P1
        )

    [3] => Array
        (
            [round_res] => P
            [is_tie] => 0
            [symbol] => P1
        )

    [4] => Array
        (
            [round_res] => P
            [is_tie] => 0
            [symbol] => P2
        )

    [5] => Array
        (
            [round_res] => P
            [is_tie] => 0
            [symbol] => P1
        )

    [6] => Array
        (
            [round_res] => P
            [is_tie] => 0
            [symbol] => P1
        )

    [7] => Array
        (
            [round_res] => B
            [is_tie] => 0
            [symbol] => B2
        )

    [8] => Array
        (
            [round_res] => P
            [is_tie] => 0
            [symbol] => P1
        )

    [9] => Array
        (
            [round_res] => P
            [is_tie] => 0
            [symbol] => P2
        )

)
string(10) "VidId:T032"
[Scoreboard]:Array
(
    [0] => Array
        (
            [round_res] => B
            [is_tie] => 0
            [symbol] => B1
        )

    [1] => Array
        (
            [round_res] => B
            [is_tie] => 0
            [symbol] => B1
        )

    [2] => Array
        (
            [round_res] => B
            [is_tie] => 0
            [symbol] => B1
        )

    [3] => Array
        (
            [round_res] => B
            [is_tie] => 1
            [symbol] => T1
        )

    [4] => Array
        (
            [round_res] => B
            [is_tie] => 0
            [symbol] => B1
        )

    [5] => Array
        (
            [round_res] => B
            [is_tie] => 0
            [symbol] => B1
        )

    [6] => Array
        (
            [round_res] => P
            [is_tie] => 0
            [symbol] => P1
        )

    [7] => Array
        (
            [round_res] => P
            [is_tie] => 1
            [symbol] => T1
        )

    [8] => Array
        (
            [round_res] => B
            [is_tie] => 0
            [symbol] => B1
        )

    [9] => Array
        (
            [round_res] => P
            [is_tie] => 0
            [symbol] => P1
        )

    [10] => Array
        (
            [round_res] => B
            [is_tie] => 0
            [symbol] => B1
        )

    [11] => Array
        (
            [round_res] => B
            [is_tie] => 0
            [symbol] => B1
        )

    [12] => Array
        (
            [round_res] => B
            [is_tie] => 0
            [symbol] => B2
        )

    [13] => Array
        (
            [round_res] => B
            [is_tie] => 0
            [symbol] => B2
        )

    [14] => Array
        (
            [round_res] => P
            [is_tie] => 0
            [symbol] => P2
        )

    [15] => Array
        (
            [round_res] => B
            [is_tie] => 0
            [symbol] => B2
        )

    [16] => Array
        (
            [round_res] => B
            [is_tie] => 1
            [symbol] => T1
        )

    [17] => Array
        (
            [round_res] => B
            [is_tie] => 0
            [symbol] => B1
        )

    [18] => Array
        (
            [round_res] => P
            [is_tie] => 0
            [symbol] => P2
        )

    [19] => Array
        (
            [round_res] => B
            [is_tie] => 0
            [symbol] => B1
        )

)
string(10) "VidId:B004"
[Scoreboard]:Array
(
    [0] => Array
        (
            [round_res] => P
            [is_tie] => 0
            [symbol] => P1
        )

    [1] => Array
        (
            [round_res] => P
            [is_tie] => 0
            [symbol] => P1
        )

    [2] => Array
        (
            [round_res] => B
            [is_tie] => 0
            [symbol] => B1
        )

    [3] => Array
        (
            [round_res] => B
            [is_tie] => 1
            [symbol] => T1
        )

    [4] => Array
        (
            [round_res] => B
            [is_tie] => 0
            [symbol] => B1
        )

    [5] => Array
        (
            [round_res] => B
            [is_tie] => 0
            [symbol] => B1
        )

    [6] => Array
        (
            [round_res] => P
            [is_tie] => 0
            [symbol] => P1
        )

    [7] => Array
        (
            [round_res] => P
            [is_tie] => 0
            [symbol] => P1
        )

    [8] => Array
        (
            [round_res] => P
            [is_tie] => 0
            [symbol] => P1
        )

)
string(10) "VidId:B005"
string(10) "VidId:B002"
[Scoreboard]:Array
(
)
string(10) "VidId:B003"
[Scoreboard]:Array
(
    [0] => Array
        (
            [round_res] => P
            [is_tie] => 0
            [symbol] => P1
        )

    [1] => Array
        (
            [round_res] => B
            [is_tie] => 0
            [symbol] => B1
        )

    [2] => Array
        (
            [round_res] => B
            [is_tie] => 0
            [symbol] => B1
        )

    [3] => Array
        (
            [round_res] => P
            [is_tie] => 0
            [symbol] => P1
        )

    [4] => Array
        (
            [round_res] => B
            [is_tie] => 0
            [symbol] => B1
        )

    [5] => Array
        (
            [round_res] => B
            [is_tie] => 1
            [symbol] => T1
        )

)
string(10) "VidId:B001"
[Scoreboard]:Array
(
    [0] => Array
        (
            [round_res] => P
            [is_tie] => 0
            [symbol] => P1
        )

    [1] => Array
        (
            [round_res] => B
            [is_tie] => 0
            [symbol] => B1
        )

    [2] => Array
        (
            [round_res] => P
            [is_tie] => 0
            [symbol] => P1
        )

    [3] => Array
        (
            [round_res] => P
            [is_tie] => 0
            [symbol] => P1
        )

    [4] => Array
        (
            [round_res] => P
            [is_tie] => 0
            [symbol] => P1
        )

    [5] => Array
        (
            [round_res] => B
            [is_tie] => 0
            [symbol] => B1
        )

    [6] => Array
        (
            [round_res] => B
            [is_tie] => 0
            [symbol] => B1
        )

    [7] => Array
        (
            [round_res] => B
            [is_tie] => 0
            [symbol] => B1
        )

    [8] => Array
        (
            [round_res] => B
            [is_tie] => 0
            [symbol] => B1
        )

    [9] => Array
        (
            [round_res] => P
            [is_tie] => 0
            [symbol] => P1
        )

    [10] => Array
        (
            [round_res] => B
            [is_tie] => 0
            [symbol] => B1
        )

    [11] => Array
        (
            [round_res] => B
            [is_tie] => 0
            [symbol] => B1
        )

    [12] => Array
        (
            [round_res] => B
            [is_tie] => 1
            [symbol] => T3
        )

    [13] => Array
        (
            [round_res] => P
            [is_tie] => 0
            [symbol] => P2
        )

    [14] => Array
        (
            [round_res] => P
            [is_tie] => 0
            [symbol] => P1
        )

    [15] => Array
        (
            [round_res] => B
            [is_tie] => 0
            [symbol] => B1
        )

    [16] => Array
        (
            [round_res] => P
            [is_tie] => 0
            [symbol] => P1
        )

    [17] => Array
        (
            [round_res] => B
            [is_tie] => 0
            [symbol] => B1
        )

    [18] => Array
        (
            [round_res] => B
            [is_tie] => 0
            [symbol] => B1
        )

    [19] => Array
        (
            [round_res] => B
            [is_tie] => 0
            [symbol] => B1
        )

    [20] => Array
        (
            [round_res] => P
            [is_tie] => 0
            [symbol] => P1
        )

    [21] => Array
        (
            [round_res] => P
            [is_tie] => 0
            [symbol] => P1
        )

    [22] => Array
        (
            [round_res] => P
            [is_tie] => 0
            [symbol] => P1
        )

    [23] => Array
        (
            [round_res] => P
            [is_tie] => 0
            [symbol] => P1
        )

    [24] => Array
        (
            [round_res] => P
            [is_tie] => 0
            [symbol] => P1
        )

    [25] => Array
        (
            [round_res] => B
            [is_tie] => 0
            [symbol] => B2
        )

    [26] => Array
        (
            [round_res] => B
            [is_tie] => 0
            [symbol] => B2
        )

    [27] => Array
        (
            [round_res] => B
            [is_tie] => 1
            [symbol] => T3
        )

    [28] => Array
        (
            [round_res] => B
            [is_tie] => 1
            [symbol] => T1
        )

    [29] => Array
        (
            [round_res] => B
            [is_tie] => 0
            [symbol] => B1
        )

    [30] => Array
        (
            [round_res] => P
            [is_tie] => 0
            [symbol] => P1
        )

    [31] => Array
        (
            [round_res] => P
            [is_tie] => 0
            [symbol] => P1
        )

    [32] => Array
        (
            [round_res] => P
            [is_tie] => 1
            [symbol] => T3
        )

    [33] => Array
        (
            [round_res] => P
            [is_tie] => 0
            [symbol] => P1
        )

    [34] => Array
        (
            [round_res] => P
            [is_tie] => 0
            [symbol] => P1
        )

    [35] => Array
        (
            [round_res] => B
            [is_tie] => 0
            [symbol] => B2
        )

    [36] => Array
        (
            [round_res] => B
            [is_tie] => 1
            [symbol] => T1
        )

    [37] => Array
        (
            [round_res] => P
            [is_tie] => 0
            [symbol] => P1
        )

    [38] => Array
        (
            [round_res] => P
            [is_tie] => 0
            [symbol] => P1
        )

    [39] => Array
        (
            [round_res] => B
            [is_tie] => 0
            [symbol] => B1
        )

    [40] => Array
        (
            [round_res] => B
            [is_tie] => 0
            [symbol] => B1
        )

    [41] => Array
        (
            [round_res] => B
            [is_tie] => 0
            [symbol] => B1
        )

    [42] => Array
        (
            [round_res] => P
            [is_tie] => 0
            [symbol] => P4
        )

    [43] => Array
        (
            [round_res] => P
            [is_tie] => 0
            [symbol] => P1
        )

    [44] => Array
        (
            [round_res] => B
            [is_tie] => 0
            [symbol] => B1
        )

    [45] => Array
        (
            [round_res] => B
            [is_tie] => 0
            [symbol] => B1
        )

    [46] => Array
        (
            [round_res] => P
            [is_tie] => 0
            [symbol] => P1
        )

    [47] => Array
        (
            [round_res] => P
            [is_tie] => 0
            [symbol] => P1
        )

    [48] => Array
        (
            [round_res] => P
            [is_tie] => 1
            [symbol] => T1
        )

    [49] => Array
        (
            [round_res] => B
            [is_tie] => 0
            [symbol] => B2
        )

    [50] => Array
        (
            [round_res] => P
            [is_tie] => 0
            [symbol] => P1
        )

    [51] => Array
        (
            [round_res] => P
            [is_tie] => 0
            [symbol] => P1
        )

    [52] => Array
        (
            [round_res] => P
            [is_tie] => 0
            [symbol] => P2
        )

    [53] => Array
        (
            [round_res] => B
            [is_tie] => 0
            [symbol] => B1
        )

    [54] => Array
        (
            [round_res] => P
            [is_tie] => 0
            [symbol] => P1
        )

    [55] => Array
        (
            [round_res] => P
            [is_tie] => 0
            [symbol] => P2
        )

    [56] => Array
        (
            [round_res] => B
            [is_tie] => 0
            [symbol] => B1
        )

    [57] => Array
        (
            [round_res] => B
            [is_tie] => 1
            [symbol] => T1
        )

    [58] => Array
        (
            [round_res] => B
            [is_tie] => 1
            [symbol] => T1
        )

    [59] => Array
        (
            [round_res] => B
            [is_tie] => 0
            [symbol] => B2
        )

    [60] => Array
        (
            [round_res] => P
            [is_tie] => 0
            [symbol] => P1
        )

    [61] => Array
        (
            [round_res] => B
            [is_tie] => 0
            [symbol] => B1
        )

    [62] => Array
        (
            [round_res] => B
            [is_tie] => 0
            [symbol] => B1
        )

    [63] => Array
        (
            [round_res] => B
            [is_tie] => 0
            [symbol] => B2
        )

    [64] => Array
        (
            [round_res] => B
            [is_tie] => 0
            [symbol] => B1
        )

    [65] => Array
        (
            [round_res] => P
            [is_tie] => 0
            [symbol] => P1
        )

    [66] => Array
        (
            [round_res] => B
            [is_tie] => 0
            [symbol] => B1
        )

    [67] => Array
        (
            [round_res] => B
            [is_tie] => 1
            [symbol] => T1
        )

    [68] => Array
        (
            [round_res] => B
            [is_tie] => 0
            [symbol] => B1
        )

)
string(10) "VidId:M055"
[Scoreboard]:Array
(
    [0] => Array
        (
            [round_res] => P
            [is_tie] => 0
            [symbol] => P1
        )

    [1] => Array
        (
            [round_res] => P
            [is_tie] => 0
            [symbol] => P1
        )

    [2] => Array
        (
            [round_res] => B
            [is_tie] => 0
            [symbol] => B2
        )

    [3] => Array
        (
            [round_res] => P
            [is_tie] => 0
            [symbol] => P1
        )

    [4] => Array
        (
            [round_res] => P
            [is_tie] => 0
            [symbol] => P1
        )

    [5] => Array
        (
            [round_res] => B
            [is_tie] => 0
            [symbol] => B1
        )

    [6] => Array
        (
            [round_res] => B
            [is_tie] => 0
            [symbol] => B2
        )

    [7] => Array
        (
            [round_res] => B
            [is_tie] => 0
            [symbol] => B1
        )

    [8] => Array
        (
            [round_res] => B
            [is_tie] => 0
            [symbol] => B1
        )

    [9] => Array
        (
            [round_res] => B
            [is_tie] => 0
            [symbol] => B2
        )

    [10] => Array
        (
            [round_res] => B
            [is_tie] => 0
            [symbol] => B1
        )

    [11] => Array
        (
            [round_res] => B
            [is_tie] => 1
            [symbol] => T1
        )

    [12] => Array
        (
            [round_res] => B
            [is_tie] => 0
            [symbol] => B1
        )

    [13] => Array
        (
            [round_res] => B
            [is_tie] => 0
            [symbol] => B1
        )

    [14] => Array
        (
            [round_res] => B
            [is_tie] => 1
            [symbol] => T1
        )

    [15] => Array
        (
            [round_res] => B
            [is_tie] => 0
            [symbol] => B1
        )

    [16] => Array
        (
            [round_res] => B
            [is_tie] => 0
            [symbol] => B1
        )

    [17] => Array
        (
            [round_res] => P
            [is_tie] => 0
            [symbol] => P1
        )

    [18] => Array
        (
            [round_res] => P
            [is_tie] => 0
            [symbol] => P1
        )

    [19] => Array
        (
            [round_res] => B
            [is_tie] => 0
            [symbol] => B1
        )

    [20] => Array
        (
            [round_res] => P
            [is_tie] => 0
            [symbol] => P4
        )

    [21] => Array
        (
            [round_res] => B
            [is_tie] => 0
            [symbol] => B1
        )

    [22] => Array
        (
            [round_res] => B
            [is_tie] => 0
            [symbol] => B1
        )

    [23] => Array
        (
            [round_res] => B
            [is_tie] => 0
            [symbol] => B1
        )

    [24] => Array
        (
            [round_res] => B
            [is_tie] => 0
            [symbol] => B1
        )

    [25] => Array
        (
            [round_res] => B
            [is_tie] => 1
            [symbol] => T1
        )

    [26] => Array
        (
            [round_res] => P
            [is_tie] => 0
            [symbol] => P1
        )

    [27] => Array
        (
            [round_res] => B
            [is_tie] => 0
            [symbol] => B1
        )

    [28] => Array
        (
            [round_res] => B
            [is_tie] => 0
            [symbol] => B1
        )

    [29] => Array
        (
            [round_res] => P
            [is_tie] => 0
            [symbol] => P2
        )

    [30] => Array
        (
            [round_res] => P
            [is_tie] => 1
            [symbol] => T1
        )

    [31] => Array
        (
            [round_res] => B
            [is_tie] => 0
            [symbol] => B1
        )

    [32] => Array
        (
            [round_res] => P
            [is_tie] => 0
            [symbol] => P1
        )

    [33] => Array
        (
            [round_res] => P
            [is_tie] => 0
            [symbol] => P1
        )

    [34] => Array
        (
            [round_res] => B
            [is_tie] => 0
            [symbol] => B1
        )

    [35] => Array
        (
            [round_res] => P
            [is_tie] => 0
            [symbol] => P1
        )

    [36] => Array
        (
            [round_res] => P
            [is_tie] => 0
            [symbol] => P1
        )

    [37] => Array
        (
            [round_res] => P
            [is_tie] => 0
            [symbol] => P1
        )

    [38] => Array
        (
            [round_res] => B
            [is_tie] => 0
            [symbol] => B2
        )

    [39] => Array
        (
            [round_res] => P
            [is_tie] => 0
            [symbol] => P1
        )

    [40] => Array
        (
            [round_res] => B
            [is_tie] => 0
            [symbol] => B1
        )

    [41] => Array
        (
            [round_res] => P
            [is_tie] => 0
            [symbol] => P1
        )

    [42] => Array
        (
            [round_res] => P
            [is_tie] => 0
            [symbol] => P1
        )

    [43] => Array
        (
            [round_res] => P
            [is_tie] => 0
            [symbol] => P1
        )

    [44] => Array
        (
            [round_res] => B
            [is_tie] => 0
            [symbol] => B1
        )

    [45] => Array
        (
            [round_res] => B
            [is_tie] => 0
            [symbol] => B1
        )

    [46] => Array
        (
            [round_res] => P
            [is_tie] => 0
            [symbol] => P1
        )

    [47] => Array
        (
            [round_res] => P
            [is_tie] => 0
            [symbol] => P1
        )

    [48] => Array
        (
            [round_res] => P
            [is_tie] => 0
            [symbol] => P2
        )

    [49] => Array
        (
            [round_res] => P
            [is_tie] => 0
            [symbol] => P2
        )

    [50] => Array
        (
            [round_res] => P
            [is_tie] => 0
            [symbol] => P1
        )

    [51] => Array
        (
            [round_res] => B
            [is_tie] => 0
            [symbol] => B1
        )

)
string(10) "VidId:M054"
[Scoreboard]:Array
(
    [0] => Array
        (
            [round_res] => P
            [is_tie] => 0
            [symbol] => P1
        )

    [1] => Array
        (
            [round_res] => P
            [is_tie] => 1
            [symbol] => T1
        )

    [2] => Array
        (
            [round_res] => B
            [is_tie] => 0
            [symbol] => B1
        )

    [3] => Array
        (
            [round_res] => B
            [is_tie] => 0
            [symbol] => B1
        )

    [4] => Array
        (
            [round_res] => P
            [is_tie] => 0
            [symbol] => P1
        )

    [5] => Array
        (
            [round_res] => P
            [is_tie] => 0
            [symbol] => P1
        )

    [6] => Array
        (
            [round_res] => B
            [is_tie] => 0
            [symbol] => B1
        )

    [7] => Array
        (
            [round_res] => P
            [is_tie] => 0
            [symbol] => P1
        )

    [8] => Array
        (
            [round_res] => B
            [is_tie] => 0
            [symbol] => B1
        )

    [9] => Array
        (
            [round_res] => B
            [is_tie] => 0
            [symbol] => B1
        )

    [10] => Array
        (
            [round_res] => P
            [is_tie] => 0
            [symbol] => P1
        )

    [11] => Array
        (
            [round_res] => B
            [is_tie] => 0
            [symbol] => B1
        )

    [12] => Array
        (
            [round_res] => B
            [is_tie] => 0
            [symbol] => B1
        )

    [13] => Array
        (
            [round_res] => B
            [is_tie] => 0
            [symbol] => B1
        )

    [14] => Array
        (
            [round_res] => B
            [is_tie] => 0
            [symbol] => B1
        )

    [15] => Array
        (
            [round_res] => P
            [is_tie] => 0
            [symbol] => P1
        )

    [16] => Array
        (
            [round_res] => P
            [is_tie] => 0
            [symbol] => P1
        )

    [17] => Array
        (
            [round_res] => P
            [is_tie] => 1
            [symbol] => T1
        )

    [18] => Array
        (
            [round_res] => P
            [is_tie] => 0
            [symbol] => P1
        )

    [19] => Array
        (
            [round_res] => P
            [is_tie] => 0
            [symbol] => P1
        )

    [20] => Array
        (
            [round_res] => P
            [is_tie] => 0
            [symbol] => P1
        )

    [21] => Array
        (
            [round_res] => P
            [is_tie] => 0
            [symbol] => P1
        )

    [22] => Array
        (
            [round_res] => B
            [is_tie] => 0
            [symbol] => B1
        )

    [23] => Array
        (
            [round_res] => P
            [is_tie] => 0
            [symbol] => P2
        )

    [24] => Array
        (
            [round_res] => P
            [is_tie] => 0
            [symbol] => P1
        )

    [25] => Array
        (
            [round_res] => P
            [is_tie] => 1
            [symbol] => T3
        )

    [26] => Array
        (
            [round_res] => P
            [is_tie] => 0
            [symbol] => P1
        )

    [27] => Array
        (
            [round_res] => P
            [is_tie] => 0
            [symbol] => P1
        )

    [28] => Array
        (
            [round_res] => P
            [is_tie] => 0
            [symbol] => P1
        )

    [29] => Array
        (
            [round_res] => P
            [is_tie] => 0
            [symbol] => P1
        )

    [30] => Array
        (
            [round_res] => P
            [is_tie] => 0
            [symbol] => P1
        )

    [31] => Array
        (
            [round_res] => P
            [is_tie] => 0
            [symbol] => P2
        )

    [32] => Array
        (
            [round_res] => B
            [is_tie] => 0
            [symbol] => B1
        )

    [33] => Array
        (
            [round_res] => B
            [is_tie] => 0
            [symbol] => B1
        )

    [34] => Array
        (
            [round_res] => P
            [is_tie] => 0
            [symbol] => P1
        )

    [35] => Array
        (
            [round_res] => P
            [is_tie] => 1
            [symbol] => T1
        )

    [36] => Array
        (
            [round_res] => P
            [is_tie] => 0
            [symbol] => P1
        )

    [37] => Array
        (
            [round_res] => B
            [is_tie] => 0
            [symbol] => B1
        )

    [38] => Array
        (
            [round_res] => P
            [is_tie] => 0
            [symbol] => P2
        )

    [39] => Array
        (
            [round_res] => P
            [is_tie] => 0
            [symbol] => P2
        )

    [40] => Array
        (
            [round_res] => B
            [is_tie] => 0
            [symbol] => B1
        )

    [41] => Array
        (
            [round_res] => B
            [is_tie] => 0
            [symbol] => B1
        )

    [42] => Array
        (
            [round_res] => B
            [is_tie] => 1
            [symbol] => T1
        )

    [43] => Array
        (
            [round_res] => P
            [is_tie] => 0
            [symbol] => P4
        )

    [44] => Array
        (
            [round_res] => B
            [is_tie] => 0
            [symbol] => B1
        )

    [45] => Array
        (
            [round_res] => B
            [is_tie] => 0
            [symbol] => B1
        )

    [46] => Array
        (
            [round_res] => B
            [is_tie] => 0
            [symbol] => B2
        )

)
string(10) "VidId:M053"
[Scoreboard]:Array
(
    [0] => Array
        (
            [round_res] => P
            [is_tie] => 0
            [symbol] => P4
        )

    [1] => Array
        (
            [round_res] => P
            [is_tie] => 0
            [symbol] => P1
        )

    [2] => Array
        (
            [round_res] => P
            [is_tie] => 0
            [symbol] => P1
        )

    [3] => Array
        (
            [round_res] => P
            [is_tie] => 0
            [symbol] => P1
        )

    [4] => Array
        (
            [round_res] => B
            [is_tie] => 0
            [symbol] => B1
        )

    [5] => Array
        (
            [round_res] => B
            [is_tie] => 0
            [symbol] => B1
        )

    [6] => Array
        (
            [round_res] => P
            [is_tie] => 0
            [symbol] => P1
        )

    [7] => Array
        (
            [round_res] => B
            [is_tie] => 0
            [symbol] => B1
        )

    [8] => Array
        (
            [round_res] => B
            [is_tie] => 0
            [symbol] => B1
        )

    [9] => Array
        (
            [round_res] => B
            [is_tie] => 0
            [symbol] => B1
        )

)
string(10) "VidId:M052"
[Scoreboard]:Array
(
    [0] => Array
        (
            [round_res] => P
            [is_tie] => 0
            [symbol] => P1
        )

    [1] => Array
        (
            [round_res] => B
            [is_tie] => 0
            [symbol] => B4
        )

    [2] => Array
        (
            [round_res] => P
            [is_tie] => 0
            [symbol] => P1
        )

    [3] => Array
        (
            [round_res] => P
            [is_tie] => 0
            [symbol] => P1
        )

    [4] => Array
        (
            [round_res] => B
            [is_tie] => 0
            [symbol] => B1
        )

    [5] => Array
        (
            [round_res] => P
            [is_tie] => 0
            [symbol] => P1
        )

    [6] => Array
        (
            [round_res] => P
            [is_tie] => 0
            [symbol] => P1
        )

    [7] => Array
        (
            [round_res] => P
            [is_tie] => 0
            [symbol] => P1
        )

    [8] => Array
        (
            [round_res] => P
            [is_tie] => 0
            [symbol] => P1
        )

    [9] => Array
        (
            [round_res] => P
            [is_tie] => 0
            [symbol] => P2
        )

    [10] => Array
        (
            [round_res] => P
            [is_tie] => 1
            [symbol] => T1
        )

    [11] => Array
        (
            [round_res] => B
            [is_tie] => 0
            [symbol] => B2
        )

    [12] => Array
        (
            [round_res] => B
            [is_tie] => 1
            [symbol] => T1
        )

    [13] => Array
        (
            [round_res] => P
            [is_tie] => 0
            [symbol] => P1
        )

    [14] => Array
        (
            [round_res] => P
            [is_tie] => 0
            [symbol] => P1
        )

    [15] => Array
        (
            [round_res] => B
            [is_tie] => 0
            [symbol] => B2
        )

    [16] => Array
        (
            [round_res] => B
            [is_tie] => 0
            [symbol] => B1
        )

    [17] => Array
        (
            [round_res] => B
            [is_tie] => 0
            [symbol] => B1
        )

    [18] => Array
        (
            [round_res] => B
            [is_tie] => 0
            [symbol] => B1
        )

    [19] => Array
        (
            [round_res] => P
            [is_tie] => 0
            [symbol] => P2
        )

    [20] => Array
        (
            [round_res] => P
            [is_tie] => 0
            [symbol] => P2
        )

    [21] => Array
        (
            [round_res] => P
            [is_tie] => 0
            [symbol] => P1
        )

    [22] => Array
        (
            [round_res] => P
            [is_tie] => 0
            [symbol] => P1
        )

    [23] => Array
        (
            [round_res] => P
            [is_tie] => 0
            [symbol] => P1
        )

    [24] => Array
        (
            [round_res] => P
            [is_tie] => 0
            [symbol] => P1
        )

    [25] => Array
        (
            [round_res] => B
            [is_tie] => 0
            [symbol] => B1
        )

    [26] => Array
        (
            [round_res] => B
            [is_tie] => 0
            [symbol] => B1
        )

    [27] => Array
        (
            [round_res] => B
            [is_tie] => 0
            [symbol] => B1
        )

    [28] => Array
        (
            [round_res] => B
            [is_tie] => 0
            [symbol] => B1
        )

)
string(10) "VidId:M056"
[Scoreboard]:Array
(
    [0] => Array
        (
            [round_res] => P
            [is_tie] => 0
            [symbol] => P2
        )

    [1] => Array
        (
            [round_res] => B
            [is_tie] => 0
            [symbol] => B1
        )

    [2] => Array
        (
            [round_res] => P
            [is_tie] => 0
            [symbol] => P1
        )

    [3] => Array
        (
            [round_res] => B
            [is_tie] => 0
            [symbol] => B1
        )

    [4] => Array
        (
            [round_res] => B
            [is_tie] => 0
            [symbol] => B1
        )

    [5] => Array
        (
            [round_res] => P
            [is_tie] => 0
            [symbol] => P1
        )

    [6] => Array
        (
            [round_res] => B
            [is_tie] => 0
            [symbol] => B1
        )

    [7] => Array
        (
            [round_res] => B
            [is_tie] => 1
            [symbol] => T1
        )

    [8] => Array
        (
            [round_res] => B
            [is_tie] => 0
            [symbol] => B1
        )

    [9] => Array
        (
            [round_res] => B
            [is_tie] => 1
            [symbol] => T1
        )

    [10] => Array
        (
            [round_res] => P
            [is_tie] => 0
            [symbol] => P1
        )

    [11] => Array
        (
            [round_res] => P
            [is_tie] => 0
            [symbol] => P1
        )

    [12] => Array
        (
            [round_res] => P
            [is_tie] => 1
            [symbol] => T1
        )

    [13] => Array
        (
            [round_res] => P
            [is_tie] => 1
            [symbol] => T1
        )

    [14] => Array
        (
            [round_res] => B
            [is_tie] => 0
            [symbol] => B1
        )

    [15] => Array
        (
            [round_res] => P
            [is_tie] => 0
            [symbol] => P2
        )

    [16] => Array
        (
            [round_res] => P
            [is_tie] => 0
            [symbol] => P1
        )

)
string(10) "VidId:N016"
[Scoreboard]:Array
(
    [0] => Array
        (
            [round_res] => P
            [is_tie] => 0
            [symbol] => P1
        )

    [1] => Array
        (
            [round_res] => P
            [is_tie] => 0
            [symbol] => P1
        )

    [2] => Array
        (
            [round_res] => P
            [is_tie] => 0
            [symbol] => P1
        )

    [3] => Array
        (
            [round_res] => P
            [is_tie] => 0
            [symbol] => P1
        )

    [4] => Array
        (
            [round_res] => P
            [is_tie] => 0
            [symbol] => P1
        )

    [5] => Array
        (
            [round_res] => B
            [is_tie] => 0
            [symbol] => B1
        )

    [6] => Array
        (
            [round_res] => P
            [is_tie] => 0
            [symbol] => P1
        )

    [7] => Array
        (
            [round_res] => P
            [is_tie] => 0
            [symbol] => P1
        )

    [8] => Array
        (
            [round_res] => B
            [is_tie] => 0
            [symbol] => B2
        )

    [9] => Array
        (
            [round_res] => B
            [is_tie] => 0
            [symbol] => B1
        )

    [10] => Array
        (
            [round_res] => B
            [is_tie] => 0
            [symbol] => B1
        )

    [11] => Array
        (
            [round_res] => B
            [is_tie] => 0
            [symbol] => B1
        )

    [12] => Array
        (
            [round_res] => B
            [is_tie] => 0
            [symbol] => B1
        )

    [13] => Array
        (
            [round_res] => P
            [is_tie] => 0
            [symbol] => P1
        )

    [14] => Array
        (
            [round_res] => B
            [is_tie] => 0
            [symbol] => B1
        )

    [15] => Array
        (
            [round_res] => P
            [is_tie] => 0
            [symbol] => P1
        )

    [16] => Array
        (
            [round_res] => P
            [is_tie] => 0
            [symbol] => P1
        )

    [17] => Array
        (
            [round_res] => P
            [is_tie] => 0
            [symbol] => P1
        )

    [18] => Array
        (
            [round_res] => B
            [is_tie] => 0
            [symbol] => B1
        )

    [19] => Array
        (
            [round_res] => P
            [is_tie] => 0
            [symbol] => P1
        )

    [20] => Array
        (
            [round_res] => P
            [is_tie] => 0
            [symbol] => P1
        )

    [21] => Array
        (
            [round_res] => P
            [is_tie] => 1
            [symbol] => T1
        )

    [22] => Array
        (
            [round_res] => B
            [is_tie] => 0
            [symbol] => B2
        )

    [23] => Array
        (
            [round_res] => P
            [is_tie] => 0
            [symbol] => P1
        )

    [24] => Array
        (
            [round_res] => P
            [is_tie] => 0
            [symbol] => P1
        )

    [25] => Array
        (
            [round_res] => P
            [is_tie] => 0
            [symbol] => P1
        )

    [26] => Array
        (
            [round_res] => P
            [is_tie] => 0
            [symbol] => P2
        )

    [27] => Array
        (
            [round_res] => B
            [is_tie] => 0
            [symbol] => B4
        )

    [28] => Array
        (
            [round_res] => B
            [is_tie] => 0
            [symbol] => B1
        )

    [29] => Array
        (
            [round_res] => B
            [is_tie] => 0
            [symbol] => B1
        )

    [30] => Array
        (
            [round_res] => B
            [is_tie] => 0
            [symbol] => B1
        )

    [31] => Array
        (
            [round_res] => B
            [is_tie] => 0
            [symbol] => B2
        )

    [32] => Array
        (
            [round_res] => B
            [is_tie] => 0
            [symbol] => B2
        )

    [33] => Array
        (
            [round_res] => P
            [is_tie] => 0
            [symbol] => P1
        )

    [34] => Array
        (
            [round_res] => B
            [is_tie] => 0
            [symbol] => B2
        )

    [35] => Array
        (
            [round_res] => B
            [is_tie] => 0
            [symbol] => B2
        )

    [36] => Array
        (
            [round_res] => B
            [is_tie] => 0
            [symbol] => B1
        )

    [37] => Array
        (
            [round_res] => B
            [is_tie] => 1
            [symbol] => T1
        )

    [38] => Array
        (
            [round_res] => B
            [is_tie] => 0
            [symbol] => B1
        )

    [39] => Array
        (
            [round_res] => P
            [is_tie] => 0
            [symbol] => P1
        )

    [40] => Array
        (
            [round_res] => B
            [is_tie] => 0
            [symbol] => B2
        )

    [41] => Array
        (
            [round_res] => P
            [is_tie] => 0
            [symbol] => P1
        )

    [42] => Array
        (
            [round_res] => P
            [is_tie] => 0
            [symbol] => P1
        )

    [43] => Array
        (
            [round_res] => B
            [is_tie] => 0
            [symbol] => B1
        )

    [44] => Array
        (
            [round_res] => P
            [is_tie] => 0
            [symbol] => P1
        )

    [45] => Array
        (
            [round_res] => P
            [is_tie] => 0
            [symbol] => P1
        )

    [46] => Array
        (
            [round_res] => P
            [is_tie] => 0
            [symbol] => P1
        )

    [47] => Array
        (
            [round_res] => P
            [is_tie] => 0
            [symbol] => P2
        )

    [48] => Array
        (
            [round_res] => B
            [is_tie] => 0
            [symbol] => B1
        )

    [49] => Array
        (
            [round_res] => P
            [is_tie] => 0
            [symbol] => P2
        )

    [50] => Array
        (
            [round_res] => P
            [is_tie] => 0
            [symbol] => P1
        )

    [51] => Array
        (
            [round_res] => B
            [is_tie] => 0
            [symbol] => B1
        )

    [52] => Array
        (
            [round_res] => B
            [is_tie] => 0
            [symbol] => B1
        )

    [53] => Array
        (
            [round_res] => B
            [is_tie] => 0
            [symbol] => B2
        )

    [54] => Array
        (
            [round_res] => P
            [is_tie] => 0
            [symbol] => P1
        )

    [55] => Array
        (
            [round_res] => P
            [is_tie] => 0
            [symbol] => P1
        )

    [56] => Array
        (
            [round_res] => P
            [is_tie] => 0
            [symbol] => P1
        )

    [57] => Array
        (
            [round_res] => B
            [is_tie] => 0
            [symbol] => B2
        )

    [58] => Array
        (
            [round_res] => B
            [is_tie] => 0
            [symbol] => B2
        )

    [59] => Array
        (
            [round_res] => P
            [is_tie] => 0
            [symbol] => P1
        )

    [60] => Array
        (
            [round_res] => P
            [is_tie] => 0
            [symbol] => P1
        )

    [61] => Array
        (
            [round_res] => P
            [is_tie] => 0
            [symbol] => P1
        )

    [62] => Array
        (
            [round_res] => P
            [is_tie] => 0
            [symbol] => P2
        )

    [63] => Array
        (
            [round_res] => B
            [is_tie] => 0
            [symbol] => B1
        )

    [64] => Array
        (
            [round_res] => B
            [is_tie] => 1
            [symbol] => T1
        )

    [65] => Array
        (
            [round_res] => B
            [is_tie] => 0
            [symbol] => B1
        )

    [66] => Array
        (
            [round_res] => B
            [is_tie] => 0
            [symbol] => B1
        )

    [67] => Array
        (
            [round_res] => P
            [is_tie] => 0
            [symbol] => P1
        )

    [68] => Array
        (
            [round_res] => P
            [is_tie] => 0
            [symbol] => P1
        )

    [69] => Array
        (
            [round_res] => B
            [is_tie] => 0
            [symbol] => B1
        )

    [70] => Array
        (
            [round_res] => B
            [is_tie] => 0
            [symbol] => B1
        )

    [71] => Array
        (
            [round_res] => B
            [is_tie] => 0
            [symbol] => B1
        )

    [72] => Array
        (
            [round_res] => P
            [is_tie] => 0
            [symbol] => P1
        )

    [73] => Array
        (
            [round_res] => B
            [is_tie] => 0
            [symbol] => B1
        )

    [74] => Array
        (
            [round_res] => B
            [is_tie] => 0
            [symbol] => B1
        )

    [75] => Array
        (
            [round_res] => B
            [is_tie] => 0
            [symbol] => B1
        )

)
string(10) "VidId:N010"
[Scoreboard]:Array
(
    [0] => Array
        (
            [round_res] => P
            [is_tie] => 0
            [symbol] => P1
        )

    [1] => Array
        (
            [round_res] => P
            [is_tie] => 0
            [symbol] => P1
        )

    [2] => Array
        (
            [round_res] => P
            [is_tie] => 0
            [symbol] => P1
        )

    [3] => Array
        (
            [round_res] => P
            [is_tie] => 0
            [symbol] => P1
        )

    [4] => Array
        (
            [round_res] => B
            [is_tie] => 0
            [symbol] => B2
        )

    [5] => Array
        (
            [round_res] => P
            [is_tie] => 0
            [symbol] => P1
        )

    [6] => Array
        (
            [round_res] => B
            [is_tie] => 0
            [symbol] => B1
        )

    [7] => Array
        (
            [round_res] => P
            [is_tie] => 0
            [symbol] => P1
        )

    [8] => Array
        (
            [round_res] => B
            [is_tie] => 0
            [symbol] => B1
        )

    [9] => Array
        (
            [round_res] => P
            [is_tie] => 0
            [symbol] => P1
        )

    [10] => Array
        (
            [round_res] => P
            [is_tie] => 0
            [symbol] => P1
        )

    [11] => Array
        (
            [round_res] => B
            [is_tie] => 0
            [symbol] => B1
        )

    [12] => Array
        (
            [round_res] => B
            [is_tie] => 1
            [symbol] => T1
        )

    [13] => Array
        (
            [round_res] => P
            [is_tie] => 0
            [symbol] => P1
        )

    [14] => Array
        (
            [round_res] => P
            [is_tie] => 1
            [symbol] => T1
        )

    [15] => Array
        (
            [round_res] => B
            [is_tie] => 0
            [symbol] => B1
        )

    [16] => Array
        (
            [round_res] => P
            [is_tie] => 0
            [symbol] => P1
        )

    [17] => Array
        (
            [round_res] => P
            [is_tie] => 0
            [symbol] => P1
        )

    [18] => Array
        (
            [round_res] => P
            [is_tie] => 0
            [symbol] => P1
        )

    [19] => Array
        (
            [round_res] => B
            [is_tie] => 0
            [symbol] => B1
        )

)
string(10) "VidId:N011"
[Scoreboard]:Array
(
    [0] => Array
        (
            [round_res] => P
            [is_tie] => 0
            [symbol] => P1
        )

    [1] => Array
        (
            [round_res] => P
            [is_tie] => 0
            [symbol] => P1
        )

    [2] => Array
        (
            [round_res] => B
            [is_tie] => 0
            [symbol] => B1
        )

    [3] => Array
        (
            [round_res] => B
            [is_tie] => 0
            [symbol] => B1
        )

    [4] => Array
        (
            [round_res] => B
            [is_tie] => 1
            [symbol] => T1
        )

    [5] => Array
        (
            [round_res] => P
            [is_tie] => 0
            [symbol] => P1
        )

    [6] => Array
        (
            [round_res] => P
            [is_tie] => 0
            [symbol] => P1
        )

    [7] => Array
        (
            [round_res] => B
            [is_tie] => 0
            [symbol] => B2
        )

    [8] => Array
        (
            [round_res] => B
            [is_tie] => 0
            [symbol] => B1
        )

    [9] => Array
        (
            [round_res] => B
            [is_tie] => 0
            [symbol] => B2
        )

    [10] => Array
        (
            [round_res] => P
            [is_tie] => 0
            [symbol] => P1
        )

    [11] => Array
        (
            [round_res] => B
            [is_tie] => 0
            [symbol] => B1
        )

    [12] => Array
        (
            [round_res] => B
            [is_tie] => 0
            [symbol] => B2
        )

    [13] => Array
        (
            [round_res] => B
            [is_tie] => 0
            [symbol] => B1
        )

    [14] => Array
        (
            [round_res] => B
            [is_tie] => 0
            [symbol] => B1
        )

    [15] => Array
        (
            [round_res] => P
            [is_tie] => 0
            [symbol] => P1
        )

    [16] => Array
        (
            [round_res] => P
            [is_tie] => 0
            [symbol] => P1
        )

    [17] => Array
        (
            [round_res] => B
            [is_tie] => 0
            [symbol] => B1
        )

    [18] => Array
        (
            [round_res] => B
            [is_tie] => 0
            [symbol] => B1
        )

    [19] => Array
        (
            [round_res] => P
            [is_tie] => 0
            [symbol] => P1
        )

    [20] => Array
        (
            [round_res] => B
            [is_tie] => 0
            [symbol] => B1
        )

    [21] => Array
        (
            [round_res] => P
            [is_tie] => 0
            [symbol] => P1
        )

)
string(10) "VidId:N012"
[Scoreboard]:Array
(
    [0] => Array
        (
            [round_res] => P
            [is_tie] => 0
            [symbol] => P4
        )

    [1] => Array
        (
            [round_res] => P
            [is_tie] => 0
            [symbol] => P1
        )

    [2] => Array
        (
            [round_res] => B
            [is_tie] => 0
            [symbol] => B1
        )

    [3] => Array
        (
            [round_res] => B
            [is_tie] => 0
            [symbol] => B1
        )

    [4] => Array
        (
            [round_res] => B
            [is_tie] => 0
            [symbol] => B1
        )

    [5] => Array
        (
            [round_res] => P
            [is_tie] => 0
            [symbol] => P1
        )

    [6] => Array
        (
            [round_res] => P
            [is_tie] => 0
            [symbol] => P1
        )

    [7] => Array
        (
            [round_res] => B
            [is_tie] => 0
            [symbol] => B1
        )

    [8] => Array
        (
            [round_res] => B
            [is_tie] => 0
            [symbol] => B2
        )

    [9] => Array
        (
            [round_res] => B
            [is_tie] => 0
            [symbol] => B1
        )

    [10] => Array
        (
            [round_res] => B
            [is_tie] => 1
            [symbol] => T3
        )

    [11] => Array
        (
            [round_res] => P
            [is_tie] => 0
            [symbol] => P1
        )

    [12] => Array
        (
            [round_res] => P
            [is_tie] => 0
            [symbol] => P1
        )

    [13] => Array
        (
            [round_res] => P
            [is_tie] => 0
            [symbol] => P1
        )

    [14] => Array
        (
            [round_res] => B
            [is_tie] => 0
            [symbol] => B1
        )

    [15] => Array
        (
            [round_res] => B
            [is_tie] => 0
            [symbol] => B1
        )

    [16] => Array
        (
            [round_res] => P
            [is_tie] => 0
            [symbol] => P1
        )

    [17] => Array
        (
            [round_res] => P
            [is_tie] => 0
            [symbol] => P1
        )

    [18] => Array
        (
            [round_res] => P
            [is_tie] => 0
            [symbol] => P1
        )

    [19] => Array
        (
            [round_res] => B
            [is_tie] => 0
            [symbol] => B2
        )

    [20] => Array
        (
            [round_res] => B
            [is_tie] => 0
            [symbol] => B1
        )

    [21] => Array
        (
            [round_res] => B
            [is_tie] => 0
            [symbol] => B1
        )

)
string(10) "VidId:N017"
[Scoreboard]:Array
(
    [0] => Array
        (
            [round_res] => P
            [is_tie] => 0
            [symbol] => P1
        )

    [1] => Array
        (
            [round_res] => P
            [is_tie] => 0
            [symbol] => P1
        )

    [2] => Array
        (
            [round_res] => B
            [is_tie] => 0
            [symbol] => B1
        )

    [3] => Array
        (
            [round_res] => B
            [is_tie] => 0
            [symbol] => B1
        )

    [4] => Array
        (
            [round_res] => B
            [is_tie] => 0
            [symbol] => B1
        )

    [5] => Array
        (
            [round_res] => P
            [is_tie] => 0
            [symbol] => P1
        )

    [6] => Array
        (
            [round_res] => P
            [is_tie] => 1
            [symbol] => T1
        )

)
string(10) "VidId:N018"
[Scoreboard]:Array
(
    [0] => Array
        (
            [round_res] => P
            [is_tie] => 0
            [symbol] => P1
        )

    [1] => Array
        (
            [round_res] => P
            [is_tie] => 0
            [symbol] => P2
        )

    [2] => Array
        (
            [round_res] => B
            [is_tie] => 0
            [symbol] => B1
        )

)
string(10) "VidId:N019"
[Scoreboard]:Array
(
    [0] => Array
        (
            [round_res] => B
            [is_tie] => 0
            [symbol] => B1
        )

    [1] => Array
        (
            [round_res] => B
            [is_tie] => 0
            [symbol] => B1
        )

    [2] => Array
        (
            [round_res] => B
            [is_tie] => 0
            [symbol] => B1
        )

    [3] => Array
        (
            [round_res] => P
            [is_tie] => 0
            [symbol] => P1
        )

    [4] => Array
        (
            [round_res] => B
            [is_tie] => 0
            [symbol] => B1
        )

    [5] => Array
        (
            [round_res] => B
            [is_tie] => 1
            [symbol] => T1
        )

)
string(10) "VidId:M051"
[Scoreboard]:Array
(
    [0] => Array
        (
            [round_res] => B
            [is_tie] => 0
            [symbol] => B1
        )

    [1] => Array
        (
            [round_res] => P
            [is_tie] => 0
            [symbol] => P1
        )

    [2] => Array
        (
            [round_res] => B
            [is_tie] => 0
            [symbol] => B1
        )

    [3] => Array
        (
            [round_res] => B
            [is_tie] => 0
            [symbol] => B1
        )

    [4] => Array
        (
            [round_res] => B
            [is_tie] => 1
            [symbol] => T1
        )

    [5] => Array
        (
            [round_res] => B
            [is_tie] => 0
            [symbol] => B1
        )

    [6] => Array
        (
            [round_res] => P
            [is_tie] => 0
            [symbol] => P1
        )

    [7] => Array
        (
            [round_res] => P
            [is_tie] => 0
            [symbol] => P1
        )

    [8] => Array
        (
            [round_res] => B
            [is_tie] => 0
            [symbol] => B1
        )

    [9] => Array
        (
            [round_res] => B
            [is_tie] => 1
            [symbol] => T1
        )

    [10] => Array
        (
            [round_res] => B
            [is_tie] => 1
            [symbol] => T1
        )

    [11] => Array
        (
            [round_res] => B
            [is_tie] => 1
            [symbol] => T1
        )

    [12] => Array
        (
            [round_res] => B
            [is_tie] => 0
            [symbol] => B1
        )

    [13] => Array
        (
            [round_res] => B
            [is_tie] => 1
            [symbol] => T1
        )

)
[2024-01-28 04:13:17] SERVER > Accepting new Client...
string(10) "VidId:N006"
[Scoreboard]:Array
(
    [0] => Array
        (
            [round_res] => B
            [is_tie] => 0
            [symbol] => B1
        )

    [1] => Array
        (
            [round_res] => B
            [is_tie] => 0
            [symbol] => B1
        )

    [2] => Array
        (
            [round_res] => P
            [is_tie] => 0
            [symbol] => P1
        )

    [3] => Array
        (
            [round_res] => P
            [is_tie] => 0
            [symbol] => P1
        )

    [4] => Array
        (
            [round_res] => B
            [is_tie] => 0
            [symbol] => B2
        )

    [5] => Array
        (
            [round_res] => P
            [is_tie] => 0
            [symbol] => P1
        )

    [6] => Array
        (
            [round_res] => B
            [is_tie] => 0
            [symbol] => B1
        )

)
string(10) "VidId:N007"
[Scoreboard]:Array
(
    [0] => Array
        (
            [round_res] => B
            [is_tie] => 0
            [symbol] => B1
        )

    [1] => Array
        (
            [round_res] => B
            [is_tie] => 0
            [symbol] => B1
        )

    [2] => Array
        (
            [round_res] => P
            [is_tie] => 0
            [symbol] => P1
        )

    [3] => Array
        (
            [round_res] => P
            [is_tie] => 1
            [symbol] => T1
        )

    [4] => Array
        (
            [round_res] => B
            [is_tie] => 0
            [symbol] => B2
        )

    [5] => Array
        (
            [round_res] => B
            [is_tie] => 0
            [symbol] => B1
        )

)
string(10) "VidId:N008"
[Scoreboard]:Array
(
    [0] => Array
        (
            [round_res] => P
            [is_tie] => 0
            [symbol] => P1
        )

    [1] => Array
        (
            [round_res] => B
            [is_tie] => 0
            [symbol] => B2
        )

    [2] => Array
        (
            [round_res] => B
            [is_tie] => 0
            [symbol] => B2
        )

    [3] => Array
        (
            [round_res] => P
            [is_tie] => 0
            [symbol] => P1
        )

    [4] => Array
        (
            [round_res] => B
            [is_tie] => 0
            [symbol] => B2
        )

    [5] => Array
        (
            [round_res] => P
            [is_tie] => 0
            [symbol] => P1
        )

)
string(10) "VidId:N009"
[Scoreboard]:Array
(
    [0] => Array
        (
            [round_res] => P
            [is_tie] => 0
            [symbol] => P1
        )

    [1] => Array
        (
            [round_res] => B
            [is_tie] => 0
            [symbol] => B1
        )

    [2] => Array
        (
            [round_res] => P
            [is_tie] => 0
            [symbol] => P1
        )

    [3] => Array
        (
            [round_res] => P
            [is_tie] => 0
            [symbol] => P1
        )

    [4] => Array
        (
            [round_res] => P
            [is_tie] => 0
            [symbol] => P2
        )

    [5] => Array
        (
            [round_res] => P
            [is_tie] => 0
            [symbol] => P1
        )

    [6] => Array
        (
            [round_res] => P
            [is_tie] => 0
            [symbol] => P1
        )

    [7] => Array
        (
            [round_res] => B
            [is_tie] => 0
            [symbol] => B2
        )

    [8] => Array
        (
            [round_res] => P
            [is_tie] => 0
            [symbol] => P1
        )

    [9] => Array
        (
            [round_res] => P
            [is_tie] => 0
            [symbol] => P2
        )

)
string(10) "VidId:T032"
[Scoreboard]:Array
(
    [0] => Array
        (
            [round_res] => B
            [is_tie] => 0
            [symbol] => B1
        )

    [1] => Array
        (
            [round_res] => B
            [is_tie] => 0
            [symbol] => B1
        )

    [2] => Array
        (
            [round_res] => B
            [is_tie] => 0
            [symbol] => B1
        )

    [3] => Array
        (
            [round_res] => B
            [is_tie] => 1
            [symbol] => T1
        )

    [4] => Array
        (
            [round_res] => B
            [is_tie] => 0
            [symbol] => B1
        )

    [5] => Array
        (
            [round_res] => B
            [is_tie] => 0
            [symbol] => B1
        )

    [6] => Array
        (
            [round_res] => P
            [is_tie] => 0
            [symbol] => P1
        )

    [7] => Array
        (
            [round_res] => P
            [is_tie] => 1
            [symbol] => T1
        )

    [8] => Array
        (
            [round_res] => B
            [is_tie] => 0
            [symbol] => B1
        )

    [9] => Array
        (
            [round_res] => P
            [is_tie] => 0
            [symbol] => P1
        )

    [10] => Array
        (
            [round_res] => B
            [is_tie] => 0
            [symbol] => B1
        )

    [11] => Array
        (
            [round_res] => B
            [is_tie] => 0
            [symbol] => B1
        )

    [12] => Array
        (
            [round_res] => B
            [is_tie] => 0
            [symbol] => B2
        )

    [13] => Array
        (
            [round_res] => B
            [is_tie] => 0
            [symbol] => B2
        )

    [14] => Array
        (
            [round_res] => P
            [is_tie] => 0
            [symbol] => P2
        )

    [15] => Array
        (
            [round_res] => B
            [is_tie] => 0
            [symbol] => B2
        )

    [16] => Array
        (
            [round_res] => B
            [is_tie] => 1
            [symbol] => T1
        )

    [17] => Array
        (
            [round_res] => B
            [is_tie] => 0
            [symbol] => B1
        )

    [18] => Array
        (
            [round_res] => P
            [is_tie] => 0
            [symbol] => P2
        )

    [19] => Array
        (
            [round_res] => B
            [is_tie] => 0
            [symbol] => B1
        )

)
string(10) "VidId:B004"
[Scoreboard]:Array
(
    [0] => Array
        (
            [round_res] => P
            [is_tie] => 0
            [symbol] => P1
        )

    [1] => Array
        (
            [round_res] => P
            [is_tie] => 0
            [symbol] => P1
        )

    [2] => Array
        (
            [round_res] => B
            [is_tie] => 0
            [symbol] => B1
        )

    [3] => Array
        (
            [round_res] => B
            [is_tie] => 1
            [symbol] => T1
        )

    [4] => Array
        (
            [round_res] => B
            [is_tie] => 0
            [symbol] => B1
        )

    [5] => Array
        (
            [round_res] => B
            [is_tie] => 0
            [symbol] => B1
        )

    [6] => Array
        (
            [round_res] => P
            [is_tie] => 0
            [symbol] => P1
        )

    [7] => Array
        (
            [round_res] => P
            [is_tie] => 0
            [symbol] => P1
        )

    [8] => Array
        (
            [round_res] => P
            [is_tie] => 0
            [symbol] => P1
        )

)
string(10) "VidId:B005"
string(10) "VidId:B002"
[Scoreboard]:Array
(
)
string(10) "VidId:B003"
[Scoreboard]:Array
(
    [0] => Array
        (
            [round_res] => P
            [is_tie] => 0
            [symbol] => P1
        )

    [1] => Array
        (
            [round_res] => B
            [is_tie] => 0
            [symbol] => B1
        )

    [2] => Array
        (
            [round_res] => B
            [is_tie] => 0
            [symbol] => B1
        )

    [3] => Array
        (
            [round_res] => P
            [is_tie] => 0
            [symbol] => P1
        )

    [4] => Array
        (
            [round_res] => B
            [is_tie] => 0
            [symbol] => B1
        )

    [5] => Array
        (
            [round_res] => B
            [is_tie] => 1
            [symbol] => T1
        )

)
string(10) "VidId:B001"
[Scoreboard]:Array
(
    [0] => Array
        (
            [round_res] => P
            [is_tie] => 0
            [symbol] => P1
        )

    [1] => Array
        (
            [round_res] => B
            [is_tie] => 0
            [symbol] => B1
        )

    [2] => Array
        (
            [round_res] => P
            [is_tie] => 0
            [symbol] => P1
        )

    [3] => Array
        (
            [round_res] => P
            [is_tie] => 0
            [symbol] => P1
        )

    [4] => Array
        (
            [round_res] => P
            [is_tie] => 0
            [symbol] => P1
        )

    [5] => Array
        (
            [round_res] => B
            [is_tie] => 0
            [symbol] => B1
        )

    [6] => Array
        (
            [round_res] => B
            [is_tie] => 0
            [symbol] => B1
        )

    [7] => Array
        (
            [round_res] => B
            [is_tie] => 0
            [symbol] => B1
        )

    [8] => Array
        (
            [round_res] => B
            [is_tie] => 0
            [symbol] => B1
        )

    [9] => Array
        (
            [round_res] => P
            [is_tie] => 0
            [symbol] => P1
        )

    [10] => Array
        (
            [round_res] => B
            [is_tie] => 0
            [symbol] => B1
        )

    [11] => Array
        (
            [round_res] => B
            [is_tie] => 0
            [symbol] => B1
        )

    [12] => Array
        (
            [round_res] => B
            [is_tie] => 1
            [symbol] => T3
        )

    [13] => Array
        (
            [round_res] => P
            [is_tie] => 0
            [symbol] => P2
        )

    [14] => Array
        (
            [round_res] => P
            [is_tie] => 0
            [symbol] => P1
        )

    [15] => Array
        (
            [round_res] => B
            [is_tie] => 0
            [symbol] => B1
        )

    [16] => Array
        (
            [round_res] => P
            [is_tie] => 0
            [symbol] => P1
        )

    [17] => Array
        (
            [round_res] => B
            [is_tie] => 0
            [symbol] => B1
        )

    [18] => Array
        (
            [round_res] => B
            [is_tie] => 0
            [symbol] => B1
        )

    [19] => Array
        (
            [round_res] => B
            [is_tie] => 0
            [symbol] => B1
        )

    [20] => Array
        (
            [round_res] => P
            [is_tie] => 0
            [symbol] => P1
        )

    [21] => Array
        (
            [round_res] => P
            [is_tie] => 0
            [symbol] => P1
        )

    [22] => Array
        (
            [round_res] => P
            [is_tie] => 0
            [symbol] => P1
        )

    [23] => Array
        (
            [round_res] => P
            [is_tie] => 0
            [symbol] => P1
        )

    [24] => Array
        (
            [round_res] => P
            [is_tie] => 0
            [symbol] => P1
        )

    [25] => Array
        (
            [round_res] => B
            [is_tie] => 0
            [symbol] => B2
        )

    [26] => Array
        (
            [round_res] => B
            [is_tie] => 0
            [symbol] => B2
        )

    [27] => Array
        (
            [round_res] => B
            [is_tie] => 1
            [symbol] => T3
        )

    [28] => Array
        (
            [round_res] => B
            [is_tie] => 1
            [symbol] => T1
        )

    [29] => Array
        (
            [round_res] => B
            [is_tie] => 0
            [symbol] => B1
        )

    [30] => Array
        (
            [round_res] => P
            [is_tie] => 0
            [symbol] => P1
        )

    [31] => Array
        (
            [round_res] => P
            [is_tie] => 0
            [symbol] => P1
        )

    [32] => Array
        (
            [round_res] => P
            [is_tie] => 1
            [symbol] => T3
        )

    [33] => Array
        (
            [round_res] => P
            [is_tie] => 0
            [symbol] => P1
        )

    [34] => Array
        (
            [round_res] => P
            [is_tie] => 0
            [symbol] => P1
        )

    [35] => Array
        (
            [round_res] => B
            [is_tie] => 0
            [symbol] => B2
        )

    [36] => Array
        (
            [round_res] => B
            [is_tie] => 1
            [symbol] => T1
        )

    [37] => Array
        (
            [round_res] => P
            [is_tie] => 0
            [symbol] => P1
        )

    [38] => Array
        (
            [round_res] => P
            [is_tie] => 0
            [symbol] => P1
        )

    [39] => Array
        (
            [round_res] => B
            [is_tie] => 0
            [symbol] => B1
        )

    [40] => Array
        (
            [round_res] => B
            [is_tie] => 0
            [symbol] => B1
        )

    [41] => Array
        (
            [round_res] => B
            [is_tie] => 0
            [symbol] => B1
        )

    [42] => Array
        (
            [round_res] => P
            [is_tie] => 0
            [symbol] => P4
        )

    [43] => Array
        (
            [round_res] => P
            [is_tie] => 0
            [symbol] => P1
        )

    [44] => Array
        (
            [round_res] => B
            [is_tie] => 0
            [symbol] => B1
        )

    [45] => Array
        (
            [round_res] => B
            [is_tie] => 0
            [symbol] => B1
        )

    [46] => Array
        (
            [round_res] => P
            [is_tie] => 0
            [symbol] => P1
        )

    [47] => Array
        (
            [round_res] => P
            [is_tie] => 0
            [symbol] => P1
        )

    [48] => Array
        (
            [round_res] => P
            [is_tie] => 1
            [symbol] => T1
        )

    [49] => Array
        (
            [round_res] => B
            [is_tie] => 0
            [symbol] => B2
        )

    [50] => Array
        (
            [round_res] => P
            [is_tie] => 0
            [symbol] => P1
        )

    [51] => Array
        (
            [round_res] => P
            [is_tie] => 0
            [symbol] => P1
        )

    [52] => Array
        (
            [round_res] => P
            [is_tie] => 0
            [symbol] => P2
        )

    [53] => Array
        (
            [round_res] => B
            [is_tie] => 0
            [symbol] => B1
        )

    [54] => Array
        (
            [round_res] => P
            [is_tie] => 0
            [symbol] => P1
        )

    [55] => Array
        (
            [round_res] => P
            [is_tie] => 0
            [symbol] => P2
        )

    [56] => Array
        (
            [round_res] => B
            [is_tie] => 0
            [symbol] => B1
        )

    [57] => Array
        (
            [round_res] => B
            [is_tie] => 1
            [symbol] => T1
        )

    [58] => Array
        (
            [round_res] => B
            [is_tie] => 1
            [symbol] => T1
        )

    [59] => Array
        (
            [round_res] => B
            [is_tie] => 0
            [symbol] => B2
        )

    [60] => Array
        (
            [round_res] => P
            [is_tie] => 0
            [symbol] => P1
        )

    [61] => Array
        (
            [round_res] => B
            [is_tie] => 0
            [symbol] => B1
        )

    [62] => Array
        (
            [round_res] => B
            [is_tie] => 0
            [symbol] => B1
        )

    [63] => Array
        (
            [round_res] => B
            [is_tie] => 0
            [symbol] => B2
        )

    [64] => Array
        (
            [round_res] => B
            [is_tie] => 0
            [symbol] => B1
        )

    [65] => Array
        (
            [round_res] => P
            [is_tie] => 0
            [symbol] => P1
        )

    [66] => Array
        (
            [round_res] => B
            [is_tie] => 0
            [symbol] => B1
        )

    [67] => Array
        (
            [round_res] => B
            [is_tie] => 1
            [symbol] => T1
        )

    [68] => Array
        (
            [round_res] => B
            [is_tie] => 0
            [symbol] => B1
        )

)
string(10) "VidId:M055"
[Scoreboard]:Array
(
    [0] => Array
        (
            [round_res] => P
            [is_tie] => 0
            [symbol] => P1
        )

    [1] => Array
        (
            [round_res] => P
            [is_tie] => 0
            [symbol] => P1
        )

    [2] => Array
        (
            [round_res] => B
            [is_tie] => 0
            [symbol] => B2
        )

    [3] => Array
        (
            [round_res] => P
            [is_tie] => 0
            [symbol] => P1
        )

    [4] => Array
        (
            [round_res] => P
            [is_tie] => 0
            [symbol] => P1
        )

    [5] => Array
        (
            [round_res] => B
            [is_tie] => 0
            [symbol] => B1
        )

    [6] => Array
        (
            [round_res] => B
            [is_tie] => 0
            [symbol] => B2
        )

    [7] => Array
        (
            [round_res] => B
            [is_tie] => 0
            [symbol] => B1
        )

    [8] => Array
        (
            [round_res] => B
            [is_tie] => 0
            [symbol] => B1
        )

    [9] => Array
        (
            [round_res] => B
            [is_tie] => 0
            [symbol] => B2
        )

    [10] => Array
        (
            [round_res] => B
            [is_tie] => 0
            [symbol] => B1
        )

    [11] => Array
        (
            [round_res] => B
            [is_tie] => 1
            [symbol] => T1
        )

    [12] => Array
        (
            [round_res] => B
            [is_tie] => 0
            [symbol] => B1
        )

    [13] => Array
        (
            [round_res] => B
            [is_tie] => 0
            [symbol] => B1
        )

    [14] => Array
        (
            [round_res] => B
            [is_tie] => 1
            [symbol] => T1
        )

    [15] => Array
        (
            [round_res] => B
            [is_tie] => 0
            [symbol] => B1
        )

    [16] => Array
        (
            [round_res] => B
            [is_tie] => 0
            [symbol] => B1
        )

    [17] => Array
        (
            [round_res] => P
            [is_tie] => 0
            [symbol] => P1
        )

    [18] => Array
        (
            [round_res] => P
            [is_tie] => 0
            [symbol] => P1
        )

    [19] => Array
        (
            [round_res] => B
            [is_tie] => 0
            [symbol] => B1
        )

    [20] => Array
        (
            [round_res] => P
            [is_tie] => 0
            [symbol] => P4
        )

    [21] => Array
        (
            [round_res] => B
            [is_tie] => 0
            [symbol] => B1
        )

    [22] => Array
        (
            [round_res] => B
            [is_tie] => 0
            [symbol] => B1
        )

    [23] => Array
        (
            [round_res] => B
            [is_tie] => 0
            [symbol] => B1
        )

    [24] => Array
        (
            [round_res] => B
            [is_tie] => 0
            [symbol] => B1
        )

    [25] => Array
        (
            [round_res] => B
            [is_tie] => 1
            [symbol] => T1
        )

    [26] => Array
        (
            [round_res] => P
            [is_tie] => 0
            [symbol] => P1
        )

    [27] => Array
        (
            [round_res] => B
            [is_tie] => 0
            [symbol] => B1
        )

    [28] => Array
        (
            [round_res] => B
            [is_tie] => 0
            [symbol] => B1
        )

    [29] => Array
        (
            [round_res] => P
            [is_tie] => 0
            [symbol] => P2
        )

    [30] => Array
        (
            [round_res] => P
            [is_tie] => 1
            [symbol] => T1
        )

    [31] => Array
        (
            [round_res] => B
            [is_tie] => 0
            [symbol] => B1
        )

    [32] => Array
        (
            [round_res] => P
            [is_tie] => 0
            [symbol] => P1
        )

    [33] => Array
        (
            [round_res] => P
            [is_tie] => 0
            [symbol] => P1
        )

    [34] => Array
        (
            [round_res] => B
            [is_tie] => 0
            [symbol] => B1
        )

    [35] => Array
        (
            [round_res] => P
            [is_tie] => 0
            [symbol] => P1
        )

    [36] => Array
        (
            [round_res] => P
            [is_tie] => 0
            [symbol] => P1
        )

    [37] => Array
        (
            [round_res] => P
            [is_tie] => 0
            [symbol] => P1
        )

    [38] => Array
        (
            [round_res] => B
            [is_tie] => 0
            [symbol] => B2
        )

    [39] => Array
        (
            [round_res] => P
            [is_tie] => 0
            [symbol] => P1
        )

    [40] => Array
        (
            [round_res] => B
            [is_tie] => 0
            [symbol] => B1
        )

    [41] => Array
        (
            [round_res] => P
            [is_tie] => 0
            [symbol] => P1
        )

    [42] => Array
        (
            [round_res] => P
            [is_tie] => 0
            [symbol] => P1
        )

    [43] => Array
        (
            [round_res] => P
            [is_tie] => 0
            [symbol] => P1
        )

    [44] => Array
        (
            [round_res] => B
            [is_tie] => 0
            [symbol] => B1
        )

    [45] => Array
        (
            [round_res] => B
            [is_tie] => 0
            [symbol] => B1
        )

    [46] => Array
        (
            [round_res] => P
            [is_tie] => 0
            [symbol] => P1
        )

    [47] => Array
        (
            [round_res] => P
            [is_tie] => 0
            [symbol] => P1
        )

    [48] => Array
        (
            [round_res] => P
            [is_tie] => 0
            [symbol] => P2
        )

    [49] => Array
        (
            [round_res] => P
            [is_tie] => 0
            [symbol] => P2
        )

    [50] => Array
        (
            [round_res] => P
            [is_tie] => 0
            [symbol] => P1
        )

    [51] => Array
        (
            [round_res] => B
            [is_tie] => 0
            [symbol] => B1
        )

)
string(10) "VidId:M054"
[Scoreboard]:Array
(
    [0] => Array
        (
            [round_res] => P
            [is_tie] => 0
            [symbol] => P1
        )

    [1] => Array
        (
            [round_res] => P
            [is_tie] => 1
            [symbol] => T1
        )

    [2] => Array
        (
            [round_res] => B
            [is_tie] => 0
            [symbol] => B1
        )

    [3] => Array
        (
            [round_res] => B
            [is_tie] => 0
            [symbol] => B1
        )

    [4] => Array
        (
            [round_res] => P
            [is_tie] => 0
            [symbol] => P1
        )

    [5] => Array
        (
            [round_res] => P
            [is_tie] => 0
            [symbol] => P1
        )

    [6] => Array
        (
            [round_res] => B
            [is_tie] => 0
            [symbol] => B1
        )

    [7] => Array
        (
            [round_res] => P
            [is_tie] => 0
            [symbol] => P1
        )

    [8] => Array
        (
            [round_res] => B
            [is_tie] => 0
            [symbol] => B1
        )

    [9] => Array
        (
            [round_res] => B
            [is_tie] => 0
            [symbol] => B1
        )

    [10] => Array
        (
            [round_res] => P
            [is_tie] => 0
            [symbol] => P1
        )

    [11] => Array
        (
            [round_res] => B
            [is_tie] => 0
            [symbol] => B1
        )

    [12] => Array
        (
            [round_res] => B
            [is_tie] => 0
            [symbol] => B1
        )

    [13] => Array
        (
            [round_res] => B
            [is_tie] => 0
            [symbol] => B1
        )

    [14] => Array
        (
            [round_res] => B
            [is_tie] => 0
            [symbol] => B1
        )

    [15] => Array
        (
            [round_res] => P
            [is_tie] => 0
            [symbol] => P1
        )

    [16] => Array
        (
            [round_res] => P
            [is_tie] => 0
            [symbol] => P1
        )

    [17] => Array
        (
            [round_res] => P
            [is_tie] => 1
            [symbol] => T1
        )

    [18] => Array
        (
            [round_res] => P
            [is_tie] => 0
            [symbol] => P1
        )

    [19] => Array
        (
            [round_res] => P
            [is_tie] => 0
            [symbol] => P1
        )

    [20] => Array
        (
            [round_res] => P
            [is_tie] => 0
            [symbol] => P1
        )

    [21] => Array
        (
            [round_res] => P
            [is_tie] => 0
            [symbol] => P1
        )

    [22] => Array
        (
            [round_res] => B
            [is_tie] => 0
            [symbol] => B1
        )

    [23] => Array
        (
            [round_res] => P
            [is_tie] => 0
            [symbol] => P2
        )

    [24] => Array
        (
            [round_res] => P
            [is_tie] => 0
            [symbol] => P1
        )

    [25] => Array
        (
            [round_res] => P
            [is_tie] => 1
            [symbol] => T3
        )

    [26] => Array
        (
            [round_res] => P
            [is_tie] => 0
            [symbol] => P1
        )

    [27] => Array
        (
            [round_res] => P
            [is_tie] => 0
            [symbol] => P1
        )

    [28] => Array
        (
            [round_res] => P
            [is_tie] => 0
            [symbol] => P1
        )

    [29] => Array
        (
            [round_res] => P
            [is_tie] => 0
            [symbol] => P1
        )

    [30] => Array
        (
            [round_res] => P
            [is_tie] => 0
            [symbol] => P1
        )

    [31] => Array
        (
            [round_res] => P
            [is_tie] => 0
            [symbol] => P2
        )

    [32] => Array
        (
            [round_res] => B
            [is_tie] => 0
            [symbol] => B1
        )

    [33] => Array
        (
            [round_res] => B
            [is_tie] => 0
            [symbol] => B1
        )

    [34] => Array
        (
            [round_res] => P
            [is_tie] => 0
            [symbol] => P1
        )

    [35] => Array
        (
            [round_res] => P
            [is_tie] => 1
            [symbol] => T1
        )

    [36] => Array
        (
            [round_res] => P
            [is_tie] => 0
            [symbol] => P1
        )

    [37] => Array
        (
            [round_res] => B
            [is_tie] => 0
            [symbol] => B1
        )

    [38] => Array
        (
            [round_res] => P
            [is_tie] => 0
            [symbol] => P2
        )

    [39] => Array
        (
            [round_res] => P
            [is_tie] => 0
            [symbol] => P2
        )

    [40] => Array
        (
            [round_res] => B
            [is_tie] => 0
            [symbol] => B1
        )

    [41] => Array
        (
            [round_res] => B
            [is_tie] => 0
            [symbol] => B1
        )

    [42] => Array
        (
            [round_res] => B
            [is_tie] => 1
            [symbol] => T1
        )

    [43] => Array
        (
            [round_res] => P
            [is_tie] => 0
            [symbol] => P4
        )

    [44] => Array
        (
            [round_res] => B
            [is_tie] => 0
            [symbol] => B1
        )

    [45] => Array
        (
            [round_res] => B
            [is_tie] => 0
            [symbol] => B1
        )

    [46] => Array
        (
            [round_res] => B
            [is_tie] => 0
            [symbol] => B2
        )

    [47] => Array
        (
            [round_res] => B
            [is_tie] => 0
            [symbol] => B1
        )

)
string(10) "VidId:M053"
[Scoreboard]:Array
(
    [0] => Array
        (
            [round_res] => P
            [is_tie] => 0
            [symbol] => P4
        )

    [1] => Array
        (
            [round_res] => P
            [is_tie] => 0
            [symbol] => P1
        )

    [2] => Array
        (
            [round_res] => P
            [is_tie] => 0
            [symbol] => P1
        )

    [3] => Array
        (
            [round_res] => P
            [is_tie] => 0
            [symbol] => P1
        )

    [4] => Array
        (
            [round_res] => B
            [is_tie] => 0
            [symbol] => B1
        )

    [5] => Array
        (
            [round_res] => B
            [is_tie] => 0
            [symbol] => B1
        )

    [6] => Array
        (
            [round_res] => P
            [is_tie] => 0
            [symbol] => P1
        )

    [7] => Array
        (
            [round_res] => B
            [is_tie] => 0
            [symbol] => B1
        )

    [8] => Array
        (
            [round_res] => B
            [is_tie] => 0
            [symbol] => B1
        )

    [9] => Array
        (
            [round_res] => B
            [is_tie] => 0
            [symbol] => B1
        )

)
string(10) "VidId:M052"
[Scoreboard]:Array
(
    [0] => Array
        (
            [round_res] => P
            [is_tie] => 0
            [symbol] => P1
        )

    [1] => Array
        (
            [round_res] => B
            [is_tie] => 0
            [symbol] => B4
        )

    [2] => Array
        (
            [round_res] => P
            [is_tie] => 0
            [symbol] => P1
        )

    [3] => Array
        (
            [round_res] => P
            [is_tie] => 0
            [symbol] => P1
        )

    [4] => Array
        (
            [round_res] => B
            [is_tie] => 0
            [symbol] => B1
        )

    [5] => Array
        (
            [round_res] => P
            [is_tie] => 0
            [symbol] => P1
        )

    [6] => Array
        (
            [round_res] => P
            [is_tie] => 0
            [symbol] => P1
        )

    [7] => Array
        (
            [round_res] => P
            [is_tie] => 0
            [symbol] => P1
        )

    [8] => Array
        (
            [round_res] => P
            [is_tie] => 0
            [symbol] => P1
        )

    [9] => Array
        (
            [round_res] => P
            [is_tie] => 0
            [symbol] => P2
        )

    [10] => Array
        (
            [round_res] => P
            [is_tie] => 1
            [symbol] => T1
        )

    [11] => Array
        (
            [round_res] => B
            [is_tie] => 0
            [symbol] => B2
        )

    [12] => Array
        (
            [round_res] => B
            [is_tie] => 1
            [symbol] => T1
        )

    [13] => Array
        (
            [round_res] => P
            [is_tie] => 0
            [symbol] => P1
        )

    [14] => Array
        (
            [round_res] => P
            [is_tie] => 0
            [symbol] => P1
        )

    [15] => Array
        (
            [round_res] => B
            [is_tie] => 0
            [symbol] => B2
        )

    [16] => Array
        (
            [round_res] => B
            [is_tie] => 0
            [symbol] => B1
        )

    [17] => Array
        (
            [round_res] => B
            [is_tie] => 0
            [symbol] => B1
        )

    [18] => Array
        (
            [round_res] => B
            [is_tie] => 0
            [symbol] => B1
        )

    [19] => Array
        (
            [round_res] => P
            [is_tie] => 0
            [symbol] => P2
        )

    [20] => Array
        (
            [round_res] => P
            [is_tie] => 0
            [symbol] => P2
        )

    [21] => Array
        (
            [round_res] => P
            [is_tie] => 0
            [symbol] => P1
        )

    [22] => Array
        (
            [round_res] => P
            [is_tie] => 0
            [symbol] => P1
        )

    [23] => Array
        (
            [round_res] => P
            [is_tie] => 0
            [symbol] => P1
        )

    [24] => Array
        (
            [round_res] => P
            [is_tie] => 0
            [symbol] => P1
        )

    [25] => Array
        (
            [round_res] => B
            [is_tie] => 0
            [symbol] => B1
        )

    [26] => Array
        (
            [round_res] => B
            [is_tie] => 0
            [symbol] => B1
        )

    [27] => Array
        (
            [round_res] => B
            [is_tie] => 0
            [symbol] => B1
        )

    [28] => Array
        (
            [round_res] => B
            [is_tie] => 0
            [symbol] => B1
        )

)
string(10) "VidId:M056"
[Scoreboard]:Array
(
    [0] => Array
        (
            [round_res] => P
            [is_tie] => 0
            [symbol] => P2
        )

    [1] => Array
        (
            [round_res] => B
            [is_tie] => 0
            [symbol] => B1
        )

    [2] => Array
        (
            [round_res] => P
            [is_tie] => 0
            [symbol] => P1
        )

    [3] => Array
        (
            [round_res] => B
            [is_tie] => 0
            [symbol] => B1
        )

    [4] => Array
        (
            [round_res] => B
            [is_tie] => 0
            [symbol] => B1
        )

    [5] => Array
        (
            [round_res] => P
            [is_tie] => 0
            [symbol] => P1
        )

    [6] => Array
        (
            [round_res] => B
            [is_tie] => 0
            [symbol] => B1
        )

    [7] => Array
        (
            [round_res] => B
            [is_tie] => 1
            [symbol] => T1
        )

    [8] => Array
        (
            [round_res] => B
            [is_tie] => 0
            [symbol] => B1
        )

    [9] => Array
        (
            [round_res] => B
            [is_tie] => 1
            [symbol] => T1
        )

    [10] => Array
        (
            [round_res] => P
            [is_tie] => 0
            [symbol] => P1
        )

    [11] => Array
        (
            [round_res] => P
            [is_tie] => 0
            [symbol] => P1
        )

    [12] => Array
        (
            [round_res] => P
            [is_tie] => 1
            [symbol] => T1
        )

    [13] => Array
        (
            [round_res] => P
            [is_tie] => 1
            [symbol] => T1
        )

    [14] => Array
        (
            [round_res] => B
            [is_tie] => 0
            [symbol] => B1
        )

    [15] => Array
        (
            [round_res] => P
            [is_tie] => 0
            [symbol] => P2
        )

    [16] => Array
        (
            [round_res] => P
            [is_tie] => 0
            [symbol] => P1
        )

)
string(10) "VidId:N016"
[Scoreboard]:Array
(
    [0] => Array
        (
            [round_res] => P
            [is_tie] => 0
            [symbol] => P1
        )

    [1] => Array
        (
            [round_res] => P
            [is_tie] => 0
            [symbol] => P1
        )

    [2] => Array
        (
            [round_res] => P
            [is_tie] => 0
            [symbol] => P1
        )

    [3] => Array
        (
            [round_res] => P
            [is_tie] => 0
            [symbol] => P1
        )

    [4] => Array
        (
            [round_res] => P
            [is_tie] => 0
            [symbol] => P1
        )

    [5] => Array
        (
            [round_res] => B
            [is_tie] => 0
            [symbol] => B1
        )

    [6] => Array
        (
            [round_res] => P
            [is_tie] => 0
            [symbol] => P1
        )

    [7] => Array
        (
            [round_res] => P
            [is_tie] => 0
            [symbol] => P1
        )

    [8] => Array
        (
            [round_res] => B
            [is_tie] => 0
            [symbol] => B2
        )

    [9] => Array
        (
            [round_res] => B
            [is_tie] => 0
            [symbol] => B1
        )

    [10] => Array
        (
            [round_res] => B
            [is_tie] => 0
            [symbol] => B1
        )

    [11] => Array
        (
            [round_res] => B
            [is_tie] => 0
            [symbol] => B1
        )

    [12] => Array
        (
            [round_res] => B
            [is_tie] => 0
            [symbol] => B1
        )

    [13] => Array
        (
            [round_res] => P
            [is_tie] => 0
            [symbol] => P1
        )

    [14] => Array
        (
            [round_res] => B
            [is_tie] => 0
            [symbol] => B1
        )

    [15] => Array
        (
            [round_res] => P
            [is_tie] => 0
            [symbol] => P1
        )

    [16] => Array
        (
            [round_res] => P
            [is_tie] => 0
            [symbol] => P1
        )

    [17] => Array
        (
            [round_res] => P
            [is_tie] => 0
            [symbol] => P1
        )

    [18] => Array
        (
            [round_res] => B
            [is_tie] => 0
            [symbol] => B1
        )

    [19] => Array
        (
            [round_res] => P
            [is_tie] => 0
            [symbol] => P1
        )

    [20] => Array
        (
            [round_res] => P
            [is_tie] => 0
            [symbol] => P1
        )

    [21] => Array
        (
            [round_res] => P
            [is_tie] => 1
            [symbol] => T1
        )

    [22] => Array
        (
            [round_res] => B
            [is_tie] => 0
            [symbol] => B2
        )

    [23] => Array
        (
            [round_res] => P
            [is_tie] => 0
            [symbol] => P1
        )

    [24] => Array
        (
            [round_res] => P
            [is_tie] => 0
            [symbol] => P1
        )

    [25] => Array
        (
            [round_res] => P
            [is_tie] => 0
            [symbol] => P1
        )

    [26] => Array
        (
            [round_res] => P
            [is_tie] => 0
            [symbol] => P2
        )

    [27] => Array
        (
            [round_res] => B
            [is_tie] => 0
            [symbol] => B4
        )

    [28] => Array
        (
            [round_res] => B
            [is_tie] => 0
            [symbol] => B1
        )

    [29] => Array
        (
            [round_res] => B
            [is_tie] => 0
            [symbol] => B1
        )

    [30] => Array
        (
            [round_res] => B
            [is_tie] => 0
            [symbol] => B1
        )

    [31] => Array
        (
            [round_res] => B
            [is_tie] => 0
            [symbol] => B2
        )

    [32] => Array
        (
            [round_res] => B
            [is_tie] => 0
            [symbol] => B2
        )

    [33] => Array
        (
            [round_res] => P
            [is_tie] => 0
            [symbol] => P1
        )

    [34] => Array
        (
            [round_res] => B
            [is_tie] => 0
            [symbol] => B2
        )

    [35] => Array
        (
            [round_res] => B
            [is_tie] => 0
            [symbol] => B2
        )

    [36] => Array
        (
            [round_res] => B
            [is_tie] => 0
            [symbol] => B1
        )

    [37] => Array
        (
            [round_res] => B
            [is_tie] => 1
            [symbol] => T1
        )

    [38] => Array
        (
            [round_res] => B
            [is_tie] => 0
            [symbol] => B1
        )

    [39] => Array
        (
            [round_res] => P
            [is_tie] => 0
            [symbol] => P1
        )

    [40] => Array
        (
            [round_res] => B
            [is_tie] => 0
            [symbol] => B2
        )

    [41] => Array
        (
            [round_res] => P
            [is_tie] => 0
            [symbol] => P1
        )

    [42] => Array
        (
            [round_res] => P
            [is_tie] => 0
            [symbol] => P1
        )

    [43] => Array
        (
            [round_res] => B
            [is_tie] => 0
            [symbol] => B1
        )

    [44] => Array
        (
            [round_res] => P
            [is_tie] => 0
            [symbol] => P1
        )

    [45] => Array
        (
            [round_res] => P
            [is_tie] => 0
            [symbol] => P1
        )

    [46] => Array
        (
            [round_res] => P
            [is_tie] => 0
            [symbol] => P1
        )

    [47] => Array
        (
            [round_res] => P
            [is_tie] => 0
            [symbol] => P2
        )

    [48] => Array
        (
            [round_res] => B
            [is_tie] => 0
            [symbol] => B1
        )

    [49] => Array
        (
            [round_res] => P
            [is_tie] => 0
            [symbol] => P2
        )

    [50] => Array
        (
            [round_res] => P
            [is_tie] => 0
            [symbol] => P1
        )

    [51] => Array
        (
            [round_res] => B
            [is_tie] => 0
            [symbol] => B1
        )

    [52] => Array
        (
            [round_res] => B
            [is_tie] => 0
            [symbol] => B1
        )

    [53] => Array
        (
            [round_res] => B
            [is_tie] => 0
            [symbol] => B2
        )

    [54] => Array
        (
            [round_res] => P
            [is_tie] => 0
            [symbol] => P1
        )

    [55] => Array
        (
            [round_res] => P
            [is_tie] => 0
            [symbol] => P1
        )

    [56] => Array
        (
            [round_res] => P
            [is_tie] => 0
            [symbol] => P1
        )

    [57] => Array
        (
            [round_res] => B
            [is_tie] => 0
            [symbol] => B2
        )

    [58] => Array
        (
            [round_res] => B
            [is_tie] => 0
            [symbol] => B2
        )

    [59] => Array
        (
            [round_res] => P
            [is_tie] => 0
            [symbol] => P1
        )

    [60] => Array
        (
            [round_res] => P
            [is_tie] => 0
            [symbol] => P1
        )

    [61] => Array
        (
            [round_res] => P
            [is_tie] => 0
            [symbol] => P1
        )

    [62] => Array
        (
            [round_res] => P
            [is_tie] => 0
            [symbol] => P2
        )

    [63] => Array
        (
            [round_res] => B
            [is_tie] => 0
            [symbol] => B1
        )

    [64] => Array
        (
            [round_res] => B
            [is_tie] => 1
            [symbol] => T1
        )

    [65] => Array
        (
            [round_res] => B
            [is_tie] => 0
            [symbol] => B1
        )

    [66] => Array
        (
            [round_res] => B
            [is_tie] => 0
            [symbol] => B1
        )

    [67] => Array
        (
            [round_res] => P
            [is_tie] => 0
            [symbol] => P1
        )

    [68] => Array
        (
            [round_res] => P
            [is_tie] => 0
            [symbol] => P1
        )

    [69] => Array
        (
            [round_res] => B
            [is_tie] => 0
            [symbol] => B1
        )

    [70] => Array
        (
            [round_res] => B
            [is_tie] => 0
            [symbol] => B1
        )

    [71] => Array
        (
            [round_res] => B
            [is_tie] => 0
            [symbol] => B1
        )

    [72] => Array
        (
            [round_res] => P
            [is_tie] => 0
            [symbol] => P1
        )

    [73] => Array
        (
            [round_res] => B
            [is_tie] => 0
            [symbol] => B1
        )

    [74] => Array
        (
            [round_res] => B
            [is_tie] => 0
            [symbol] => B1
        )

    [75] => Array
        (
            [round_res] => B
            [is_tie] => 0
            [symbol] => B1
        )

)
string(10) "VidId:N010"
[Scoreboard]:Array
(
    [0] => Array
        (
            [round_res] => P
            [is_tie] => 0
            [symbol] => P1
        )

    [1] => Array
        (
            [round_res] => P
            [is_tie] => 0
            [symbol] => P1
        )

    [2] => Array
        (
            [round_res] => P
            [is_tie] => 0
            [symbol] => P1
        )

    [3] => Array
        (
            [round_res] => P
            [is_tie] => 0
            [symbol] => P1
        )

    [4] => Array
        (
            [round_res] => B
            [is_tie] => 0
            [symbol] => B2
        )

    [5] => Array
        (
            [round_res] => P
            [is_tie] => 0
            [symbol] => P1
        )

    [6] => Array
        (
            [round_res] => B
            [is_tie] => 0
            [symbol] => B1
        )

    [7] => Array
        (
            [round_res] => P
            [is_tie] => 0
            [symbol] => P1
        )

    [8] => Array
        (
            [round_res] => B
            [is_tie] => 0
            [symbol] => B1
        )

    [9] => Array
        (
            [round_res] => P
            [is_tie] => 0
            [symbol] => P1
        )

    [10] => Array
        (
            [round_res] => P
            [is_tie] => 0
            [symbol] => P1
        )

    [11] => Array
        (
            [round_res] => B
            [is_tie] => 0
            [symbol] => B1
        )

    [12] => Array
        (
            [round_res] => B
            [is_tie] => 1
            [symbol] => T1
        )

    [13] => Array
        (
            [round_res] => P
            [is_tie] => 0
            [symbol] => P1
        )

    [14] => Array
        (
            [round_res] => P
            [is_tie] => 1
            [symbol] => T1
        )

    [15] => Array
        (
            [round_res] => B
            [is_tie] => 0
            [symbol] => B1
        )

    [16] => Array
        (
            [round_res] => P
            [is_tie] => 0
            [symbol] => P1
        )

    [17] => Array
        (
            [round_res] => P
            [is_tie] => 0
            [symbol] => P1
        )

    [18] => Array
        (
            [round_res] => P
            [is_tie] => 0
            [symbol] => P1
        )

    [19] => Array
        (
            [round_res] => B
            [is_tie] => 0
            [symbol] => B1
        )

)
string(10) "VidId:N011"
[Scoreboard]:Array
(
    [0] => Array
        (
            [round_res] => P
            [is_tie] => 0
            [symbol] => P1
        )

    [1] => Array
        (
            [round_res] => P
            [is_tie] => 0
            [symbol] => P1
        )

    [2] => Array
        (
            [round_res] => B
            [is_tie] => 0
            [symbol] => B1
        )

    [3] => Array
        (
            [round_res] => B
            [is_tie] => 0
            [symbol] => B1
        )

    [4] => Array
        (
            [round_res] => B
            [is_tie] => 1
            [symbol] => T1
        )

    [5] => Array
        (
            [round_res] => P
            [is_tie] => 0
            [symbol] => P1
        )

    [6] => Array
        (
            [round_res] => P
            [is_tie] => 0
            [symbol] => P1
        )

    [7] => Array
        (
            [round_res] => B
            [is_tie] => 0
            [symbol] => B2
        )

    [8] => Array
        (
            [round_res] => B
            [is_tie] => 0
            [symbol] => B1
        )

    [9] => Array
        (
            [round_res] => B
            [is_tie] => 0
            [symbol] => B2
        )

    [10] => Array
        (
            [round_res] => P
            [is_tie] => 0
            [symbol] => P1
        )

    [11] => Array
        (
            [round_res] => B
            [is_tie] => 0
            [symbol] => B1
        )

    [12] => Array
        (
            [round_res] => B
            [is_tie] => 0
            [symbol] => B2
        )

    [13] => Array
        (
            [round_res] => B
            [is_tie] => 0
            [symbol] => B1
        )

    [14] => Array
        (
            [round_res] => B
            [is_tie] => 0
            [symbol] => B1
        )

    [15] => Array
        (
            [round_res] => P
            [is_tie] => 0
            [symbol] => P1
        )

    [16] => Array
        (
            [round_res] => P
            [is_tie] => 0
            [symbol] => P1
        )

    [17] => Array
        (
            [round_res] => B
            [is_tie] => 0
            [symbol] => B1
        )

    [18] => Array
        (
            [round_res] => B
            [is_tie] => 0
            [symbol] => B1
        )

    [19] => Array
        (
            [round_res] => P
            [is_tie] => 0
            [symbol] => P1
        )

    [20] => Array
        (
            [round_res] => B
            [is_tie] => 0
            [symbol] => B1
        )

    [21] => Array
        (
            [round_res] => P
            [is_tie] => 0
            [symbol] => P1
        )

)
string(10) "VidId:N012"
[Scoreboard]:Array
(
    [0] => Array
        (
            [round_res] => P
            [is_tie] => 0
            [symbol] => P4
        )

    [1] => Array
        (
            [round_res] => P
            [is_tie] => 0
            [symbol] => P1
        )

    [2] => Array
        (
            [round_res] => B
            [is_tie] => 0
            [symbol] => B1
        )

    [3] => Array
        (
            [round_res] => B
            [is_tie] => 0
            [symbol] => B1
        )

    [4] => Array
        (
            [round_res] => B
            [is_tie] => 0
            [symbol] => B1
        )

    [5] => Array
        (
            [round_res] => P
            [is_tie] => 0
            [symbol] => P1
        )

    [6] => Array
        (
            [round_res] => P
            [is_tie] => 0
            [symbol] => P1
        )

    [7] => Array
        (
            [round_res] => B
            [is_tie] => 0
            [symbol] => B1
        )

    [8] => Array
        (
            [round_res] => B
            [is_tie] => 0
            [symbol] => B2
        )

    [9] => Array
        (
            [round_res] => B
            [is_tie] => 0
            [symbol] => B1
        )

    [10] => Array
        (
            [round_res] => B
            [is_tie] => 1
            [symbol] => T3
        )

    [11] => Array
        (
            [round_res] => P
            [is_tie] => 0
            [symbol] => P1
        )

    [12] => Array
        (
            [round_res] => P
            [is_tie] => 0
            [symbol] => P1
        )

    [13] => Array
        (
            [round_res] => P
            [is_tie] => 0
            [symbol] => P1
        )

    [14] => Array
        (
            [round_res] => B
            [is_tie] => 0
            [symbol] => B1
        )

    [15] => Array
        (
            [round_res] => B
            [is_tie] => 0
            [symbol] => B1
        )

    [16] => Array
        (
            [round_res] => P
            [is_tie] => 0
            [symbol] => P1
        )

    [17] => Array
        (
            [round_res] => P
            [is_tie] => 0
            [symbol] => P1
        )

    [18] => Array
        (
            [round_res] => P
            [is_tie] => 0
            [symbol] => P1
        )

    [19] => Array
        (
            [round_res] => B
            [is_tie] => 0
            [symbol] => B2
        )

    [20] => Array
        (
            [round_res] => B
            [is_tie] => 0
            [symbol] => B1
        )

    [21] => Array
        (
            [round_res] => B
            [is_tie] => 0
            [symbol] => B1
        )

)
string(10) "VidId:N017"
[Scoreboard]:Array
(
    [0] => Array
        (
            [round_res] => P
            [is_tie] => 0
            [symbol] => P1
        )

    [1] => Array
        (
            [round_res] => P
            [is_tie] => 0
            [symbol] => P1
        )

    [2] => Array
        (
            [round_res] => B
            [is_tie] => 0
            [symbol] => B1
        )

    [3] => Array
        (
            [round_res] => B
            [is_tie] => 0
            [symbol] => B1
        )

    [4] => Array
        (
            [round_res] => B
            [is_tie] => 0
            [symbol] => B1
        )

    [5] => Array
        (
            [round_res] => P
            [is_tie] => 0
            [symbol] => P1
        )

    [6] => Array
        (
            [round_res] => P
            [is_tie] => 1
            [symbol] => T1
        )

)
string(10) "VidId:N018"
[Scoreboard]:Array
(
    [0] => Array
        (
            [round_res] => P
            [is_tie] => 0
            [symbol] => P1
        )

    [1] => Array
        (
            [round_res] => P
            [is_tie] => 0
            [symbol] => P2
        )

    [2] => Array
        (
            [round_res] => B
            [is_tie] => 0
            [symbol] => B1
        )

)
string(10) "VidId:N019"
[Scoreboard]:Array
(
    [0] => Array
        (
            [round_res] => B
            [is_tie] => 0
            [symbol] => B1
        )

    [1] => Array
        (
            [round_res] => B
            [is_tie] => 0
            [symbol] => B1
        )

    [2] => Array
        (
            [round_res] => B
            [is_tie] => 0
            [symbol] => B1
        )

    [3] => Array
        (
            [round_res] => P
            [is_tie] => 0
            [symbol] => P1
        )

    [4] => Array
        (
            [round_res] => B
            [is_tie] => 0
            [symbol] => B1
        )

    [5] => Array
        (
            [round_res] => B
            [is_tie] => 1
            [symbol] => T1
        )

)
string(10) "VidId:M051"
[Scoreboard]:Array
(
    [0] => Array
        (
            [round_res] => B
            [is_tie] => 0
            [symbol] => B1
        )

    [1] => Array
        (
            [round_res] => P
            [is_tie] => 0
            [symbol] => P1
        )

    [2] => Array
        (
            [round_res] => B
            [is_tie] => 0
            [symbol] => B1
        )

    [3] => Array
        (
            [round_res] => B
            [is_tie] => 0
            [symbol] => B1
        )

    [4] => Array
        (
            [round_res] => B
            [is_tie] => 1
            [symbol] => T1
        )

    [5] => Array
        (
            [round_res] => B
            [is_tie] => 0
            [symbol] => B1
        )

    [6] => Array
        (
            [round_res] => P
            [is_tie] => 0
            [symbol] => P1
        )

    [7] => Array
        (
            [round_res] => P
            [is_tie] => 0
            [symbol] => P1
        )

    [8] => Array
        (
            [round_res] => B
            [is_tie] => 0
            [symbol] => B1
        )

    [9] => Array
        (
            [round_res] => B
            [is_tie] => 1
            [symbol] => T1
        )

    [10] => Array
        (
            [round_res] => B
            [is_tie] => 1
            [symbol] => T1
        )

    [11] => Array
        (
            [round_res] => B
            [is_tie] => 1
            [symbol] => T1
        )

    [12] => Array
        (
            [round_res] => B
            [is_tie] => 0
            [symbol] => B1
        )

    [13] => Array
        (
            [round_res] => B
            [is_tie] => 1
            [symbol] => T1
        )

)
[2024-01-28 04:13:17] SERVER > Accepting new Client...
string(10) "VidId:N006"
[Scoreboard]:Array
(
    [0] => Array
        (
            [round_res] => B
            [is_tie] => 0
            [symbol] => B1
        )

    [1] => Array
        (
            [round_res] => B
            [is_tie] => 0
            [symbol] => B1
        )

    [2] => Array
        (
            [round_res] => P
            [is_tie] => 0
            [symbol] => P1
        )

    [3] => Array
        (
            [round_res] => P
            [is_tie] => 0
            [symbol] => P1
        )

    [4] => Array
        (
            [round_res] => B
            [is_tie] => 0
            [symbol] => B2
        )

    [5] => Array
        (
            [round_res] => P
            [is_tie] => 0
            [symbol] => P1
        )

    [6] => Array
        (
            [round_res] => B
            [is_tie] => 0
            [symbol] => B1
        )

)
string(10) "VidId:N007"
[Scoreboard]:Array
(
    [0] => Array
        (
            [round_res] => B
            [is_tie] => 0
            [symbol] => B1
        )

    [1] => Array
        (
            [round_res] => B
            [is_tie] => 0
            [symbol] => B1
        )

    [2] => Array
        (
            [round_res] => P
            [is_tie] => 0
            [symbol] => P1
        )

    [3] => Array
        (
            [round_res] => P
            [is_tie] => 1
            [symbol] => T1
        )

    [4] => Array
        (
            [round_res] => B
            [is_tie] => 0
            [symbol] => B2
        )

    [5] => Array
        (
            [round_res] => B
            [is_tie] => 0
            [symbol] => B1
        )

)
string(10) "VidId:N008"
[Scoreboard]:Array
(
    [0] => Array
        (
            [round_res] => P
            [is_tie] => 0
            [symbol] => P1
        )

    [1] => Array
        (
            [round_res] => B
            [is_tie] => 0
            [symbol] => B2
        )

    [2] => Array
        (
            [round_res] => B
            [is_tie] => 0
            [symbol] => B2
        )

    [3] => Array
        (
            [round_res] => P
            [is_tie] => 0
            [symbol] => P1
        )

    [4] => Array
        (
            [round_res] => B
            [is_tie] => 0
            [symbol] => B2
        )

    [5] => Array
        (
            [round_res] => P
            [is_tie] => 0
            [symbol] => P1
        )

)
string(10) "VidId:N009"
[Scoreboard]:Array
(
    [0] => Array
        (
            [round_res] => P
            [is_tie] => 0
            [symbol] => P1
        )

    [1] => Array
        (
            [round_res] => B
            [is_tie] => 0
            [symbol] => B1
        )

    [2] => Array
        (
            [round_res] => P
            [is_tie] => 0
            [symbol] => P1
        )

    [3] => Array
        (
            [round_res] => P
            [is_tie] => 0
            [symbol] => P1
        )

    [4] => Array
        (
            [round_res] => P
            [is_tie] => 0
            [symbol] => P2
        )

    [5] => Array
        (
            [round_res] => P
            [is_tie] => 0
            [symbol] => P1
        )

    [6] => Array
        (
            [round_res] => P
            [is_tie] => 0
            [symbol] => P1
        )

    [7] => Array
        (
            [round_res] => B
            [is_tie] => 0
            [symbol] => B2
        )

    [8] => Array
        (
            [round_res] => P
            [is_tie] => 0
            [symbol] => P1
        )

    [9] => Array
        (
            [round_res] => P
            [is_tie] => 0
            [symbol] => P2
        )

)
string(10) "VidId:T032"
[Scoreboard]:Array
(
    [0] => Array
        (
            [round_res] => B
            [is_tie] => 0
            [symbol] => B1
        )

    [1] => Array
        (
            [round_res] => B
            [is_tie] => 0
            [symbol] => B1
        )

    [2] => Array
        (
            [round_res] => B
            [is_tie] => 0
            [symbol] => B1
        )

    [3] => Array
        (
            [round_res] => B
            [is_tie] => 1
            [symbol] => T1
        )

    [4] => Array
        (
            [round_res] => B
            [is_tie] => 0
            [symbol] => B1
        )

    [5] => Array
        (
            [round_res] => B
            [is_tie] => 0
            [symbol] => B1
        )

    [6] => Array
        (
            [round_res] => P
            [is_tie] => 0
            [symbol] => P1
        )

    [7] => Array
        (
            [round_res] => P
            [is_tie] => 1
            [symbol] => T1
        )

    [8] => Array
        (
            [round_res] => B
            [is_tie] => 0
            [symbol] => B1
        )

    [9] => Array
        (
            [round_res] => P
            [is_tie] => 0
            [symbol] => P1
        )

    [10] => Array
        (
            [round_res] => B
            [is_tie] => 0
            [symbol] => B1
        )

    [11] => Array
        (
            [round_res] => B
            [is_tie] => 0
            [symbol] => B1
        )

    [12] => Array
        (
            [round_res] => B
            [is_tie] => 0
            [symbol] => B2
        )

    [13] => Array
        (
            [round_res] => B
            [is_tie] => 0
            [symbol] => B2
        )

    [14] => Array
        (
            [round_res] => P
            [is_tie] => 0
            [symbol] => P2
        )

    [15] => Array
        (
            [round_res] => B
            [is_tie] => 0
            [symbol] => B2
        )

    [16] => Array
        (
            [round_res] => B
            [is_tie] => 1
            [symbol] => T1
        )

    [17] => Array
        (
            [round_res] => B
            [is_tie] => 0
            [symbol] => B1
        )

    [18] => Array
        (
            [round_res] => P
            [is_tie] => 0
            [symbol] => P2
        )

    [19] => Array
        (
            [round_res] => B
            [is_tie] => 0
            [symbol] => B1
        )

)
string(10) "VidId:B004"
[Scoreboard]:Array
(
    [0] => Array
        (
            [round_res] => P
            [is_tie] => 0
            [symbol] => P1
        )

    [1] => Array
        (
            [round_res] => P
            [is_tie] => 0
            [symbol] => P1
        )

    [2] => Array
        (
            [round_res] => B
            [is_tie] => 0
            [symbol] => B1
        )

    [3] => Array
        (
            [round_res] => B
            [is_tie] => 1
            [symbol] => T1
        )

    [4] => Array
        (
            [round_res] => B
            [is_tie] => 0
            [symbol] => B1
        )

    [5] => Array
        (
            [round_res] => B
            [is_tie] => 0
            [symbol] => B1
        )

    [6] => Array
        (
            [round_res] => P
            [is_tie] => 0
            [symbol] => P1
        )

    [7] => Array
        (
            [round_res] => P
            [is_tie] => 0
            [symbol] => P1
        )

    [8] => Array
        (
            [round_res] => P
            [is_tie] => 0
            [symbol] => P1
        )

)
string(10) "VidId:B005"
string(10) "VidId:B002"
[Scoreboard]:Array
(
)
string(10) "VidId:B003"
[Scoreboard]:Array
(
    [0] => Array
        (
            [round_res] => P
            [is_tie] => 0
            [symbol] => P1
        )

    [1] => Array
        (
            [round_res] => B
            [is_tie] => 0
            [symbol] => B1
        )

    [2] => Array
        (
            [round_res] => B
            [is_tie] => 0
            [symbol] => B1
        )

    [3] => Array
        (
            [round_res] => P
            [is_tie] => 0
            [symbol] => P1
        )

    [4] => Array
        (
            [round_res] => B
            [is_tie] => 0
            [symbol] => B1
        )

    [5] => Array
        (
            [round_res] => B
            [is_tie] => 1
            [symbol] => T1
        )

)
string(10) "VidId:B001"
[Scoreboard]:Array
(
    [0] => Array
        (
            [round_res] => P
            [is_tie] => 0
            [symbol] => P1
        )

    [1] => Array
        (
            [round_res] => B
            [is_tie] => 0
            [symbol] => B1
        )

    [2] => Array
        (
            [round_res] => P
            [is_tie] => 0
            [symbol] => P1
        )

    [3] => Array
        (
            [round_res] => P
            [is_tie] => 0
            [symbol] => P1
        )

    [4] => Array
        (
            [round_res] => P
            [is_tie] => 0
            [symbol] => P1
        )

    [5] => Array
        (
            [round_res] => B
            [is_tie] => 0
            [symbol] => B1
        )

    [6] => Array
        (
            [round_res] => B
            [is_tie] => 0
            [symbol] => B1
        )

    [7] => Array
        (
            [round_res] => B
            [is_tie] => 0
            [symbol] => B1
        )

    [8] => Array
        (
            [round_res] => B
            [is_tie] => 0
            [symbol] => B1
        )

    [9] => Array
        (
            [round_res] => P
            [is_tie] => 0
            [symbol] => P1
        )

    [10] => Array
        (
            [round_res] => B
            [is_tie] => 0
            [symbol] => B1
        )

    [11] => Array
        (
            [round_res] => B
            [is_tie] => 0
            [symbol] => B1
        )

    [12] => Array
        (
            [round_res] => B
            [is_tie] => 1
            [symbol] => T3
        )

    [13] => Array
        (
            [round_res] => P
            [is_tie] => 0
            [symbol] => P2
        )

    [14] => Array
        (
            [round_res] => P
            [is_tie] => 0
            [symbol] => P1
        )

    [15] => Array
        (
            [round_res] => B
            [is_tie] => 0
            [symbol] => B1
        )

    [16] => Array
        (
            [round_res] => P
            [is_tie] => 0
            [symbol] => P1
        )

    [17] => Array
        (
            [round_res] => B
            [is_tie] => 0
            [symbol] => B1
        )

    [18] => Array
        (
            [round_res] => B
            [is_tie] => 0
            [symbol] => B1
        )

    [19] => Array
        (
            [round_res] => B
            [is_tie] => 0
            [symbol] => B1
        )

    [20] => Array
        (
            [round_res] => P
            [is_tie] => 0
            [symbol] => P1
        )

    [21] => Array
        (
            [round_res] => P
            [is_tie] => 0
            [symbol] => P1
        )

    [22] => Array
        (
            [round_res] => P
            [is_tie] => 0
            [symbol] => P1
        )

    [23] => Array
        (
            [round_res] => P
            [is_tie] => 0
            [symbol] => P1
        )

    [24] => Array
        (
            [round_res] => P
            [is_tie] => 0
            [symbol] => P1
        )

    [25] => Array
        (
            [round_res] => B
            [is_tie] => 0
            [symbol] => B2
        )

    [26] => Array
        (
            [round_res] => B
            [is_tie] => 0
            [symbol] => B2
        )

    [27] => Array
        (
            [round_res] => B
            [is_tie] => 1
            [symbol] => T3
        )

    [28] => Array
        (
            [round_res] => B
            [is_tie] => 1
            [symbol] => T1
        )

    [29] => Array
        (
            [round_res] => B
            [is_tie] => 0
            [symbol] => B1
        )

    [30] => Array
        (
            [round_res] => P
            [is_tie] => 0
            [symbol] => P1
        )

    [31] => Array
        (
            [round_res] => P
            [is_tie] => 0
            [symbol] => P1
        )

    [32] => Array
        (
            [round_res] => P
            [is_tie] => 1
            [symbol] => T3
        )

    [33] => Array
        (
            [round_res] => P
            [is_tie] => 0
            [symbol] => P1
        )

    [34] => Array
        (
            [round_res] => P
            [is_tie] => 0
            [symbol] => P1
        )

    [35] => Array
        (
            [round_res] => B
            [is_tie] => 0
            [symbol] => B2
        )

    [36] => Array
        (
            [round_res] => B
            [is_tie] => 1
            [symbol] => T1
        )

    [37] => Array
        (
            [round_res] => P
            [is_tie] => 0
            [symbol] => P1
        )

    [38] => Array
        (
            [round_res] => P
            [is_tie] => 0
            [symbol] => P1
        )

    [39] => Array
        (
            [round_res] => B
            [is_tie] => 0
            [symbol] => B1
        )

    [40] => Array
        (
            [round_res] => B
            [is_tie] => 0
            [symbol] => B1
        )

    [41] => Array
        (
            [round_res] => B
            [is_tie] => 0
            [symbol] => B1
        )

    [42] => Array
        (
            [round_res] => P
            [is_tie] => 0
            [symbol] => P4
        )

    [43] => Array
        (
            [round_res] => P
            [is_tie] => 0
            [symbol] => P1
        )

    [44] => Array
        (
            [round_res] => B
            [is_tie] => 0
            [symbol] => B1
        )

    [45] => Array
        (
            [round_res] => B
            [is_tie] => 0
            [symbol] => B1
        )

    [46] => Array
        (
            [round_res] => P
            [is_tie] => 0
            [symbol] => P1
        )

    [47] => Array
        (
            [round_res] => P
            [is_tie] => 0
            [symbol] => P1
        )

    [48] => Array
        (
            [round_res] => P
            [is_tie] => 1
            [symbol] => T1
        )

    [49] => Array
        (
            [round_res] => B
            [is_tie] => 0
            [symbol] => B2
        )

    [50] => Array
        (
            [round_res] => P
            [is_tie] => 0
            [symbol] => P1
        )

    [51] => Array
        (
            [round_res] => P
            [is_tie] => 0
            [symbol] => P1
        )

    [52] => Array
        (
            [round_res] => P
            [is_tie] => 0
            [symbol] => P2
        )

    [53] => Array
        (
            [round_res] => B
            [is_tie] => 0
            [symbol] => B1
        )

    [54] => Array
        (
            [round_res] => P
            [is_tie] => 0
            [symbol] => P1
        )

    [55] => Array
        (
            [round_res] => P
            [is_tie] => 0
            [symbol] => P2
        )

    [56] => Array
        (
            [round_res] => B
            [is_tie] => 0
            [symbol] => B1
        )

    [57] => Array
        (
            [round_res] => B
            [is_tie] => 1
            [symbol] => T1
        )

    [58] => Array
        (
            [round_res] => B
            [is_tie] => 1
            [symbol] => T1
        )

    [59] => Array
        (
            [round_res] => B
            [is_tie] => 0
            [symbol] => B2
        )

    [60] => Array
        (
            [round_res] => P
            [is_tie] => 0
            [symbol] => P1
        )

    [61] => Array
        (
            [round_res] => B
            [is_tie] => 0
            [symbol] => B1
        )

    [62] => Array
        (
            [round_res] => B
            [is_tie] => 0
            [symbol] => B1
        )

    [63] => Array
        (
            [round_res] => B
            [is_tie] => 0
            [symbol] => B2
        )

    [64] => Array
        (
            [round_res] => B
            [is_tie] => 0
            [symbol] => B1
        )

    [65] => Array
        (
            [round_res] => P
            [is_tie] => 0
            [symbol] => P1
        )

    [66] => Array
        (
            [round_res] => B
            [is_tie] => 0
            [symbol] => B1
        )

    [67] => Array
        (
            [round_res] => B
            [is_tie] => 1
            [symbol] => T1
        )

    [68] => Array
        (
            [round_res] => B
            [is_tie] => 0
            [symbol] => B1
        )

)
string(10) "VidId:M055"
[Scoreboard]:Array
(
    [0] => Array
        (
            [round_res] => P
            [is_tie] => 0
            [symbol] => P1
        )

    [1] => Array
        (
            [round_res] => P
            [is_tie] => 0
            [symbol] => P1
        )

    [2] => Array
        (
            [round_res] => B
            [is_tie] => 0
            [symbol] => B2
        )

    [3] => Array
        (
            [round_res] => P
            [is_tie] => 0
            [symbol] => P1
        )

    [4] => Array
        (
            [round_res] => P
            [is_tie] => 0
            [symbol] => P1
        )

    [5] => Array
        (
            [round_res] => B
            [is_tie] => 0
            [symbol] => B1
        )

    [6] => Array
        (
            [round_res] => B
            [is_tie] => 0
            [symbol] => B2
        )

    [7] => Array
        (
            [round_res] => B
            [is_tie] => 0
            [symbol] => B1
        )

    [8] => Array
        (
            [round_res] => B
            [is_tie] => 0
            [symbol] => B1
        )

    [9] => Array
        (
            [round_res] => B
            [is_tie] => 0
            [symbol] => B2
        )

    [10] => Array
        (
            [round_res] => B
            [is_tie] => 0
            [symbol] => B1
        )

    [11] => Array
        (
            [round_res] => B
            [is_tie] => 1
            [symbol] => T1
        )

    [12] => Array
        (
            [round_res] => B
            [is_tie] => 0
            [symbol] => B1
        )

    [13] => Array
        (
            [round_res] => B
            [is_tie] => 0
            [symbol] => B1
        )

    [14] => Array
        (
            [round_res] => B
            [is_tie] => 1
            [symbol] => T1
        )

    [15] => Array
        (
            [round_res] => B
            [is_tie] => 0
            [symbol] => B1
        )

    [16] => Array
        (
            [round_res] => B
            [is_tie] => 0
            [symbol] => B1
        )

    [17] => Array
        (
            [round_res] => P
            [is_tie] => 0
            [symbol] => P1
        )

    [18] => Array
        (
            [round_res] => P
            [is_tie] => 0
            [symbol] => P1
        )

    [19] => Array
        (
            [round_res] => B
            [is_tie] => 0
            [symbol] => B1
        )

    [20] => Array
        (
            [round_res] => P
            [is_tie] => 0
            [symbol] => P4
        )

    [21] => Array
        (
            [round_res] => B
            [is_tie] => 0
            [symbol] => B1
        )

    [22] => Array
        (
            [round_res] => B
            [is_tie] => 0
            [symbol] => B1
        )

    [23] => Array
        (
            [round_res] => B
            [is_tie] => 0
            [symbol] => B1
        )

    [24] => Array
        (
            [round_res] => B
            [is_tie] => 0
            [symbol] => B1
        )

    [25] => Array
        (
            [round_res] => B
            [is_tie] => 1
            [symbol] => T1
        )

    [26] => Array
        (
            [round_res] => P
            [is_tie] => 0
            [symbol] => P1
        )

    [27] => Array
        (
            [round_res] => B
            [is_tie] => 0
            [symbol] => B1
        )

    [28] => Array
        (
            [round_res] => B
            [is_tie] => 0
            [symbol] => B1
        )

    [29] => Array
        (
            [round_res] => P
            [is_tie] => 0
            [symbol] => P2
        )

    [30] => Array
        (
            [round_res] => P
            [is_tie] => 1
            [symbol] => T1
        )

    [31] => Array
        (
            [round_res] => B
            [is_tie] => 0
            [symbol] => B1
        )

    [32] => Array
        (
            [round_res] => P
            [is_tie] => 0
            [symbol] => P1
        )

    [33] => Array
        (
            [round_res] => P
            [is_tie] => 0
            [symbol] => P1
        )

    [34] => Array
        (
            [round_res] => B
            [is_tie] => 0
            [symbol] => B1
        )

    [35] => Array
        (
            [round_res] => P
            [is_tie] => 0
            [symbol] => P1
        )

    [36] => Array
        (
            [round_res] => P
            [is_tie] => 0
            [symbol] => P1
        )

    [37] => Array
        (
            [round_res] => P
            [is_tie] => 0
            [symbol] => P1
        )

    [38] => Array
        (
            [round_res] => B
            [is_tie] => 0
            [symbol] => B2
        )

    [39] => Array
        (
            [round_res] => P
            [is_tie] => 0
            [symbol] => P1
        )

    [40] => Array
        (
            [round_res] => B
            [is_tie] => 0
            [symbol] => B1
        )

    [41] => Array
        (
            [round_res] => P
            [is_tie] => 0
            [symbol] => P1
        )

    [42] => Array
        (
            [round_res] => P
            [is_tie] => 0
            [symbol] => P1
        )

    [43] => Array
        (
            [round_res] => P
            [is_tie] => 0
            [symbol] => P1
        )

    [44] => Array
        (
            [round_res] => B
            [is_tie] => 0
            [symbol] => B1
        )

    [45] => Array
        (
            [round_res] => B
            [is_tie] => 0
            [symbol] => B1
        )

    [46] => Array
        (
            [round_res] => P
            [is_tie] => 0
            [symbol] => P1
        )

    [47] => Array
        (
            [round_res] => P
            [is_tie] => 0
            [symbol] => P1
        )

    [48] => Array
        (
            [round_res] => P
            [is_tie] => 0
            [symbol] => P2
        )

    [49] => Array
        (
            [round_res] => P
            [is_tie] => 0
            [symbol] => P2
        )

    [50] => Array
        (
            [round_res] => P
            [is_tie] => 0
            [symbol] => P1
        )

    [51] => Array
        (
            [round_res] => B
            [is_tie] => 0
            [symbol] => B1
        )

)
string(10) "VidId:M054"
[Scoreboard]:Array
(
    [0] => Array
        (
            [round_res] => P
            [is_tie] => 0
            [symbol] => P1
        )

    [1] => Array
        (
            [round_res] => P
            [is_tie] => 1
            [symbol] => T1
        )

    [2] => Array
        (
            [round_res] => B
            [is_tie] => 0
            [symbol] => B1
        )

    [3] => Array
        (
            [round_res] => B
            [is_tie] => 0
            [symbol] => B1
        )

    [4] => Array
        (
            [round_res] => P
            [is_tie] => 0
            [symbol] => P1
        )

    [5] => Array
        (
            [round_res] => P
            [is_tie] => 0
            [symbol] => P1
        )

    [6] => Array
        (
            [round_res] => B
            [is_tie] => 0
            [symbol] => B1
        )

    [7] => Array
        (
            [round_res] => P
            [is_tie] => 0
            [symbol] => P1
        )

    [8] => Array
        (
            [round_res] => B
            [is_tie] => 0
            [symbol] => B1
        )

    [9] => Array
        (
            [round_res] => B
            [is_tie] => 0
            [symbol] => B1
        )

    [10] => Array
        (
            [round_res] => P
            [is_tie] => 0
            [symbol] => P1
        )

    [11] => Array
        (
            [round_res] => B
            [is_tie] => 0
            [symbol] => B1
        )

    [12] => Array
        (
            [round_res] => B
            [is_tie] => 0
            [symbol] => B1
        )

    [13] => Array
        (
            [round_res] => B
            [is_tie] => 0
            [symbol] => B1
        )

    [14] => Array
        (
            [round_res] => B
            [is_tie] => 0
            [symbol] => B1
        )

    [15] => Array
        (
            [round_res] => P
            [is_tie] => 0
            [symbol] => P1
        )

    [16] => Array
        (
            [round_res] => P
            [is_tie] => 0
            [symbol] => P1
        )

    [17] => Array
        (
            [round_res] => P
            [is_tie] => 1
            [symbol] => T1
        )

    [18] => Array
        (
            [round_res] => P
            [is_tie] => 0
            [symbol] => P1
        )

    [19] => Array
        (
            [round_res] => P
            [is_tie] => 0
            [symbol] => P1
        )

    [20] => Array
        (
            [round_res] => P
            [is_tie] => 0
            [symbol] => P1
        )

    [21] => Array
        (
            [round_res] => P
            [is_tie] => 0
            [symbol] => P1
        )

    [22] => Array
        (
            [round_res] => B
            [is_tie] => 0
            [symbol] => B1
        )

    [23] => Array
        (
            [round_res] => P
            [is_tie] => 0
            [symbol] => P2
        )

    [24] => Array
        (
            [round_res] => P
            [is_tie] => 0
            [symbol] => P1
        )

    [25] => Array
        (
            [round_res] => P
            [is_tie] => 1
            [symbol] => T3
        )

    [26] => Array
        (
            [round_res] => P
            [is_tie] => 0
            [symbol] => P1
        )

    [27] => Array
        (
            [round_res] => P
            [is_tie] => 0
            [symbol] => P1
        )

    [28] => Array
        (
            [round_res] => P
            [is_tie] => 0
            [symbol] => P1
        )

    [29] => Array
        (
            [round_res] => P
            [is_tie] => 0
            [symbol] => P1
        )

    [30] => Array
        (
            [round_res] => P
            [is_tie] => 0
            [symbol] => P1
        )

    [31] => Array
        (
            [round_res] => P
            [is_tie] => 0
            [symbol] => P2
        )

    [32] => Array
        (
            [round_res] => B
            [is_tie] => 0
            [symbol] => B1
        )

    [33] => Array
        (
            [round_res] => B
            [is_tie] => 0
            [symbol] => B1
        )

    [34] => Array
        (
            [round_res] => P
            [is_tie] => 0
            [symbol] => P1
        )

    [35] => Array
        (
            [round_res] => P
            [is_tie] => 1
            [symbol] => T1
        )

    [36] => Array
        (
            [round_res] => P
            [is_tie] => 0
            [symbol] => P1
        )

    [37] => Array
        (
            [round_res] => B
            [is_tie] => 0
            [symbol] => B1
        )

    [38] => Array
        (
            [round_res] => P
            [is_tie] => 0
            [symbol] => P2
        )

    [39] => Array
        (
            [round_res] => P
            [is_tie] => 0
            [symbol] => P2
        )

    [40] => Array
        (
            [round_res] => B
            [is_tie] => 0
            [symbol] => B1
        )

    [41] => Array
        (
            [round_res] => B
            [is_tie] => 0
            [symbol] => B1
        )

    [42] => Array
        (
            [round_res] => B
            [is_tie] => 1
            [symbol] => T1
        )

    [43] => Array
        (
            [round_res] => P
            [is_tie] => 0
            [symbol] => P4
        )

    [44] => Array
        (
            [round_res] => B
            [is_tie] => 0
            [symbol] => B1
        )

    [45] => Array
        (
            [round_res] => B
            [is_tie] => 0
            [symbol] => B1
        )

    [46] => Array
        (
            [round_res] => B
            [is_tie] => 0
            [symbol] => B2
        )

    [47] => Array
        (
            [round_res] => B
            [is_tie] => 0
            [symbol] => B1
        )

)
string(10) "VidId:M053"
[Scoreboard]:Array
(
    [0] => Array
        (
            [round_res] => P
            [is_tie] => 0
            [symbol] => P4
        )

    [1] => Array
        (
            [round_res] => P
            [is_tie] => 0
            [symbol] => P1
        )

    [2] => Array
        (
            [round_res] => P
            [is_tie] => 0
            [symbol] => P1
        )

    [3] => Array
        (
            [round_res] => P
            [is_tie] => 0
            [symbol] => P1
        )

    [4] => Array
        (
            [round_res] => B
            [is_tie] => 0
            [symbol] => B1
        )

    [5] => Array
        (
            [round_res] => B
            [is_tie] => 0
            [symbol] => B1
        )

    [6] => Array
        (
            [round_res] => P
            [is_tie] => 0
            [symbol] => P1
        )

    [7] => Array
        (
            [round_res] => B
            [is_tie] => 0
            [symbol] => B1
        )

    [8] => Array
        (
            [round_res] => B
            [is_tie] => 0
            [symbol] => B1
        )

    [9] => Array
        (
            [round_res] => B
            [is_tie] => 0
            [symbol] => B1
        )

)
string(10) "VidId:M052"
[Scoreboard]:Array
(
    [0] => Array
        (
            [round_res] => P
            [is_tie] => 0
            [symbol] => P1
        )

    [1] => Array
        (
            [round_res] => B
            [is_tie] => 0
            [symbol] => B4
        )

    [2] => Array
        (
            [round_res] => P
            [is_tie] => 0
            [symbol] => P1
        )

    [3] => Array
        (
            [round_res] => P
            [is_tie] => 0
            [symbol] => P1
        )

    [4] => Array
        (
            [round_res] => B
            [is_tie] => 0
            [symbol] => B1
        )

    [5] => Array
        (
            [round_res] => P
            [is_tie] => 0
            [symbol] => P1
        )

    [6] => Array
        (
            [round_res] => P
            [is_tie] => 0
            [symbol] => P1
        )

    [7] => Array
        (
            [round_res] => P
            [is_tie] => 0
            [symbol] => P1
        )

    [8] => Array
        (
            [round_res] => P
            [is_tie] => 0
            [symbol] => P1
        )

    [9] => Array
        (
            [round_res] => P
            [is_tie] => 0
            [symbol] => P2
        )

    [10] => Array
        (
            [round_res] => P
            [is_tie] => 1
            [symbol] => T1
        )

    [11] => Array
        (
            [round_res] => B
            [is_tie] => 0
            [symbol] => B2
        )

    [12] => Array
        (
            [round_res] => B
            [is_tie] => 1
            [symbol] => T1
        )

    [13] => Array
        (
            [round_res] => P
            [is_tie] => 0
            [symbol] => P1
        )

    [14] => Array
        (
            [round_res] => P
            [is_tie] => 0
            [symbol] => P1
        )

    [15] => Array
        (
            [round_res] => B
            [is_tie] => 0
            [symbol] => B2
        )

    [16] => Array
        (
            [round_res] => B
            [is_tie] => 0
            [symbol] => B1
        )

    [17] => Array
        (
            [round_res] => B
            [is_tie] => 0
            [symbol] => B1
        )

    [18] => Array
        (
            [round_res] => B
            [is_tie] => 0
            [symbol] => B1
        )

    [19] => Array
        (
            [round_res] => P
            [is_tie] => 0
            [symbol] => P2
        )

    [20] => Array
        (
            [round_res] => P
            [is_tie] => 0
            [symbol] => P2
        )

    [21] => Array
        (
            [round_res] => P
            [is_tie] => 0
            [symbol] => P1
        )

    [22] => Array
        (
            [round_res] => P
            [is_tie] => 0
            [symbol] => P1
        )

    [23] => Array
        (
            [round_res] => P
            [is_tie] => 0
            [symbol] => P1
        )

    [24] => Array
        (
            [round_res] => P
            [is_tie] => 0
            [symbol] => P1
        )

    [25] => Array
        (
            [round_res] => B
            [is_tie] => 0
            [symbol] => B1
        )

    [26] => Array
        (
            [round_res] => B
            [is_tie] => 0
            [symbol] => B1
        )

    [27] => Array
        (
            [round_res] => B
            [is_tie] => 0
            [symbol] => B1
        )

    [28] => Array
        (
            [round_res] => B
            [is_tie] => 0
            [symbol] => B1
        )

)
string(10) "VidId:M056"
[Scoreboard]:Array
(
    [0] => Array
        (
            [round_res] => P
            [is_tie] => 0
            [symbol] => P2
        )

    [1] => Array
        (
            [round_res] => B
            [is_tie] => 0
            [symbol] => B1
        )

    [2] => Array
        (
            [round_res] => P
            [is_tie] => 0
            [symbol] => P1
        )

    [3] => Array
        (
            [round_res] => B
            [is_tie] => 0
            [symbol] => B1
        )

    [4] => Array
        (
            [round_res] => B
            [is_tie] => 0
            [symbol] => B1
        )

    [5] => Array
        (
            [round_res] => P
            [is_tie] => 0
            [symbol] => P1
        )

    [6] => Array
        (
            [round_res] => B
            [is_tie] => 0
            [symbol] => B1
        )

    [7] => Array
        (
            [round_res] => B
            [is_tie] => 1
            [symbol] => T1
        )

    [8] => Array
        (
            [round_res] => B
            [is_tie] => 0
            [symbol] => B1
        )

    [9] => Array
        (
            [round_res] => B
            [is_tie] => 1
            [symbol] => T1
        )

    [10] => Array
        (
            [round_res] => P
            [is_tie] => 0
            [symbol] => P1
        )

    [11] => Array
        (
            [round_res] => P
            [is_tie] => 0
            [symbol] => P1
        )

    [12] => Array
        (
            [round_res] => P
            [is_tie] => 1
            [symbol] => T1
        )

    [13] => Array
        (
            [round_res] => P
            [is_tie] => 1
            [symbol] => T1
        )

    [14] => Array
        (
            [round_res] => B
            [is_tie] => 0
            [symbol] => B1
        )

    [15] => Array
        (
            [round_res] => P
            [is_tie] => 0
            [symbol] => P2
        )

    [16] => Array
        (
            [round_res] => P
            [is_tie] => 0
            [symbol] => P1
        )

)
string(10) "VidId:N016"
[Scoreboard]:Array
(
    [0] => Array
        (
            [round_res] => P
            [is_tie] => 0
            [symbol] => P1
        )

    [1] => Array
        (
            [round_res] => P
            [is_tie] => 0
            [symbol] => P1
        )

    [2] => Array
        (
            [round_res] => P
            [is_tie] => 0
            [symbol] => P1
        )

    [3] => Array
        (
            [round_res] => P
            [is_tie] => 0
            [symbol] => P1
        )

    [4] => Array
        (
            [round_res] => P
            [is_tie] => 0
            [symbol] => P1
        )

    [5] => Array
        (
            [round_res] => B
            [is_tie] => 0
            [symbol] => B1
        )

    [6] => Array
        (
            [round_res] => P
            [is_tie] => 0
            [symbol] => P1
        )

    [7] => Array
        (
            [round_res] => P
            [is_tie] => 0
            [symbol] => P1
        )

    [8] => Array
        (
            [round_res] => B
            [is_tie] => 0
            [symbol] => B2
        )

    [9] => Array
        (
            [round_res] => B
            [is_tie] => 0
            [symbol] => B1
        )

    [10] => Array
        (
            [round_res] => B
            [is_tie] => 0
            [symbol] => B1
        )

    [11] => Array
        (
            [round_res] => B
            [is_tie] => 0
            [symbol] => B1
        )

    [12] => Array
        (
            [round_res] => B
            [is_tie] => 0
            [symbol] => B1
        )

    [13] => Array
        (
            [round_res] => P
            [is_tie] => 0
            [symbol] => P1
        )

    [14] => Array
        (
            [round_res] => B
            [is_tie] => 0
            [symbol] => B1
        )

    [15] => Array
        (
            [round_res] => P
            [is_tie] => 0
            [symbol] => P1
        )

    [16] => Array
        (
            [round_res] => P
            [is_tie] => 0
            [symbol] => P1
        )

    [17] => Array
        (
            [round_res] => P
            [is_tie] => 0
            [symbol] => P1
        )

    [18] => Array
        (
            [round_res] => B
            [is_tie] => 0
            [symbol] => B1
        )

    [19] => Array
        (
            [round_res] => P
            [is_tie] => 0
            [symbol] => P1
        )

    [20] => Array
        (
            [round_res] => P
            [is_tie] => 0
            [symbol] => P1
        )

    [21] => Array
        (
            [round_res] => P
            [is_tie] => 1
            [symbol] => T1
        )

    [22] => Array
        (
            [round_res] => B
            [is_tie] => 0
            [symbol] => B2
        )

    [23] => Array
        (
            [round_res] => P
            [is_tie] => 0
            [symbol] => P1
        )

    [24] => Array
        (
            [round_res] => P
            [is_tie] => 0
            [symbol] => P1
        )

    [25] => Array
        (
            [round_res] => P
            [is_tie] => 0
            [symbol] => P1
        )

    [26] => Array
        (
            [round_res] => P
            [is_tie] => 0
            [symbol] => P2
        )

    [27] => Array
        (
            [round_res] => B
            [is_tie] => 0
            [symbol] => B4
        )

    [28] => Array
        (
            [round_res] => B
            [is_tie] => 0
            [symbol] => B1
        )

    [29] => Array
        (
            [round_res] => B
            [is_tie] => 0
            [symbol] => B1
        )

    [30] => Array
        (
            [round_res] => B
            [is_tie] => 0
            [symbol] => B1
        )

    [31] => Array
        (
            [round_res] => B
            [is_tie] => 0
            [symbol] => B2
        )

    [32] => Array
        (
            [round_res] => B
            [is_tie] => 0
            [symbol] => B2
        )

    [33] => Array
        (
            [round_res] => P
            [is_tie] => 0
            [symbol] => P1
        )

    [34] => Array
        (
            [round_res] => B
            [is_tie] => 0
            [symbol] => B2
        )

    [35] => Array
        (
            [round_res] => B
            [is_tie] => 0
            [symbol] => B2
        )

    [36] => Array
        (
            [round_res] => B
            [is_tie] => 0
            [symbol] => B1
        )

    [37] => Array
        (
            [round_res] => B
            [is_tie] => 1
            [symbol] => T1
        )

    [38] => Array
        (
            [round_res] => B
            [is_tie] => 0
            [symbol] => B1
        )

    [39] => Array
        (
            [round_res] => P
            [is_tie] => 0
            [symbol] => P1
        )

    [40] => Array
        (
            [round_res] => B
            [is_tie] => 0
            [symbol] => B2
        )

    [41] => Array
        (
            [round_res] => P
            [is_tie] => 0
            [symbol] => P1
        )

    [42] => Array
        (
            [round_res] => P
            [is_tie] => 0
            [symbol] => P1
        )

    [43] => Array
        (
            [round_res] => B
            [is_tie] => 0
            [symbol] => B1
        )

    [44] => Array
        (
            [round_res] => P
            [is_tie] => 0
            [symbol] => P1
        )

    [45] => Array
        (
            [round_res] => P
            [is_tie] => 0
            [symbol] => P1
        )

    [46] => Array
        (
            [round_res] => P
            [is_tie] => 0
            [symbol] => P1
        )

    [47] => Array
        (
            [round_res] => P
            [is_tie] => 0
            [symbol] => P2
        )

    [48] => Array
        (
            [round_res] => B
            [is_tie] => 0
            [symbol] => B1
        )

    [49] => Array
        (
            [round_res] => P
            [is_tie] => 0
            [symbol] => P2
        )

    [50] => Array
        (
            [round_res] => P
            [is_tie] => 0
            [symbol] => P1
        )

    [51] => Array
        (
            [round_res] => B
            [is_tie] => 0
            [symbol] => B1
        )

    [52] => Array
        (
            [round_res] => B
            [is_tie] => 0
            [symbol] => B1
        )

    [53] => Array
        (
            [round_res] => B
            [is_tie] => 0
            [symbol] => B2
        )

    [54] => Array
        (
            [round_res] => P
            [is_tie] => 0
            [symbol] => P1
        )

    [55] => Array
        (
            [round_res] => P
            [is_tie] => 0
            [symbol] => P1
        )

    [56] => Array
        (
            [round_res] => P
            [is_tie] => 0
            [symbol] => P1
        )

    [57] => Array
        (
            [round_res] => B
            [is_tie] => 0
            [symbol] => B2
        )

    [58] => Array
        (
            [round_res] => B
            [is_tie] => 0
            [symbol] => B2
        )

    [59] => Array
        (
            [round_res] => P
            [is_tie] => 0
            [symbol] => P1
        )

    [60] => Array
        (
            [round_res] => P
            [is_tie] => 0
            [symbol] => P1
        )

    [61] => Array
        (
            [round_res] => P
            [is_tie] => 0
            [symbol] => P1
        )

    [62] => Array
        (
            [round_res] => P
            [is_tie] => 0
            [symbol] => P2
        )

    [63] => Array
        (
            [round_res] => B
            [is_tie] => 0
            [symbol] => B1
        )

    [64] => Array
        (
            [round_res] => B
            [is_tie] => 1
            [symbol] => T1
        )

    [65] => Array
        (
            [round_res] => B
            [is_tie] => 0
            [symbol] => B1
        )

    [66] => Array
        (
            [round_res] => B
            [is_tie] => 0
            [symbol] => B1
        )

    [67] => Array
        (
            [round_res] => P
            [is_tie] => 0
            [symbol] => P1
        )

    [68] => Array
        (
            [round_res] => P
            [is_tie] => 0
            [symbol] => P1
        )

    [69] => Array
        (
            [round_res] => B
            [is_tie] => 0
            [symbol] => B1
        )

    [70] => Array
        (
            [round_res] => B
            [is_tie] => 0
            [symbol] => B1
        )

    [71] => Array
        (
            [round_res] => B
            [is_tie] => 0
            [symbol] => B1
        )

    [72] => Array
        (
            [round_res] => P
            [is_tie] => 0
            [symbol] => P1
        )

    [73] => Array
        (
            [round_res] => B
            [is_tie] => 0
            [symbol] => B1
        )

    [74] => Array
        (
            [round_res] => B
            [is_tie] => 0
            [symbol] => B1
        )

    [75] => Array
        (
            [round_res] => B
            [is_tie] => 0
            [symbol] => B1
        )

)
string(10) "VidId:N010"
[Scoreboard]:Array
(
    [0] => Array
        (
            [round_res] => P
            [is_tie] => 0
            [symbol] => P1
        )

    [1] => Array
        (
            [round_res] => P
            [is_tie] => 0
            [symbol] => P1
        )

    [2] => Array
        (
            [round_res] => P
            [is_tie] => 0
            [symbol] => P1
        )

    [3] => Array
        (
            [round_res] => P
            [is_tie] => 0
            [symbol] => P1
        )

    [4] => Array
        (
            [round_res] => B
            [is_tie] => 0
            [symbol] => B2
        )

    [5] => Array
        (
            [round_res] => P
            [is_tie] => 0
            [symbol] => P1
        )

    [6] => Array
        (
            [round_res] => B
            [is_tie] => 0
            [symbol] => B1
        )

    [7] => Array
        (
            [round_res] => P
            [is_tie] => 0
            [symbol] => P1
        )

    [8] => Array
        (
            [round_res] => B
            [is_tie] => 0
            [symbol] => B1
        )

    [9] => Array
        (
            [round_res] => P
            [is_tie] => 0
            [symbol] => P1
        )

    [10] => Array
        (
            [round_res] => P
            [is_tie] => 0
            [symbol] => P1
        )

    [11] => Array
        (
            [round_res] => B
            [is_tie] => 0
            [symbol] => B1
        )

    [12] => Array
        (
            [round_res] => B
            [is_tie] => 1
            [symbol] => T1
        )

    [13] => Array
        (
            [round_res] => P
            [is_tie] => 0
            [symbol] => P1
        )

    [14] => Array
        (
            [round_res] => P
            [is_tie] => 1
            [symbol] => T1
        )

    [15] => Array
        (
            [round_res] => B
            [is_tie] => 0
            [symbol] => B1
        )

    [16] => Array
        (
            [round_res] => P
            [is_tie] => 0
            [symbol] => P1
        )

    [17] => Array
        (
            [round_res] => P
            [is_tie] => 0
            [symbol] => P1
        )

    [18] => Array
        (
            [round_res] => P
            [is_tie] => 0
            [symbol] => P1
        )

    [19] => Array
        (
            [round_res] => B
            [is_tie] => 0
            [symbol] => B1
        )

)
string(10) "VidId:N011"
[Scoreboard]:Array
(
    [0] => Array
        (
            [round_res] => P
            [is_tie] => 0
            [symbol] => P1
        )

    [1] => Array
        (
            [round_res] => P
            [is_tie] => 0
            [symbol] => P1
        )

    [2] => Array
        (
            [round_res] => B
            [is_tie] => 0
            [symbol] => B1
        )

    [3] => Array
        (
            [round_res] => B
            [is_tie] => 0
            [symbol] => B1
        )

    [4] => Array
        (
            [round_res] => B
            [is_tie] => 1
            [symbol] => T1
        )

    [5] => Array
        (
            [round_res] => P
            [is_tie] => 0
            [symbol] => P1
        )

    [6] => Array
        (
            [round_res] => P
            [is_tie] => 0
            [symbol] => P1
        )

    [7] => Array
        (
            [round_res] => B
            [is_tie] => 0
            [symbol] => B2
        )

    [8] => Array
        (
            [round_res] => B
            [is_tie] => 0
            [symbol] => B1
        )

    [9] => Array
        (
            [round_res] => B
            [is_tie] => 0
            [symbol] => B2
        )

    [10] => Array
        (
            [round_res] => P
            [is_tie] => 0
            [symbol] => P1
        )

    [11] => Array
        (
            [round_res] => B
            [is_tie] => 0
            [symbol] => B1
        )

    [12] => Array
        (
            [round_res] => B
            [is_tie] => 0
            [symbol] => B2
        )

    [13] => Array
        (
            [round_res] => B
            [is_tie] => 0
            [symbol] => B1
        )

    [14] => Array
        (
            [round_res] => B
            [is_tie] => 0
            [symbol] => B1
        )

    [15] => Array
        (
            [round_res] => P
            [is_tie] => 0
            [symbol] => P1
        )

    [16] => Array
        (
            [round_res] => P
            [is_tie] => 0
            [symbol] => P1
        )

    [17] => Array
        (
            [round_res] => B
            [is_tie] => 0
            [symbol] => B1
        )

    [18] => Array
        (
            [round_res] => B
            [is_tie] => 0
            [symbol] => B1
        )

    [19] => Array
        (
            [round_res] => P
            [is_tie] => 0
            [symbol] => P1
        )

    [20] => Array
        (
            [round_res] => B
            [is_tie] => 0
            [symbol] => B1
        )

    [21] => Array
        (
            [round_res] => P
            [is_tie] => 0
            [symbol] => P1
        )

)
string(10) "VidId:N012"
[Scoreboard]:Array
(
    [0] => Array
        (
            [round_res] => P
            [is_tie] => 0
            [symbol] => P4
        )

    [1] => Array
        (
            [round_res] => P
            [is_tie] => 0
            [symbol] => P1
        )

    [2] => Array
        (
            [round_res] => B
            [is_tie] => 0
            [symbol] => B1
        )

    [3] => Array
        (
            [round_res] => B
            [is_tie] => 0
            [symbol] => B1
        )

    [4] => Array
        (
            [round_res] => B
            [is_tie] => 0
            [symbol] => B1
        )

    [5] => Array
        (
            [round_res] => P
            [is_tie] => 0
            [symbol] => P1
        )

    [6] => Array
        (
            [round_res] => P
            [is_tie] => 0
            [symbol] => P1
        )

    [7] => Array
        (
            [round_res] => B
            [is_tie] => 0
            [symbol] => B1
        )

    [8] => Array
        (
            [round_res] => B
            [is_tie] => 0
            [symbol] => B2
        )

    [9] => Array
        (
            [round_res] => B
            [is_tie] => 0
            [symbol] => B1
        )

    [10] => Array
        (
            [round_res] => B
            [is_tie] => 1
            [symbol] => T3
        )

    [11] => Array
        (
            [round_res] => P
            [is_tie] => 0
            [symbol] => P1
        )

    [12] => Array
        (
            [round_res] => P
            [is_tie] => 0
            [symbol] => P1
        )

    [13] => Array
        (
            [round_res] => P
            [is_tie] => 0
            [symbol] => P1
        )

    [14] => Array
        (
            [round_res] => B
            [is_tie] => 0
            [symbol] => B1
        )

    [15] => Array
        (
            [round_res] => B
            [is_tie] => 0
            [symbol] => B1
        )

    [16] => Array
        (
            [round_res] => P
            [is_tie] => 0
            [symbol] => P1
        )

    [17] => Array
        (
            [round_res] => P
            [is_tie] => 0
            [symbol] => P1
        )

    [18] => Array
        (
            [round_res] => P
            [is_tie] => 0
            [symbol] => P1
        )

    [19] => Array
        (
            [round_res] => B
            [is_tie] => 0
            [symbol] => B2
        )

    [20] => Array
        (
            [round_res] => B
            [is_tie] => 0
            [symbol] => B1
        )

    [21] => Array
        (
            [round_res] => B
            [is_tie] => 0
            [symbol] => B1
        )

)
string(10) "VidId:N017"
[Scoreboard]:Array
(
    [0] => Array
        (
            [round_res] => P
            [is_tie] => 0
            [symbol] => P1
        )

    [1] => Array
        (
            [round_res] => P
            [is_tie] => 0
            [symbol] => P1
        )

    [2] => Array
        (
            [round_res] => B
            [is_tie] => 0
            [symbol] => B1
        )

    [3] => Array
        (
            [round_res] => B
            [is_tie] => 0
            [symbol] => B1
        )

    [4] => Array
        (
            [round_res] => B
            [is_tie] => 0
            [symbol] => B1
        )

    [5] => Array
        (
            [round_res] => P
            [is_tie] => 0
            [symbol] => P1
        )

    [6] => Array
        (
            [round_res] => P
            [is_tie] => 1
            [symbol] => T1
        )

)
string(10) "VidId:N018"
[Scoreboard]:Array
(
    [0] => Array
        (
            [round_res] => P
            [is_tie] => 0
            [symbol] => P1
        )

    [1] => Array
        (
            [round_res] => P
            [is_tie] => 0
            [symbol] => P2
        )

    [2] => Array
        (
            [round_res] => B
            [is_tie] => 0
            [symbol] => B1
        )

)
string(10) "VidId:N019"
[Scoreboard]:Array
(
    [0] => Array
        (
            [round_res] => B
            [is_tie] => 0
            [symbol] => B1
        )

    [1] => Array
        (
            [round_res] => B
            [is_tie] => 0
            [symbol] => B1
        )

    [2] => Array
        (
            [round_res] => B
            [is_tie] => 0
            [symbol] => B1
        )

    [3] => Array
        (
            [round_res] => P
            [is_tie] => 0
            [symbol] => P1
        )

    [4] => Array
        (
            [round_res] => B
            [is_tie] => 0
            [symbol] => B1
        )

    [5] => Array
        (
            [round_res] => B
            [is_tie] => 1
            [symbol] => T1
        )

)
string(10) "VidId:M051"
[Scoreboard]:Array
(
    [0] => Array
        (
            [round_res] => B
            [is_tie] => 0
            [symbol] => B1
        )

    [1] => Array
        (
            [round_res] => P
            [is_tie] => 0
            [symbol] => P1
        )

    [2] => Array
        (
            [round_res] => B
            [is_tie] => 0
            [symbol] => B1
        )

    [3] => Array
        (
            [round_res] => B
            [is_tie] => 0
            [symbol] => B1
        )

    [4] => Array
        (
            [round_res] => B
            [is_tie] => 1
            [symbol] => T1
        )

    [5] => Array
        (
            [round_res] => B
            [is_tie] => 0
            [symbol] => B1
        )

    [6] => Array
        (
            [round_res] => P
            [is_tie] => 0
            [symbol] => P1
        )

    [7] => Array
        (
            [round_res] => P
            [is_tie] => 0
            [symbol] => P1
        )

    [8] => Array
        (
            [round_res] => B
            [is_tie] => 0
            [symbol] => B1
        )

    [9] => Array
        (
            [round_res] => B
            [is_tie] => 1
            [symbol] => T1
        )

    [10] => Array
        (
            [round_res] => B
            [is_tie] => 1
            [symbol] => T1
        )

    [11] => Array
        (
            [round_res] => B
            [is_tie] => 1
            [symbol] => T1
        )

    [12] => Array
        (
            [round_res] => B
            [is_tie] => 0
            [symbol] => B1
        )

    [13] => Array
        (
            [round_res] => B
            [is_tie] => 1
            [symbol] => T1
        )

)
[2024-01-28 04:13:17] SERVER > Accepting new Client...
